Component: ARM Compiler 5.06 update 1 (build 61) Tool: armlink [4d35a8]

==============================================================================

Section Cross References

    main.o(.text) refers to rt_cmsis.o(i.osKernelInitialize) for osKernelInitialize
    main.o(.text) refers to stm32f4xx_hal.o(.text) for HAL_Init
    main.o(.text) refers to system_config.o(.text) for SystemClock_Config
    main.o(.text) refers to thread_led.o(.text) for initializeLED_IO
    main.o(.text) refers to rt_cmsis.o(i.osKernelStart) for osKernelStart
    main.o(.text) refers to rt_time.o(.data) for os_time
    thread_led.o(.text) refers to rt_cmsis.o(i.osThreadCreate) for osThreadCreate
    thread_led.o(.text) refers to rt_cmsis.o(i.osDelay) for osDelay
    thread_led.o(.text) refers to stm32f4xx_hal_gpio.o(.text) for HAL_GPIO_TogglePin
    thread_led.o(.text) refers to thread_led.o(.constdata) for os_thread_def_Thread_LED
    thread_led.o(.text) refers to thread_led.o(.data) for tid_Thread_LED
    thread_led.o(.text) refers to thread_led.o(.bss) for LED_configuration
    thread_led.o(.constdata) refers to thread_led.o(.text) for Thread_LED
    supporting_functions.o(.text) refers to printfb.o(i.__0printf$bare) for __2printf
    system_config.o(.text) refers to stm32f4xx_hal_rcc.o(.text) for HAL_RCC_OscConfig
    system_config.o(.text) refers to memcpya.o(.text) for __aeabi_memcpy4
    system_config.o(.text) refers to stm32f4xx_hal_tim.o(.text) for HAL_TIM_Base_Init
    system_config.o(.text) refers to printfb.o(i.__0printf$bare) for __2printf
    system_config.o(.text) refers to stm32f4xx_hal_cortex.o(.text) for HAL_NVIC_EnableIRQ
    system_config.o(.text) refers to stm32f4xx_hal_adc.o(.text) for HAL_ADC_Init
    system_config.o(.text) refers to supporting_functions.o(.text) for Error_Handler
    system_config.o(.text) refers to stm32f4xx_hal_gpio.o(.text) for HAL_GPIO_Init
    system_config.o(.text) refers to main.o(.bss) for TIM_Base_InitStruct
    kalman_filter.o(.text) refers to dadd.o(.text) for __aeabi_dadd
    kalman_filter.o(.text) refers to ddiv.o(.text) for __aeabi_ddiv
    kalman_filter.o(.text) refers to dmul.o(.text) for __aeabi_dmul
    kalman_filter.o(.text) refers to cdcmple.o(.text) for __aeabi_cdcmpeq
    lis3dsh.o(.text) refers to stm32f4xx_hal_gpio.o(.text) for HAL_GPIO_WritePin
    lis3dsh.o(.text) refers to stm32f4xx_hal_spi.o(.text) for HAL_SPI_DeInit
    lis3dsh.o(.text) refers to printfb.o(i.__0printf$bare) for __2printf
    lis3dsh.o(.text) refers to lis3dsh.o(.data) for LIS3DSHTimeout
    lis3dsh.o(.text) refers to lis3dsh.o(.bss) for SpiHandle
    rtx_conf_cm.o(.ARM.Collect$$$$000000FF) refers to rt_cmsis.o(i.osKernelInitialize) for osKernelInitialize
    rtx_conf_cm.o(.ARM.Collect$$$$000000FF) refers to rt_cmsis.o(i.osThreadCreate) for osThreadCreate
    rtx_conf_cm.o(.ARM.Collect$$$$000000FF) refers to rt_cmsis.o(i.osKernelStart) for osKernelStart
    rtx_conf_cm.o(.ARM.Collect$$$$000000FF) refers to rtx_conf_cm.o(.data) for .data
    rtx_conf_cm.o(.constdata) refers to rt_cmsis.o(i.osTimerThread) for osTimerThread
    rtx_conf_cm.o(.constdata) refers to rtx_conf_cm.o(.bss) for os_messageQ_q_osTimerMessageQ
    rtx_conf_cm.o(.data) refers to main.o(.text) for main
    stm32f4xx_hal.o(.text) refers to stm32f4xx_hal_rcc.o(.text) for HAL_RCC_GetHCLKFreq
    stm32f4xx_hal.o(.text) refers to stm32f4xx_hal_cortex.o(.text) for HAL_SYSTICK_Config
    stm32f4xx_hal.o(.text) refers to main.o(.text) for HAL_GetTick
    stm32f4xx_hal.o(.text) refers to stm32f4xx_hal.o(.data) for uwTick
    stm32f4xx_hal_adc.o(.text) refers to main.o(.text) for HAL_GetTick
    stm32f4xx_hal_adc.o(.text) refers to system_stm32f4xx.o(.data) for SystemCoreClock
    stm32f4xx_hal_adc.o(.text) refers to stm32f4xx_hal_adc_ex.o(.text) for HAL_ADCEx_InjectedConvCpltCallback
    stm32f4xx_hal_adc.o(.text) refers to stm32f4xx_hal_dma.o(.text) for HAL_DMA_Start_IT
    stm32f4xx_hal_adc_ex.o(.text) refers to main.o(.text) for HAL_GetTick
    stm32f4xx_hal_adc_ex.o(.text) refers to stm32f4xx_hal_adc.o(.text) for HAL_ADC_ErrorCallback
    stm32f4xx_hal_adc_ex.o(.text) refers to stm32f4xx_hal_dma.o(.text) for HAL_DMA_Start_IT
    stm32f4xx_hal_adc_ex.o(.text) refers to system_stm32f4xx.o(.data) for SystemCoreClock
    stm32f4xx_hal_dma.o(.text) refers to main.o(.text) for HAL_GetTick
    stm32f4xx_hal_dma.o(.text) refers to stm32f4xx_hal_dma.o(.constdata) for flagBitshiftOffset
    stm32f4xx_hal_pwr_ex.o(.text) refers to main.o(.text) for HAL_GetTick
    stm32f4xx_hal_rcc.o(.text) refers to main.o(.text) for HAL_GetTick
    stm32f4xx_hal_rcc.o(.text) refers to stm32f4xx_hal.o(.text) for HAL_InitTick
    stm32f4xx_hal_rcc.o(.text) refers to stm32f4xx_hal_gpio.o(.text) for HAL_GPIO_Init
    stm32f4xx_hal_rcc.o(.text) refers to stm32f4xx_hal_rcc.o(.constdata) for APBAHBPrescTable
    stm32f4xx_hal_rcc.o(.text) refers to system_stm32f4xx.o(.data) for SystemCoreClock
[...]
    C:\Keil_v5\ARM\PACK\Keil\STM32F4xx_DFP\2.7.0\Drivers\STM32F4xx_HAL_Driver\Src\stm32f4xx_hal_uart.c 0x00000000   Number         0  stm32f4xx_hal_uart.o ABSOLUTE
    C:\Keil_v5\ARM\PACK\Keil\STM32F4xx_DFP\2.7.0\Drivers\STM32F4xx_HAL_Driver\Src\stm32f4xx_hal_usart.c 0x00000000   Number         0  stm32f4xx_hal_usart.o ABSOLUTE
    C:\\Keil_v5\\ARM\\PACK\\Keil\\STM32F4xx_DFP\\2.7.0\\Drivers\\STM32F4xx_HAL_Driver\\Src\\stm32f4xx_hal.c 0x00000000   Number         0  stm32f4xx_hal.o ABSOLUTE
    C:\\Keil_v5\\ARM\\PACK\\Keil\\STM32F4xx_DFP\\2.7.0\\Drivers\\STM32F4xx_HAL_Driver\\Src\\stm32f4xx_hal_adc.c 0x00000000   Number         0  stm32f4xx_hal_adc.o ABSOLUTE
    C:\\Keil_v5\\ARM\\PACK\\Keil\\STM32F4xx_DFP\\2.7.0\\Drivers\\STM32F4xx_HAL_Driver\\Src\\stm32f4xx_hal_adc_ex.c 0x00000000   Number         0  stm32f4xx_hal_adc_ex.o ABSOLUTE
    C:\\Keil_v5\\ARM\\PACK\\Keil\\STM32F4xx_DFP\\2.7.0\\Drivers\\STM32F4xx_HAL_Driver\\Src\\stm32f4xx_hal_cortex.c 0x00000000   Number         0  stm32f4xx_hal_cortex.o ABSOLUTE
    C:\\Keil_v5\\ARM\\PACK\\Keil\\STM32F4xx_DFP\\2.7.0\\Drivers\\STM32F4xx_HAL_Driver\\Src\\stm32f4xx_hal_dma.c 0x00000000   Number         0  stm32f4xx_hal_dma.o ABSOLUTE
    C:\\Keil_v5\\ARM\\PACK\\Keil\\STM32F4xx_DFP\\2.7.0\\Drivers\\STM32F4xx_HAL_Driver\\Src\\stm32f4xx_hal_dma_ex.c 0x00000000   Number         0  stm32f4xx_hal_dma_ex.o ABSOLUTE
    C:\\Keil_v5\\ARM\\PACK\\Keil\\STM32F4xx_DFP\\2.7.0\\Drivers\\STM32F4xx_HAL_Driver\\Src\\stm32f4xx_hal_gpio.c 0x00000000   Number         0  stm32f4xx_hal_gpio.o ABSOLUTE
    C:\\Keil_v5\\ARM\\PACK\\Keil\\STM32F4xx_DFP\\2.7.0\\Drivers\\STM32F4xx_HAL_Driver\\Src\\stm32f4xx_hal_pwr.c 0x00000000   Number         0  stm32f4xx_hal_pwr.o ABSOLUTE
    C:\\Keil_v5\\ARM\\PACK\\Keil\\STM32F4xx_DFP\\2.7.0\\Drivers\\STM32F4xx_HAL_Driver\\Src\\stm32f4xx_hal_pwr_ex.c 0x00000000   Number         0  stm32f4xx_hal_pwr_ex.o ABSOLUTE
    C:\\Keil_v5\\ARM\\PACK\\Keil\\STM32F4xx_DFP\\2.7.0\\Drivers\\STM32F4xx_HAL_Driver\\Src\\stm32f4xx_hal_rcc.c 0x00000000   Number         0  stm32f4xx_hal_rcc.o ABSOLUTE
    C:\\Keil_v5\\ARM\\PACK\\Keil\\STM32F4xx_DFP\\2.7.0\\Drivers\\STM32F4xx_HAL_Driver\\Src\\stm32f4xx_hal_rcc_ex.c 0x00000000   Number         0  stm32f4xx_hal_rcc_ex.o ABSOLUTE
    C:\\Keil_v5\\ARM\\PACK\\Keil\\STM32F4xx_DFP\\2.7.0\\Drivers\\STM32F4xx_HAL_Driver\\Src\\stm32f4xx_hal_spi.c 0x00000000   Number         0  stm32f4xx_hal_spi.o ABSOLUTE
    C:\\Keil_v5\\ARM\\PACK\\Keil\\STM32F4xx_DFP\\2.7.0\\Drivers\\STM32F4xx_HAL_Driver\\Src\\stm32f4xx_hal_tim.c 0x00000000   Number         0  stm32f4xx_hal_tim.o ABSOLUTE
    C:\\Keil_v5\\ARM\\PACK\\Keil\\STM32F4xx_DFP\\2.7.0\\Drivers\\STM32F4xx_HAL_Driver\\Src\\stm32f4xx_hal_tim_ex.c 0x00000000   Number         0  stm32f4xx_hal_tim_ex.o ABSOLUTE
    C:\\Keil_v5\\ARM\\PACK\\Keil\\STM32F4xx_DFP\\2.7.0\\Drivers\\STM32F4xx_HAL_Driver\\Src\\stm32f4xx_hal_uart.c 0x00000000   Number         0  stm32f4xx_hal_uart.o ABSOLUTE
    C:\\Keil_v5\\ARM\\PACK\\Keil\\STM32F4xx_DFP\\2.7.0\\Drivers\\STM32F4xx_HAL_Driver\\Src\\stm32f4xx_hal_usart.c 0x00000000   Number         0  stm32f4xx_hal_usart.o ABSOLUTE
    HAL_CM4.c                                0x00000000   Number         0  hal_cm4.o ABSOLUTE
    HAL_CM4.c                                0x00000000   Number         0  hal_cm4.o ABSOLUTE
    RTE\CMSIS\RTX_Conf_CM.c                  0x00000000   Number         0  rtx_conf_cm.o ABSOLUTE
    RTE\Device\STM32F407VGTx\startup_stm32f407xx.s 0x00000000   Number         0  startup_stm32f407xx.o ABSOLUTE
    RTE\Device\STM32F407VGTx\system_stm32f4xx.c 0x00000000   Number         0  system_stm32f4xx.o ABSOLUTE
    RTE\\Device\\STM32F407VGTx\\system_stm32f4xx.c 0x00000000   Number         0  system_stm32f4xx.o ABSOLUTE
    SVC_Table.s                              0x00000000   Number         0  svc_table.o ABSOLUTE
    Sources\Thread_LED.c                     0x00000000   Number         0  thread_led.o ABSOLUTE
    Sources\\Thread_LED.c                    0x00000000   Number         0  thread_led.o ABSOLUTE
    Sources\\main.c                          0x00000000   Number         0  main.o ABSOLUTE
    Sources\\system_config.c                 0x00000000   Number         0  system_config.o ABSOLUTE
    Sources\kalman_filter.c                  0x00000000   Number         0  kalman_filter.o ABSOLUTE
    Sources\main.c                           0x00000000   Number         0  main.o ABSOLUTE
    Sources\supporting_functions.c           0x00000000   Number         0  supporting_functions.o ABSOLUTE
    Sources\system_config.c                  0x00000000   Number         0  system_config.o ABSOLUTE
    cdcmple.s                                0x00000000   Number         0  cdcmple.o ABSOLUTE
    cdrcmple.s                               0x00000000   Number         0  cdrcmple.o ABSOLUTE
    dc.s                                     0x00000000   Number         0  dc.o ABSOLUTE
    handlers.s                               0x00000000   Number         0  handlers.o ABSOLUTE
    init.s                                   0x00000000   Number         0  init.o ABSOLUTE
    RESET                                    0x08000000   Section      392  startup_stm32f407xx.o(RESET)
    .ARM.Collect$$$$00000000                 0x08000188   Section        0  entry.o(.ARM.Collect$$$$00000000)
    .ARM.Collect$$$$00000001                 0x08000188   Section        4  entry2.o(.ARM.Collect$$$$00000001)
    .ARM.Collect$$$$00000004                 0x0800018c   Section        4  entry5.o(.ARM.Collect$$$$00000004)
    .ARM.Collect$$$$00000008                 0x08000190   Section        0  entry7b.o(.ARM.Collect$$$$00000008)
    .ARM.Collect$$$$0000000A                 0x08000190   Section        0  entry8b.o(.ARM.Collect$$$$0000000A)
    .ARM.Collect$$$$0000000D                 0x08000190   Section        0  entry10a.o(.ARM.Collect$$$$0000000D)
    .ARM.Collect$$$$0000000F                 0x08000190   Section        0  entry11a.o(.ARM.Collect$$$$0000000F)
    .ARM.Collect$$$$000000FF                 0x08000190   Section        0  rtx_conf_cm.o(.ARM.Collect$$$$000000FF)
    .ARM.Collect$$$$00002712                 0x080001a8   Section        4  entry2.o(.ARM.Collect$$$$00002712)
    __lit__00000000                          0x080001a8   Data           4  entry2.o(.ARM.Collect$$$$00002712)
    .emb_text                                0x080001ac   Section      408  hal_cm4.o(.emb_text)
    $v0                                      0x080001ac   Number         0  hal_cm4.o(.emb_text)
    .text                                    0x08000344   Section        0  main.o(.text)
    .text                                    0x08000374   Section        0  thread_led.o(.text)
    .text                                    0x080003fc   Section        0  supporting_functions.o(.text)
    .text                                    0x0800057c   Section        0  system_config.o(.text)
    .text                                    0x08000858   Section        0  rtx_conf_cm.o(.text)
    .text                                    0x08000880   Section        0  stm32f4xx_hal.o(.text)
    .text                                    0x08000a30   Section        0  stm32f4xx_hal_adc.o(.text)
    ADC_Init                                 0x08000a31   Thumb Code   362  stm32f4xx_hal_adc.o(.text)
    ADC_DMAError                             0x0800103d   Thumb Code    28  stm32f4xx_hal_adc.o(.text)
    ADC_DMAHalfConvCplt                      0x0800105b   Thumb Code    14  stm32f4xx_hal_adc.o(.text)
    ADC_DMAConvCplt                          0x08001069   Thumb Code    36  stm32f4xx_hal_adc.o(.text)
    .text                                    0x080013cc   Section        0  stm32f4xx_hal_adc_ex.o(.text)
    ADC_MultiModeDMAError                    0x0800169d   Thumb Code    28  stm32f4xx_hal_adc_ex.o(.text)
    ADC_MultiModeDMAHalfConvCplt             0x080016b9   Thumb Code    14  stm32f4xx_hal_adc_ex.o(.text)
    ADC_MultiModeDMAConvCplt                 0x080016c7   Thumb Code    36  stm32f4xx_hal_adc_ex.o(.text)
    .text                                    0x08001aec   Section        0  stm32f4xx_hal_cortex.o(.text)
    NVIC_SetPriority                         0x08001aed   Thumb Code    32  stm32f4xx_hal_cortex.o(.text)
    NVIC_GetPriorityGrouping                 0x08001df1   Thumb Code    12  stm32f4xx_hal_cortex.o(.text)
    .text                                    0x08001e10   Section        0  stm32f4xx_hal_dma.o(.text)
    DMA_CalcBaseAndBitshift                  0x08001e11   Thumb Code    46  stm32f4xx_hal_dma.o(.text)
    DMA_SetConfig                            0x08001f23   Thumb Code    44  stm32f4xx_hal_dma.o(.text)
    .text                                    0x08002428   Section        0  stm32f4xx_hal_gpio.o(.text)
    .text                                    0x080027f4   Section        0  stm32f4xx_hal_rcc.o(.text)
    .text                                    0x08003240   Section        0  stm32f4xx_hal_tim.o(.text)
    TIM_DMAPeriodElapsedCplt                 0x0800343b   Thumb Code    20  stm32f4xx_hal_tim.o(.text)
    TIM_OC4_SetConfig                        0x08004b0b   Thumb Code    88  stm32f4xx_hal_tim.o(.text)
    TIM_OC3_SetConfig                        0x08004b63   Thumb Code   122  stm32f4xx_hal_tim.o(.text)
    TIM_OC1_SetConfig                        0x08004c4d   Thumb Code   102  stm32f4xx_hal_tim.o(.text)
    TIM_TI4_SetConfig                        0x08004d27   Thumb Code    64  stm32f4xx_hal_tim.o(.text)
    TIM_TI3_SetConfig                        0x08004d67   Thumb Code    60  stm32f4xx_hal_tim.o(.text)
    TIM_TI2_SetConfig                        0x08004da3   Thumb Code    62  stm32f4xx_hal_tim.o(.text)
    TIM_DMATriggerCplt                       0x0800517f   Thumb Code    20  stm32f4xx_hal_tim.o(.text)
    TIM_ETR_SetConfig                        0x080055a5   Thumb Code    24  stm32f4xx_hal_tim.o(.text)
    TIM_ITRx_SetConfig                       0x080056b9   Thumb Code    20  stm32f4xx_hal_tim.o(.text)
    TIM_TI1_ConfigInputStage                 0x080056cd   Thumb Code    42  stm32f4xx_hal_tim.o(.text)
    TIM_TI2_ConfigInputStage                 0x080056f7   Thumb Code    44  stm32f4xx_hal_tim.o(.text)
    TIM_SlaveTimer_SetConfig                 0x0800586d   Thumb Code   164  stm32f4xx_hal_tim.o(.text)
    .text                                    0x08005a40   Section        0  stm32f4xx_hal_tim_ex.o(.text)
    TIM_CCxNChannelCmd                       0x08005cc1   Thumb Code    28  stm32f4xx_hal_tim_ex.o(.text)
    .text                                    0x080067c8   Section       36  startup_stm32f407xx.o(.text)
    $v0                                      0x080067c8   Number         0  startup_stm32f407xx.o(.text)
    .text                                    0x080067ec   Section        0  system_stm32f4xx.o(.text)
    .text                                    0x0800690c   Section        0  memcpya.o(.text)
    .text                                    0x08006930   Section       36  init.o(.text)
    .text                                    0x08006954   Section        0  semi.o(.text)
    .text                                    0x08006954   Section        0  iusesemip.o(.text)
    SVC_TABLE                                0x08006954   Section        4  svc_table.o(SVC_TABLE)
    i.__0printf$bare                         0x08006958   Section        0  printfb.o(i.__0printf$bare)
    i.__scatterload_copy                     0x08006968   Section       14  handlers.o(i.__scatterload_copy)
    i.__scatterload_null                     0x08006976   Section        2  handlers.o(i.__scatterload_null)
    i.__scatterload_zeroinit                 0x08006978   Section       14  handlers.o(i.__scatterload_zeroinit)
    i._init_box                              0x08006986   Section        0  rt_membox.o(i._init_box)
    i._printf_core                           0x080069cc   Section        0  printfb.o(i._printf_core)
    _printf_core                             0x080069cd   Thumb Code    34  printfb.o(i._printf_core)
    i.dbg_init                               0x080069f0   Section        0  hal_cm.o(i.dbg_init)
    i.dbg_task_notify                        0x08006a20   Section        0  hal_cm.o(i.dbg_task_notify)
    i.dbg_task_switch                        0x08006a40   Section        0  hal_cm.o(i.dbg_task_switch)
    i.fputc                                  0x08006a50   Section        0  fputc.o(i.fputc)
    i.isrMessageGet                          0x08006a62   Section        0  rt_cmsis.o(i.isrMessageGet)
    i.isrMessagePut                          0x08006a8c   Section        0  rt_cmsis.o(i.isrMessagePut)
    i.isr_mbx_receive                        0x08006ab8   Section        0  rt_mailbox.o(i.isr_mbx_receive)
    i.isr_mbx_send                           0x08006b0a   Section        0  rt_mailbox.o(i.isr_mbx_send)
    i.osDelay                                0x08006b18   Section        0  rt_cmsis.o(i.osDelay)
    i.osKernelInitialize                     0x08006b30   Section        0  rt_cmsis.o(i.osKernelInitialize)
    i.osKernelStart                          0x08006b54   Section        0  rt_cmsis.o(i.osKernelStart)
    i.osMessageGet                           0x08006bc0   Section        0  rt_cmsis.o(i.osMessageGet)
    i.osThreadCreate                         0x08006bd8   Section        0  rt_cmsis.o(i.osThreadCreate)
    i.osThreadExit                           0x08006c08   Section        0  rt_cmsis.o(i.osThreadExit)
    i.osTimerCall                            0x08006c20   Section        0  rt_cmsis.o(i.osTimerCall)
    i.osTimerThread                          0x08006c2c   Section        0  rt_cmsis.o(i.osTimerThread)
    i.os_tick_init                           0x08006c58   Section        0  rt_system.o(i.os_tick_init)
    i.os_tick_irqack                         0x08006c80   Section        0  rt_system.o(i.os_tick_irqack)
    i.rt_alloc_box                           0x08006c82   Section        0  rt_membox.o(i.rt_alloc_box)
    i.rt_alloc_mem                           0x08006c9c   Section        0  rt_memory.o(i.rt_alloc_mem)
    i.rt_block                               0x08006cdc   Section        0  rt_task.o(i.rt_block)
    i.rt_chk_robin                           0x08006d14   Section        0  rt_robin.o(i.rt_chk_robin)
    i.rt_dec_dly                             0x08006d5c   Section        0  rt_list.o(i.rt_dec_dly)
    i.rt_dispatch                            0x08006dcc   Section        0  rt_task.o(i.rt_dispatch)
    i.rt_dly_wait                            0x08006e10   Section        0  rt_time.o(i.rt_dly_wait)
    i.rt_evt_psh                             0x08006e18   Section        0  rt_event.o(i.rt_evt_psh)
    i.rt_free_box                            0x08006e68   Section        0  rt_membox.o(i.rt_free_box)
    i.rt_free_mem                            0x08006e94   Section        0  rt_memory.o(i.rt_free_mem)
    i.rt_get_first                           0x08006ebc   Section        0  rt_list.o(i.rt_get_first)
    i.rt_id2obj                              0x08006ee4   Section        0  rt_cmsis.o(i.rt_id2obj)
    rt_id2obj                                0x08006ee5   Thumb Code     8  rt_cmsis.o(i.rt_id2obj)
    i.rt_init_context                        0x08006eec   Section        0  rt_task.o(i.rt_init_context)
    rt_init_context                          0x08006eed   Thumb Code    66  rt_task.o(i.rt_init_context)
    i.rt_init_mem                            0x08006f34   Section        0  rt_memory.o(i.rt_init_mem)
    i.rt_init_robin                          0x08006f50   Section        0  rt_robin.o(i.rt_init_robin)
    i.rt_init_stack                          0x08006f68   Section        0  hal_cm.o(i.rt_init_stack)
    i.rt_mbx_check                           0x08006fe8   Section        0  rt_mailbox.o(i.rt_mbx_check)
    i.rt_mbx_init                            0x08006ff0   Section        0  rt_mailbox.o(i.rt_mbx_init)
    i.rt_mbx_psh                             0x0800700c   Section        0  rt_mailbox.o(i.rt_mbx_psh)
    i.rt_mbx_wait                            0x080070fc   Section        0  rt_mailbox.o(i.rt_mbx_wait)
    i.rt_ms2tick                             0x080071b0   Section        0  rt_cmsis.o(i.rt_ms2tick)
    rt_ms2tick                               0x080071b1   Thumb Code    58  rt_cmsis.o(i.rt_ms2tick)
    i.rt_pop_req                             0x080071f4   Section        0  rt_system.o(i.rt_pop_req)
    i.rt_psh_req                             0x08007270   Section        0  rt_system.o(i.rt_psh_req)
    i.rt_psq_enq                             0x08007290   Section        0  rt_list.o(i.rt_psq_enq)
    i.rt_put_dly                             0x080072ec   Section        0  rt_list.o(i.rt_put_dly)
    i.rt_put_prio                            0x08007334   Section        0  rt_list.o(i.rt_put_prio)
    i.rt_put_rdy_first                       0x0800736c   Section        0  rt_list.o(i.rt_put_rdy_first)
    i.rt_resort_prio                         0x08007380   Section        0  rt_list.o(i.rt_resort_prio)
    i.rt_ret_regs                            0x080073b4   Section        0  hal_cm.o(i.rt_ret_regs)
    rt_ret_regs                              0x080073b5   Thumb Code    16  hal_cm.o(i.rt_ret_regs)
    i.rt_ret_val                             0x080073c4   Section        0  hal_cm.o(i.rt_ret_val)
    i.rt_ret_val2                            0x080073d0   Section        0  hal_cm.o(i.rt_ret_val2)
    i.rt_rmv_dly                             0x080073e0   Section        0  rt_list.o(i.rt_rmv_dly)
    i.rt_rmv_list                            0x08007408   Section        0  rt_list.o(i.rt_rmv_list)
    i.rt_sem_psh                             0x08007438   Section        0  rt_semaphore.o(i.rt_sem_psh)
    i.rt_stk_check                           0x0800746c   Section        0  rt_system.o(i.rt_stk_check)
    i.rt_switch_req                          0x08007490   Section        0  rt_task.o(i.rt_switch_req)
    i.rt_sys_init                            0x080074b8   Section        0  rt_task.o(i.rt_sys_init)
    i.rt_sys_start                           0x08007584   Section        0  rt_task.o(i.rt_sys_start)
    i.rt_systick                             0x080075fc   Section        0  rt_system.o(i.rt_systick)
    i.rt_tid2ptcb                            0x0800763c   Section        0  rt_cmsis.o(i.rt_tid2ptcb)
    rt_tid2ptcb                              0x0800763d   Thumb Code    18  rt_cmsis.o(i.rt_tid2ptcb)
    i.rt_timer_insert                        0x08007650   Section        0  rt_cmsis.o(i.rt_timer_insert)
    rt_timer_insert                          0x08007651   Thumb Code    48  rt_cmsis.o(i.rt_timer_insert)
    i.rt_tsk_create                          0x08007684   Section        0  rt_task.o(i.rt_tsk_create)
    i.rt_tsk_delete                          0x0800770c   Section        0  rt_task.o(i.rt_tsk_delete)
    i.rt_tsk_prio                            0x08007888   Section        0  rt_task.o(i.rt_tsk_prio)
    i.rt_tsk_self                            0x08007904   Section        0  rt_task.o(i.rt_tsk_self)
    i.svcDelay                               0x08007914   Section        0  rt_cmsis.o(i.svcDelay)
    i.svcKernelInitialize                    0x08007928   Section        0  rt_cmsis.o(i.svcKernelInitialize)
    i.svcKernelStart                         0x08007998   Section        0  rt_cmsis.o(i.svcKernelStart)
    i.svcMessageCreate                       0x080079e0   Section        0  rt_cmsis.o(i.svcMessageCreate)
    i.svcMessageGet                          0x08007a04   Section        0  rt_cmsis.o(i.svcMessageGet)
    i.svcThreadCreate                        0x08007a40   Section        0  rt_cmsis.o(i.svcThreadCreate)
    i.svcThreadGetId                         0x08007ab0   Section        0  rt_cmsis.o(i.svcThreadGetId)
    i.svcThreadTerminate                     0x08007acc   Section        0  rt_cmsis.o(i.svcThreadTerminate)
    i.svcTimerCall                           0x08007b04   Section        0  rt_cmsis.o(i.svcTimerCall)
    i.sysTimerTick                           0x08007b1c   Section        0  rt_cmsis.o(i.sysTimerTick)
    .constdata                               0x08007b78   Section       16  thread_led.o(.constdata)
    .constdata                               0x08007b88   Section       86  rtx_conf_cm.o(.constdata)
    __tagsym$$used                           0x08007ba4   Number         0  rtx_conf_cm.o(.constdata)
    __tagsym$$used                           0x08007ba8   Number         0  rtx_conf_cm.o(.constdata)
    __tagsym$$used                           0x08007bac   Number         0  rtx_conf_cm.o(.constdata)
    __tagsym$$used                           0x08007bb0   Number         0  rtx_conf_cm.o(.constdata)
    .constdata                               0x08007bde   Section        8  stm32f4xx_hal_dma.o(.constdata)
    flagBitshiftOffset                       0x08007bde   Data           8  stm32f4xx_hal_dma.o(.constdata)
    .constdata                               0x08007be6   Section       16  stm32f4xx_hal_rcc.o(.constdata)
    .constdata                               0x08007bf6   Section       16  system_stm32f4xx.o(.constdata)
    .data                                    0x20000000   Section        4  thread_led.o(.data)
    .data                                    0x20000004   Section       32  rtx_conf_cm.o(.data)
    .data                                    0x20000024   Section        4  stm32f4xx_hal.o(.data)
    uwTick                                   0x20000024   Data           4  stm32f4xx_hal.o(.data)
    .data                                    0x20000028   Section        4  system_stm32f4xx.o(.data)
    .data                                    0x2000002c   Section        8  rt_cmsis.o(.data)
    .data                                    0x20000034   Section        4  rt_time.o(.data)
    .data                                    0x20000038   Section        8  rt_task.o(.data)
    .data                                    0x20000040   Section        8  rt_system.o(.data)
    os_lock                                  0x20000040   Data           1  rt_system.o(.data)
    os_psh_flag                              0x20000041   Data           1  rt_system.o(.data)
    pend_flags                               0x20000042   Data           1  rt_system.o(.data)
    .data                                    0x20000048   Section        1  hal_cm.o(.data)
    .data                                    0x2000004c   Section        8  rt_robin.o(.data)
    .data                                    0x20000054   Section        4  stdout.o(.data)
    .bss                                     0x20000058   Section      272  main.o(.bss)
    .bss                                     0x20000168   Section       20  thread_led.o(.bss)
    .bss                                     0x20000180   Section     6640  rtx_conf_cm.o(.bss)
    .bss                                     0x20001b70   Section       52  rt_task.o(.bss)
    .bss                                     0x20001ba4   Section       48  rt_list.o(.bss)
    STACK                                    0x20001bd8   Section     1024  startup_stm32f407xx.o(STACK)

    Global Symbols

    Symbol Name                              Value     Ov Type        Size  Object(Section)

    BuildAttributes$$THM_ISAv4$E$P$D$K$B$S$7EM$VFPi3$EXTD16$VFPS$VFMA$PE$A:L22UL41UL21$X:L11$S22US41US21$IEEE1$IW$USESV6$~STKCKD$USESV7$~SHL$OSPACE$ROPI$EBA8$MICROLIB$REQ8$PRES8$EABIv2 0x00000000   Number         0  anon$$obj.o ABSOLUTE
    __ARM_use_no_argv                        0x00000000   Number         0  main.o ABSOLUTE
    __cpp_initialize__aeabi_                  - Undefined Weak Reference
    __cxa_finalize                            - Undefined Weak Reference
    __decompress                              - Undefined Weak Reference
    _clock_init                               - Undefined Weak Reference
    _microlib_exit                            - Undefined Weak Reference
    __Vectors_Size                           0x00000188   Number         0  startup_stm32f407xx.o ABSOLUTE
    __RL_RTX_VER                             0x00000480   Number         0  rt_system.o ABSOLUTE
    __Vectors                                0x08000000   Data           4  startup_stm32f407xx.o(RESET)
    __Vectors_End                            0x08000188   Data           0  startup_stm32f407xx.o(RESET)
    __main                                   0x08000189   Thumb Code     0  entry.o(.ARM.Collect$$$$00000000)
    _main_stk                                0x08000189   Thumb Code     0  entry2.o(.ARM.Collect$$$$00000001)
    _main_scatterload                        0x0800018d   Thumb Code     0  entry5.o(.ARM.Collect$$$$00000004)
    __main_after_scatterload                 0x08000191   Thumb Code     0  entry5.o(.ARM.Collect$$$$00000004)
    __rt_final_cpp                           0x08000191   Thumb Code     0  entry10a.o(.ARM.Collect$$$$0000000D)
    __rt_final_exit                          0x08000191   Thumb Code     0  entry11a.o(.ARM.Collect$$$$0000000F)
    _main_clock                              0x08000191   Thumb Code     0  entry7b.o(.ARM.Collect$$$$00000008)
    _main_cpp_init                           0x08000191   Thumb Code     0  entry8b.o(.ARM.Collect$$$$0000000A)
    _main_init                               0x08000191   Thumb Code    18  rtx_conf_cm.o(.ARM.Collect$$$$000000FF)
    rt_set_PSP                               0x080001ad   Thumb Code     6  hal_cm4.o(.emb_text)
    rt_get_PSP                               0x080001b3   Thumb Code     6  hal_cm4.o(.emb_text)
    os_set_env                               0x080001b9   Thumb Code    24  hal_cm4.o(.emb_text)
    _alloc_box                               0x080001d5   Thumb Code    28  hal_cm4.o(.emb_text)
    _free_box                                0x080001f5   Thumb Code    28  hal_cm4.o(.emb_text)
    SVC_Handler                              0x08000215   Thumb Code   168  hal_cm4.o(.emb_text)
    PendSV_Handler                           0x080002cd   Thumb Code    96  hal_cm4.o(.emb_text)
    SysTick_Handler                          0x08000331   Thumb Code     8  hal_cm4.o(.emb_text)
    OS_Tick_Handler                          0x08000339   Thumb Code    12  hal_cm4.o(.emb_text)
    HAL_GetTick                              0x08000345   Thumb Code     6  main.o(.text)
    main                                     0x0800034b   Thumb Code    38  main.o(.text)
    start_Thread_LED                         0x08000375   Thumb Code    30  thread_led.o(.text)
    Thread_LED                               0x08000393   Thumb Code    22  thread_led.o(.text)
    initializeLED_IO                         0x080003a9   Thumb Code    62  thread_led.o(.text)
    Error_Handler                            0x080003fd   Thumb Code    78  supporting_functions.o(.text)
    SystemClock_Config                       0x0800057d   Thumb Code   142  system_config.o(.text)
    TIM3_Config                              0x0800060b   Thumb Code   124  system_config.o(.text)
    ADC_Config                               0x08000687   Thumb Code   150  system_config.o(.text)
    GPIO_Config                              0x0800071d   Thumb Code   178  system_config.o(.text)
    os_idle_demon                            0x08000859   Thumb Code     4  rtx_conf_cm.o(.text)
    os_error                                 0x0800085d   Thumb Code    34  rtx_conf_cm.o(.text)
    HAL_MspInit                              0x08000881   Thumb Code    10  stm32f4xx_hal.o(.text)
    HAL_InitTick                             0x0800088b   Thumb Code    36  stm32f4xx_hal.o(.text)
    HAL_Init                                 0x080008af   Thumb Code    54  stm32f4xx_hal.o(.text)
    HAL_MspDeInit                            0x080008e5   Thumb Code    10  stm32f4xx_hal.o(.text)
    HAL_DeInit                               0x080008ef   Thumb Code    64  stm32f4xx_hal.o(.text)
    HAL_IncTick                              0x0800092f   Thumb Code    12  stm32f4xx_hal.o(.text)
    HAL_Delay                                0x08000941   Thumb Code    26  stm32f4xx_hal.o(.text)
    HAL_SuspendTick                          0x0800095b   Thumb Code    18  stm32f4xx_hal.o(.text)
    HAL_ResumeTick                           0x0800096d   Thumb Code    18  stm32f4xx_hal.o(.text)
    HAL_GetHalVersion                        0x0800097f   Thumb Code     4  stm32f4xx_hal.o(.text)
    HAL_GetREVID                             0x08000983   Thumb Code     8  stm32f4xx_hal.o(.text)
    HAL_GetDEVID                             0x0800098b   Thumb Code    10  stm32f4xx_hal.o(.text)
    HAL_DBGMCU_EnableDBGSleepMode            0x08000995   Thumb Code    14  stm32f4xx_hal.o(.text)
    HAL_DBGMCU_DisableDBGSleepMode           0x080009a3   Thumb Code    14  stm32f4xx_hal.o(.text)
    HAL_DBGMCU_EnableDBGStopMode             0x080009b1   Thumb Code    14  stm32f4xx_hal.o(.text)
    HAL_DBGMCU_DisableDBGStopMode            0x080009bf   Thumb Code    14  stm32f4xx_hal.o(.text)
    HAL_DBGMCU_EnableDBGStandbyMode          0x080009cd   Thumb Code    14  stm32f4xx_hal.o(.text)
    HAL_DBGMCU_DisableDBGStandbyMode         0x080009db   Thumb Code    14  stm32f4xx_hal.o(.text)
    HAL_EnableCompensationCell               0x080009e9   Thumb Code    22  stm32f4xx_hal.o(.text)
    HAL_DisableCompensationCell              0x080009ff   Thumb Code    24  stm32f4xx_hal.o(.text)
    HAL_ADC_MspInit                          0x08000b9b   Thumb Code     2  stm32f4xx_hal_adc.o(.text)
    HAL_ADC_Init                             0x08000b9d   Thumb Code    74  stm32f4xx_hal_adc.o(.text)
    HAL_ADC_MspDeInit                        0x08000be7   Thumb Code     2  stm32f4xx_hal_adc.o(.text)
    HAL_ADC_DeInit                           0x08000be9   Thumb Code    34  stm32f4xx_hal_adc.o(.text)
    HAL_ADC_Start                            0x08000c0b   Thumb Code   182  stm32f4xx_hal_adc.o(.text)
    HAL_ADC_Stop                             0x08000cc1   Thumb Code    24  stm32f4xx_hal_adc.o(.text)
    HAL_ADC_PollForConversion                0x08000cd9   Thumb Code   130  stm32f4xx_hal_adc.o(.text)
    HAL_ADC_PollForEvent                     0x08000d5b   Thumb Code   104  stm32f4xx_hal_adc.o(.text)
    HAL_ADC_Start_IT                         0x08000dc3   Thumb Code   232  stm32f4xx_hal_adc.o(.text)
    HAL_ADC_Stop_IT                          0x08000eab   Thumb Code    48  stm32f4xx_hal_adc.o(.text)
    HAL_ADC_ErrorCallback                    0x08000edb   Thumb Code     2  stm32f4xx_hal_adc.o(.text)
    HAL_ADC_LevelOutOfWindowCallback         0x08000edd   Thumb Code     2  stm32f4xx_hal_adc.o(.text)
    HAL_ADC_ConvCpltCallback                 0x08000edf   Thumb Code     2  stm32f4xx_hal_adc.o(.text)
    HAL_ADC_IRQHandler                       0x08000ee1   Thumb Code   348  stm32f4xx_hal_adc.o(.text)
    HAL_ADC_ConvHalfCpltCallback             0x08001059   Thumb Code     2  stm32f4xx_hal_adc.o(.text)
    HAL_ADC_Start_DMA                        0x0800108d   Thumb Code   186  stm32f4xx_hal_adc.o(.text)
    HAL_ADC_Stop_DMA                         0x08001147   Thumb Code    56  stm32f4xx_hal_adc.o(.text)
    HAL_ADC_GetValue                         0x0800117f   Thumb Code     8  stm32f4xx_hal_adc.o(.text)
    HAL_ADC_ConfigChannel                    0x08001187   Thumb Code   416  stm32f4xx_hal_adc.o(.text)
    HAL_ADC_AnalogWDGConfig                  0x08001327   Thumb Code   132  stm32f4xx_hal_adc.o(.text)
    HAL_ADC_GetState                         0x080013ab   Thumb Code     8  stm32f4xx_hal_adc.o(.text)
    HAL_ADC_GetError                         0x080013b3   Thumb Code     6  stm32f4xx_hal_adc.o(.text)
    HAL_ADCEx_InjectedStart                  0x080013cd   Thumb Code   230  stm32f4xx_hal_adc_ex.o(.text)
    HAL_ADCEx_InjectedStart_IT               0x080014b3   Thumb Code   258  stm32f4xx_hal_adc_ex.o(.text)
    HAL_ADCEx_InjectedStop                   0x080015b5   Thumb Code    24  stm32f4xx_hal_adc_ex.o(.text)
    HAL_ADCEx_InjectedPollForConversion      0x080015cd   Thumb Code    90  stm32f4xx_hal_adc_ex.o(.text)
    HAL_ADCEx_InjectedStop_IT                0x08001627   Thumb Code    48  stm32f4xx_hal_adc_ex.o(.text)
    HAL_ADCEx_InjectedGetValue               0x08001657   Thumb Code    70  stm32f4xx_hal_adc_ex.o(.text)
    HAL_ADCEx_MultiModeStart_DMA             0x080016eb   Thumb Code   206  stm32f4xx_hal_adc_ex.o(.text)
    HAL_ADCEx_MultiModeStop_DMA              0x080017b9   Thumb Code   116  stm32f4xx_hal_adc_ex.o(.text)
    HAL_ADCEx_MultiModeGetValue              0x0800182d   Thumb Code     8  stm32f4xx_hal_adc_ex.o(.text)
    HAL_ADCEx_InjectedConvCpltCallback       0x08001835   Thumb Code     2  stm32f4xx_hal_adc_ex.o(.text)
    HAL_ADCEx_InjectedConfigChannel          0x08001837   Thumb Code   552  stm32f4xx_hal_adc_ex.o(.text)
    HAL_ADCEx_MultiModeConfigChannel         0x08001a5f   Thumb Code   130  stm32f4xx_hal_adc_ex.o(.text)
    HAL_NVIC_SetPriorityGrouping             0x08001b0d   Thumb Code    36  stm32f4xx_hal_cortex.o(.text)
    HAL_NVIC_SetPriority                     0x08001b31   Thumb Code   124  stm32f4xx_hal_cortex.o(.text)
    HAL_NVIC_EnableIRQ                       0x08001bad   Thumb Code    26  stm32f4xx_hal_cortex.o(.text)
    HAL_NVIC_DisableIRQ                      0x08001bc7   Thumb Code    22  stm32f4xx_hal_cortex.o(.text)
    HAL_NVIC_SystemReset                     0x08001bdd   Thumb Code    64  stm32f4xx_hal_cortex.o(.text)
    HAL_SYSTICK_Config                       0x08001c1d   Thumb Code    52  stm32f4xx_hal_cortex.o(.text)
    HAL_MPU_ConfigRegion                     0x08001c51   Thumb Code    90  stm32f4xx_hal_cortex.o(.text)
    HAL_NVIC_GetPriorityGrouping             0x08001cab   Thumb Code     8  stm32f4xx_hal_cortex.o(.text)
    HAL_NVIC_GetPriority                     0x08001cb3   Thumb Code   138  stm32f4xx_hal_cortex.o(.text)
    HAL_NVIC_SetPendingIRQ                   0x08001d3d   Thumb Code    24  stm32f4xx_hal_cortex.o(.text)
    HAL_NVIC_GetPendingIRQ                   0x08001d55   Thumb Code    38  stm32f4xx_hal_cortex.o(.text)
    HAL_NVIC_ClearPendingIRQ                 0x08001d7b   Thumb Code    22  stm32f4xx_hal_cortex.o(.text)
    HAL_NVIC_GetActive                       0x08001d91   Thumb Code    38  stm32f4xx_hal_cortex.o(.text)
    HAL_SYSTICK_CLKSourceConfig              0x08001db7   Thumb Code    40  stm32f4xx_hal_cortex.o(.text)
    HAL_SYSTICK_Callback                     0x08001ddf   Thumb Code    10  stm32f4xx_hal_cortex.o(.text)
    HAL_SYSTICK_IRQHandler                   0x08001de9   Thumb Code     8  stm32f4xx_hal_cortex.o(.text)
    HAL_DMA_Init                             0x08001e3f   Thumb Code   128  stm32f4xx_hal_dma.o(.text)
    HAL_DMA_DeInit                           0x08001ebf   Thumb Code   100  stm32f4xx_hal_dma.o(.text)
    HAL_DMA_Start                            0x08001f4f   Thumb Code    82  stm32f4xx_hal_dma.o(.text)
    HAL_DMA_Start_IT                         0x08001fa1   Thumb Code   106  stm32f4xx_hal_dma.o(.text)
    HAL_DMA_Abort                            0x0800200b   Thumb Code    94  stm32f4xx_hal_dma.o(.text)
    HAL_DMA_PollForTransfer                  0x08002069   Thumb Code   412  stm32f4xx_hal_dma.o(.text)
    HAL_DMA_IRQHandler                       0x08002205   Thumb Code   530  stm32f4xx_hal_dma.o(.text)
    HAL_DMA_GetState                         0x08002417   Thumb Code     8  stm32f4xx_hal_dma.o(.text)
    HAL_DMA_GetError                         0x0800241f   Thumb Code     6  stm32f4xx_hal_dma.o(.text)
    HAL_GPIO_Init                            0x08002429   Thumb Code   476  stm32f4xx_hal_gpio.o(.text)
    HAL_GPIO_DeInit                          0x08002605   Thumb Code   326  stm32f4xx_hal_gpio.o(.text)
    HAL_GPIO_ReadPin                         0x0800274b   Thumb Code    16  stm32f4xx_hal_gpio.o(.text)
    HAL_GPIO_WritePin                        0x0800275b   Thumb Code    12  stm32f4xx_hal_gpio.o(.text)
    HAL_GPIO_TogglePin                       0x08002767   Thumb Code     8  stm32f4xx_hal_gpio.o(.text)
    HAL_GPIO_LockPin                         0x0800276f   Thumb Code    46  stm32f4xx_hal_gpio.o(.text)
    HAL_GPIO_EXTI_Callback                   0x0800279d   Thumb Code    10  stm32f4xx_hal_gpio.o(.text)
    HAL_GPIO_EXTI_IRQHandler                 0x080027a7   Thumb Code    28  stm32f4xx_hal_gpio.o(.text)
    HAL_RCC_OscConfig                        0x080027f7   Thumb Code  1032  stm32f4xx_hal_rcc.o(.text)
    HAL_RCC_ClockConfig                      0x08002bff   Thumb Code   680  stm32f4xx_hal_rcc.o(.text)
    HAL_RCC_MCOConfig                        0x08002ea7   Thumb Code   178  stm32f4xx_hal_rcc.o(.text)
    HAL_RCC_EnableCSS                        0x08002f59   Thumb Code     8  stm32f4xx_hal_rcc.o(.text)
    HAL_RCC_DisableCSS                       0x08002f61   Thumb Code     8  stm32f4xx_hal_rcc.o(.text)
    HAL_RCC_GetSysClockFreq                  0x08002f69   Thumb Code   198  stm32f4xx_hal_rcc.o(.text)
    HAL_RCC_GetHCLKFreq                      0x0800302f   Thumb Code    42  stm32f4xx_hal_rcc.o(.text)
    HAL_RCC_GetPCLK1Freq                     0x08003059   Thumb Code    36  stm32f4xx_hal_rcc.o(.text)
    HAL_RCC_GetPCLK2Freq                     0x0800307d   Thumb Code    36  stm32f4xx_hal_rcc.o(.text)
    HAL_RCC_GetOscConfig                     0x080030a1   Thumb Code   296  stm32f4xx_hal_rcc.o(.text)
    HAL_RCC_GetClockConfig                   0x080031c9   Thumb Code    58  stm32f4xx_hal_rcc.o(.text)
    HAL_RCC_CSSCallback                      0x08003203   Thumb Code    10  stm32f4xx_hal_rcc.o(.text)
    HAL_RCC_NMI_IRQHandler                   0x0800320d   Thumb Code    30  stm32f4xx_hal_rcc.o(.text)
    TIM_Base_SetConfig                       0x08003241   Thumb Code   184  stm32f4xx_hal_tim.o(.text)
    HAL_TIM_Base_MspInit                     0x080032f9   Thumb Code     2  stm32f4xx_hal_tim.o(.text)
    HAL_TIM_Base_Init                        0x080032fb   Thumb Code    52  stm32f4xx_hal_tim.o(.text)
    HAL_TIM_Base_MspDeInit                   0x0800332f   Thumb Code     2  stm32f4xx_hal_tim.o(.text)
    HAL_TIM_Base_DeInit                      0x08003331   Thumb Code    70  stm32f4xx_hal_tim.o(.text)
    HAL_TIM_Base_Start                       0x08003377   Thumb Code    30  stm32f4xx_hal_tim.o(.text)
    HAL_TIM_Base_Stop                        0x08003395   Thumb Code    56  stm32f4xx_hal_tim.o(.text)
    HAL_TIM_Base_Start_IT                    0x080033cd   Thumb Code    30  stm32f4xx_hal_tim.o(.text)
    HAL_TIM_Base_Stop_IT                     0x080033eb   Thumb Code    56  stm32f4xx_hal_tim.o(.text)
    HAL_TIM_ErrorCallback                    0x08003423   Thumb Code     2  stm32f4xx_hal_tim.o(.text)
    TIM_DMAError                             0x08003425   Thumb Code    20  stm32f4xx_hal_tim.o(.text)
    HAL_TIM_PeriodElapsedCallback            0x08003439   Thumb Code     2  stm32f4xx_hal_tim.o(.text)
    HAL_TIM_Base_Start_DMA                   0x0800344f   Thumb Code    98  stm32f4xx_hal_tim.o(.text)
    HAL_TIM_Base_Stop_DMA                    0x080034b1   Thumb Code    62  stm32f4xx_hal_tim.o(.text)
    HAL_TIM_OC_MspInit                       0x080034ef   Thumb Code     2  stm32f4xx_hal_tim.o(.text)
    HAL_TIM_OC_Init                          0x080034f1   Thumb Code    52  stm32f4xx_hal_tim.o(.text)
    HAL_TIM_OC_MspDeInit                     0x08003525   Thumb Code     2  stm32f4xx_hal_tim.o(.text)
    HAL_TIM_OC_DeInit                        0x08003527   Thumb Code    70  stm32f4xx_hal_tim.o(.text)
    TIM_CCxChannelCmd                        0x0800356d   Thumb Code    28  stm32f4xx_hal_tim.o(.text)
    HAL_TIM_OC_Start                         0x08003589   Thumb Code    68  stm32f4xx_hal_tim.o(.text)
    HAL_TIM_OC_Stop                          0x080035cd   Thumb Code   170  stm32f4xx_hal_tim.o(.text)
    HAL_TIM_OC_Start_IT                      0x08003677   Thumb Code   144  stm32f4xx_hal_tim.o(.text)
    HAL_TIM_OC_Stop_IT                       0x08003707   Thumb Code   196  stm32f4xx_hal_tim.o(.text)
    HAL_TIM_PWM_PulseFinishedCallback        0x080037cb   Thumb Code     2  stm32f4xx_hal_tim.o(.text)
    TIM_DMADelayPulseCplt                    0x080037cd   Thumb Code    70  stm32f4xx_hal_tim.o(.text)
    HAL_TIM_OC_Start_DMA                     0x08003813   Thumb Code   312  stm32f4xx_hal_tim.o(.text)
    HAL_TIM_OC_Stop_DMA                      0x0800394b   Thumb Code   202  stm32f4xx_hal_tim.o(.text)
    HAL_TIM_PWM_MspInit                      0x08003a15   Thumb Code     2  stm32f4xx_hal_tim.o(.text)
    HAL_TIM_PWM_Init                         0x08003a17   Thumb Code    52  stm32f4xx_hal_tim.o(.text)
    HAL_TIM_PWM_MspDeInit                    0x08003a4b   Thumb Code     2  stm32f4xx_hal_tim.o(.text)
    HAL_TIM_PWM_DeInit                       0x08003a4d   Thumb Code    70  stm32f4xx_hal_tim.o(.text)
    HAL_TIM_PWM_Start                        0x08003a93   Thumb Code    78  stm32f4xx_hal_tim.o(.text)
    HAL_TIM_PWM_Stop                         0x08003ae1   Thumb Code   126  stm32f4xx_hal_tim.o(.text)
    HAL_TIM_PWM_Start_IT                     0x08003b5f   Thumb Code   144  stm32f4xx_hal_tim.o(.text)
    HAL_TIM_PWM_Stop_IT                      0x08003bef   Thumb Code   196  stm32f4xx_hal_tim.o(.text)
    HAL_TIM_PWM_Start_DMA                    0x08003cb3   Thumb Code   312  stm32f4xx_hal_tim.o(.text)
    HAL_TIM_PWM_Stop_DMA                     0x08003deb   Thumb Code   202  stm32f4xx_hal_tim.o(.text)
    HAL_TIM_IC_MspInit                       0x08003eb5   Thumb Code     2  stm32f4xx_hal_tim.o(.text)
    HAL_TIM_IC_Init                          0x08003eb7   Thumb Code    62  stm32f4xx_hal_tim.o(.text)
    HAL_TIM_IC_MspDeInit                     0x08003ef5   Thumb Code     2  stm32f4xx_hal_tim.o(.text)
    HAL_TIM_IC_DeInit                        0x08003ef7   Thumb Code    70  stm32f4xx_hal_tim.o(.text)
    HAL_TIM_IC_Start                         0x08003f3d   Thumb Code    32  stm32f4xx_hal_tim.o(.text)
    HAL_TIM_IC_Stop                          0x08003f5d   Thumb Code    58  stm32f4xx_hal_tim.o(.text)
    HAL_TIM_IC_Start_IT                      0x08003f97   Thumb Code   108  stm32f4xx_hal_tim.o(.text)
    HAL_TIM_IC_Stop_IT                       0x08004003   Thumb Code   134  stm32f4xx_hal_tim.o(.text)
    HAL_TIM_IC_CaptureCallback               0x08004089   Thumb Code     2  stm32f4xx_hal_tim.o(.text)
    TIM_DMACaptureCplt                       0x0800408b   Thumb Code    70  stm32f4xx_hal_tim.o(.text)
    HAL_TIM_IC_Start_DMA                     0x080040d1   Thumb Code   276  stm32f4xx_hal_tim.o(.text)
    HAL_TIM_IC_Stop_DMA                      0x080041e5   Thumb Code   140  stm32f4xx_hal_tim.o(.text)
    HAL_TIM_OnePulse_MspInit                 0x08004271   Thumb Code     2  stm32f4xx_hal_tim.o(.text)
    HAL_TIM_OnePulse_Init                    0x08004273   Thumb Code    76  stm32f4xx_hal_tim.o(.text)
    HAL_TIM_OnePulse_MspDeInit               0x080042bf   Thumb Code     2  stm32f4xx_hal_tim.o(.text)
    HAL_TIM_OnePulse_DeInit                  0x080042c1   Thumb Code    70  stm32f4xx_hal_tim.o(.text)
    HAL_TIM_OnePulse_Start                   0x08004307   Thumb Code    66  stm32f4xx_hal_tim.o(.text)
    HAL_TIM_OnePulse_Stop                    0x08004349   Thumb Code   130  stm32f4xx_hal_tim.o(.text)
    HAL_TIM_OnePulse_Start_IT                0x080043cb   Thumb Code    90  stm32f4xx_hal_tim.o(.text)
    HAL_TIM_OnePulse_Stop_IT                 0x08004425   Thumb Code   154  stm32f4xx_hal_tim.o(.text)
    HAL_TIM_Encoder_MspInit                  0x080044bf   Thumb Code     2  stm32f4xx_hal_tim.o(.text)
    HAL_TIM_Encoder_Init                     0x080044c1   Thumb Code   180  stm32f4xx_hal_tim.o(.text)
    HAL_TIM_Encoder_MspDeInit                0x08004575   Thumb Code     2  stm32f4xx_hal_tim.o(.text)
    HAL_TIM_Encoder_DeInit                   0x08004577   Thumb Code    70  stm32f4xx_hal_tim.o(.text)
    HAL_TIM_Encoder_Start                    0x080045bd   Thumb Code    78  stm32f4xx_hal_tim.o(.text)
    HAL_TIM_Encoder_Stop                     0x0800460b   Thumb Code   104  stm32f4xx_hal_tim.o(.text)
    HAL_TIM_Encoder_Start_IT                 0x08004673   Thumb Code   126  stm32f4xx_hal_tim.o(.text)
    HAL_TIM_Encoder_Stop_IT                  0x080046f1   Thumb Code   160  stm32f4xx_hal_tim.o(.text)
    HAL_TIM_Encoder_Start_DMA                0x08004791   Thumb Code   328  stm32f4xx_hal_tim.o(.text)
    HAL_TIM_Encoder_Stop_DMA                 0x080048d9   Thumb Code   152  stm32f4xx_hal_tim.o(.text)
    HAL_TIM_TriggerCallback                  0x08004971   Thumb Code     2  stm32f4xx_hal_tim.o(.text)
    HAL_TIM_OC_DelayElapsedCallback          0x08004973   Thumb Code     2  stm32f4xx_hal_tim.o(.text)
    HAL_TIM_IRQHandler                       0x08004975   Thumb Code   406  stm32f4xx_hal_tim.o(.text)
    TIM_OC2_SetConfig                        0x08004bdd   Thumb Code   112  stm32f4xx_hal_tim.o(.text)
    HAL_TIM_OC_ConfigChannel                 0x08004cb3   Thumb Code   116  stm32f4xx_hal_tim.o(.text)
    TIM_TI1_SetConfig                        0x08004de1   Thumb Code   122  stm32f4xx_hal_tim.o(.text)
    HAL_TIM_IC_ConfigChannel                 0x08004e5b   Thumb Code   224  stm32f4xx_hal_tim.o(.text)
    HAL_TIM_PWM_ConfigChannel                0x08004f3b   Thumb Code   294  stm32f4xx_hal_tim.o(.text)
    HAL_TIM_OnePulse_ConfigChannel           0x08005061   Thumb Code   286  stm32f4xx_hal_tim.o(.text)
    HAL_TIM_DMABurst_WriteStart              0x08005193   Thumb Code   366  stm32f4xx_hal_tim.o(.text)
    HAL_TIM_DMABurst_WriteStop               0x08005301   Thumb Code   128  stm32f4xx_hal_tim.o(.text)
    HAL_TIM_DMABurst_ReadStart               0x08005381   Thumb Code   366  stm32f4xx_hal_tim.o(.text)
    HAL_TIM_DMABurst_ReadStop                0x080054ef   Thumb Code   128  stm32f4xx_hal_tim.o(.text)
    HAL_TIM_GenerateEvent                    0x0800556f   Thumb Code    54  stm32f4xx_hal_tim.o(.text)
    HAL_TIM_ConfigOCrefClear                 0x080055bd   Thumb Code   252  stm32f4xx_hal_tim.o(.text)
    HAL_TIM_ConfigClockSource                0x08005723   Thumb Code   306  stm32f4xx_hal_tim.o(.text)
    HAL_TIM_ConfigTI1Input                   0x08005855   Thumb Code    24  stm32f4xx_hal_tim.o(.text)
    HAL_TIM_SlaveConfigSynchronization       0x08005911   Thumb Code    86  stm32f4xx_hal_tim.o(.text)
    HAL_TIM_SlaveConfigSynchronization_IT    0x08005967   Thumb Code    86  stm32f4xx_hal_tim.o(.text)
    HAL_TIM_ReadCapturedValue                0x080059bd   Thumb Code    84  stm32f4xx_hal_tim.o(.text)
    HAL_TIM_Base_GetState                    0x08005a11   Thumb Code     8  stm32f4xx_hal_tim.o(.text)
    HAL_TIM_OC_GetState                      0x08005a19   Thumb Code     8  stm32f4xx_hal_tim.o(.text)
    HAL_TIM_PWM_GetState                     0x08005a21   Thumb Code     8  stm32f4xx_hal_tim.o(.text)
    HAL_TIM_IC_GetState                      0x08005a29   Thumb Code     8  stm32f4xx_hal_tim.o(.text)
    HAL_TIM_OnePulse_GetState                0x08005a31   Thumb Code     8  stm32f4xx_hal_tim.o(.text)
    HAL_TIM_Encoder_GetState                 0x08005a39   Thumb Code     8  stm32f4xx_hal_tim.o(.text)
    HAL_TIMEx_HallSensor_MspInit             0x08005a41   Thumb Code     2  stm32f4xx_hal_tim_ex.o(.text)
    HAL_TIMEx_HallSensor_Init                0x08005a43   Thumb Code   196  stm32f4xx_hal_tim_ex.o(.text)
    HAL_TIMEx_HallSensor_MspDeInit           0x08005b07   Thumb Code     2  stm32f4xx_hal_tim_ex.o(.text)
    HAL_TIMEx_HallSensor_DeInit              0x08005b09   Thumb Code    70  stm32f4xx_hal_tim_ex.o(.text)
    HAL_TIMEx_HallSensor_Start               0x08005b4f   Thumb Code    30  stm32f4xx_hal_tim_ex.o(.text)
    HAL_TIMEx_HallSensor_Stop                0x08005b6d   Thumb Code    56  stm32f4xx_hal_tim_ex.o(.text)
    HAL_TIMEx_HallSensor_Start_IT            0x08005ba5   Thumb Code    42  stm32f4xx_hal_tim_ex.o(.text)
    HAL_TIMEx_HallSensor_Stop_IT             0x08005bcf   Thumb Code    68  stm32f4xx_hal_tim_ex.o(.text)
    HAL_TIMEx_HallSensor_Start_DMA           0x08005c13   Thumb Code   106  stm32f4xx_hal_tim_ex.o(.text)
    HAL_TIMEx_HallSensor_Stop_DMA            0x08005c7d   Thumb Code    68  stm32f4xx_hal_tim_ex.o(.text)
    HAL_TIMEx_OCN_Start                      0x08005cdd   Thumb Code    44  stm32f4xx_hal_tim_ex.o(.text)
    HAL_TIMEx_OCN_Stop                       0x08005d09   Thumb Code    96  stm32f4xx_hal_tim_ex.o(.text)
    HAL_TIMEx_OCN_Start_IT                   0x08005d69   Thumb Code   132  stm32f4xx_hal_tim_ex.o(.text)
    HAL_TIMEx_OCN_Stop_IT                    0x08005ded   Thumb Code   196  stm32f4xx_hal_tim_ex.o(.text)
    HAL_TIMEx_OCN_Start_DMA                  0x08005eb1   Thumb Code   272  stm32f4xx_hal_tim_ex.o(.text)
    HAL_TIMEx_OCN_Stop_DMA                   0x08005fc1   Thumb Code   192  stm32f4xx_hal_tim_ex.o(.text)
    HAL_TIMEx_PWMN_Start                     0x08006081   Thumb Code    44  stm32f4xx_hal_tim_ex.o(.text)
    HAL_TIMEx_PWMN_Stop                      0x080060ad   Thumb Code    96  stm32f4xx_hal_tim_ex.o(.text)
    HAL_TIMEx_PWMN_Start_IT                  0x0800610d   Thumb Code   132  stm32f4xx_hal_tim_ex.o(.text)
    HAL_TIMEx_PWMN_Stop_IT                   0x08006191   Thumb Code   196  stm32f4xx_hal_tim_ex.o(.text)
    HAL_TIMEx_PWMN_Start_DMA                 0x08006255   Thumb Code   272  stm32f4xx_hal_tim_ex.o(.text)
    HAL_TIMEx_PWMN_Stop_DMA                  0x08006365   Thumb Code   178  stm32f4xx_hal_tim_ex.o(.text)
    HAL_TIMEx_OnePulseN_Start                0x08006417   Thumb Code    32  stm32f4xx_hal_tim_ex.o(.text)
    HAL_TIMEx_OnePulseN_Stop                 0x08006437   Thumb Code    96  stm32f4xx_hal_tim_ex.o(.text)
    HAL_TIMEx_OnePulseN_Start_IT             0x08006497   Thumb Code    56  stm32f4xx_hal_tim_ex.o(.text)
    HAL_TIMEx_OnePulseN_Stop_IT              0x080064cf   Thumb Code   120  stm32f4xx_hal_tim_ex.o(.text)
    HAL_TIMEx_ConfigCommutationEvent         0x08006547   Thumb Code   110  stm32f4xx_hal_tim_ex.o(.text)
    HAL_TIMEx_ConfigCommutationEvent_IT      0x080065b5   Thumb Code   122  stm32f4xx_hal_tim_ex.o(.text)
    HAL_TIMEx_CommutationCallback            0x0800662f   Thumb Code     2  stm32f4xx_hal_tim_ex.o(.text)
    TIMEx_DMACommutationCplt                 0x08006631   Thumb Code    20  stm32f4xx_hal_tim_ex.o(.text)
    HAL_TIMEx_ConfigCommutationEvent_DMA     0x08006645   Thumb Code   146  stm32f4xx_hal_tim_ex.o(.text)
    HAL_TIMEx_MasterConfigSynchronization    0x080066d7   Thumb Code    98  stm32f4xx_hal_tim_ex.o(.text)
    HAL_TIMEx_ConfigBreakDeadTime            0x08006739   Thumb Code    80  stm32f4xx_hal_tim_ex.o(.text)
    HAL_TIMEx_RemapConfig                    0x08006789   Thumb Code    48  stm32f4xx_hal_tim_ex.o(.text)
    HAL_TIMEx_BreakCallback                  0x080067b9   Thumb Code     2  stm32f4xx_hal_tim_ex.o(.text)
    HAL_TIMEx_HallSensor_GetState            0x080067bb   Thumb Code     8  stm32f4xx_hal_tim_ex.o(.text)
    Reset_Handler                            0x080067c9   Thumb Code     8  startup_stm32f407xx.o(.text)
    NMI_Handler                              0x080067d1   Thumb Code     2  startup_stm32f407xx.o(.text)
    HardFault_Handler                        0x080067d3   Thumb Code     2  startup_stm32f407xx.o(.text)
    MemManage_Handler                        0x080067d5   Thumb Code     2  startup_stm32f407xx.o(.text)
    BusFault_Handler                         0x080067d7   Thumb Code     2  startup_stm32f407xx.o(.text)
    UsageFault_Handler                       0x080067d9   Thumb Code     2  startup_stm32f407xx.o(.text)
    DebugMon_Handler                         0x080067dd   Thumb Code     2  startup_stm32f407xx.o(.text)
    ADC_IRQHandler                           0x080067e3   Thumb Code     0  startup_stm32f407xx.o(.text)
    CAN1_RX0_IRQHandler                      0x080067e3   Thumb Code     0  startup_stm32f407xx.o(.text)
    CAN1_RX1_IRQHandler                      0x080067e3   Thumb Code     0  startup_stm32f407xx.o(.text)
    CAN1_SCE_IRQHandler                      0x080067e3   Thumb Code     0  startup_stm32f407xx.o(.text)
    CAN1_TX_IRQHandler                       0x080067e3   Thumb Code     0  startup_stm32f407xx.o(.text)
    CAN2_RX0_IRQHandler                      0x080067e3   Thumb Code     0  startup_stm32f407xx.o(.text)
    CAN2_RX1_IRQHandler                      0x080067e3   Thumb Code     0  startup_stm32f407xx.o(.text)
    CAN2_SCE_IRQHandler                      0x080067e3   Thumb Code     0  startup_stm32f407xx.o(.text)
    CAN2_TX_IRQHandler                       0x080067e3   Thumb Code     0  startup_stm32f407xx.o(.text)
    DCMI_IRQHandler                          0x080067e3   Thumb Code     0  startup_stm32f407xx.o(.text)
    DMA1_Stream0_IRQHandler                  0x080067e3   Thumb Code     0  startup_stm32f407xx.o(.text)
    DMA1_Stream1_IRQHandler                  0x080067e3   Thumb Code     0  startup_stm32f407xx.o(.text)
    DMA1_Stream2_IRQHandler                  0x080067e3   Thumb Code     0  startup_stm32f407xx.o(.text)
    DMA1_Stream3_IRQHandler                  0x080067e3   Thumb Code     0  startup_stm32f407xx.o(.text)
    DMA1_Stream4_IRQHandler                  0x080067e3   Thumb Code     0  startup_stm32f407xx.o(.text)
    DMA1_Stream5_IRQHandler                  0x080067e3   Thumb Code     0  startup_stm32f407xx.o(.text)
    DMA1_Stream6_IRQHandler                  0x080067e3   Thumb Code     0  startup_stm32f407xx.o(.text)
    DMA1_Stream7_IRQHandler                  0x080067e3   Thumb Code     0  startup_stm32f407xx.o(.text)
    DMA2_Stream0_IRQHandler                  0x080067e3   Thumb Code     0  startup_stm32f407xx.o(.text)
    DMA2_Stream1_IRQHandler                  0x080067e3   Thumb Code     0  startup_stm32f407xx.o(.text)
    DMA2_Stream2_IRQHandler                  0x080067e3   Thumb Code     0  startup_stm32f407xx.o(.text)
    DMA2_Stream3_IRQHandler                  0x080067e3   Thumb Code     0  startup_stm32f407xx.o(.text)
    DMA2_Stream4_IRQHandler                  0x080067e3   Thumb Code     0  startup_stm32f407xx.o(.text)
    DMA2_Stream5_IRQHandler                  0x080067e3   Thumb Code     0  startup_stm32f407xx.o(.text)
    DMA2_Stream6_IRQHandler                  0x080067e3   Thumb Code     0  startup_stm32f407xx.o(.text)
    DMA2_Stream7_IRQHandler                  0x080067e3   Thumb Code     0  startup_stm32f407xx.o(.text)
    ETH_IRQHandler                           0x080067e3   Thumb Code     0  startup_stm32f407xx.o(.text)
    ETH_WKUP_IRQHandler                      0x080067e3   Thumb Code     0  startup_stm32f407xx.o(.text)
    EXTI0_IRQHandler                         0x080067e3   Thumb Code     0  startup_stm32f407xx.o(.text)
    EXTI15_10_IRQHandler                     0x080067e3   Thumb Code     0  startup_stm32f407xx.o(.text)
    EXTI1_IRQHandler                         0x080067e3   Thumb Code     0  startup_stm32f407xx.o(.text)
    EXTI2_IRQHandler                         0x080067e3   Thumb Code     0  startup_stm32f407xx.o(.text)
    EXTI3_IRQHandler                         0x080067e3   Thumb Code     0  startup_stm32f407xx.o(.text)
    EXTI4_IRQHandler                         0x080067e3   Thumb Code     0  startup_stm32f407xx.o(.text)
    EXTI9_5_IRQHandler                       0x080067e3   Thumb Code     0  startup_stm32f407xx.o(.text)
    FLASH_IRQHandler                         0x080067e3   Thumb Code     0  startup_stm32f407xx.o(.text)
    FMC_IRQHandler                           0x080067e3   Thumb Code     0  startup_stm32f407xx.o(.text)
    FPU_IRQHandler                           0x080067e3   Thumb Code     0  startup_stm32f407xx.o(.text)
    HASH_RNG_IRQHandler                      0x080067e3   Thumb Code     0  startup_stm32f407xx.o(.text)
    I2C1_ER_IRQHandler                       0x080067e3   Thumb Code     0  startup_stm32f407xx.o(.text)
    I2C1_EV_IRQHandler                       0x080067e3   Thumb Code     0  startup_stm32f407xx.o(.text)
    I2C2_ER_IRQHandler                       0x080067e3   Thumb Code     0  startup_stm32f407xx.o(.text)
    I2C2_EV_IRQHandler                       0x080067e3   Thumb Code     0  startup_stm32f407xx.o(.text)
    I2C3_ER_IRQHandler                       0x080067e3   Thumb Code     0  startup_stm32f407xx.o(.text)
    I2C3_EV_IRQHandler                       0x080067e3   Thumb Code     0  startup_stm32f407xx.o(.text)
    OTG_FS_IRQHandler                        0x080067e3   Thumb Code     0  startup_stm32f407xx.o(.text)
    OTG_FS_WKUP_IRQHandler                   0x080067e3   Thumb Code     0  startup_stm32f407xx.o(.text)
    OTG_HS_EP1_IN_IRQHandler                 0x080067e3   Thumb Code     0  startup_stm32f407xx.o(.text)
    OTG_HS_EP1_OUT_IRQHandler                0x080067e3   Thumb Code     0  startup_stm32f407xx.o(.text)
    OTG_HS_IRQHandler                        0x080067e3   Thumb Code     0  startup_stm32f407xx.o(.text)
    OTG_HS_WKUP_IRQHandler                   0x080067e3   Thumb Code     0  startup_stm32f407xx.o(.text)
    PVD_IRQHandler                           0x080067e3   Thumb Code     0  startup_stm32f407xx.o(.text)
    RCC_IRQHandler                           0x080067e3   Thumb Code     0  startup_stm32f407xx.o(.text)
    RTC_Alarm_IRQHandler                     0x080067e3   Thumb Code     0  startup_stm32f407xx.o(.text)
    RTC_WKUP_IRQHandler                      0x080067e3   Thumb Code     0  startup_stm32f407xx.o(.text)
    SDIO_IRQHandler                          0x080067e3   Thumb Code     0  startup_stm32f407xx.o(.text)
    SPI1_IRQHandler                          0x080067e3   Thumb Code     0  startup_stm32f407xx.o(.text)
    SPI2_IRQHandler                          0x080067e3   Thumb Code     0  startup_stm32f407xx.o(.text)
    SPI3_IRQHandler                          0x080067e3   Thumb Code     0  startup_stm32f407xx.o(.text)
    TAMP_STAMP_IRQHandler                    0x080067e3   Thumb Code     0  startup_stm32f407xx.o(.text)
    TIM1_BRK_TIM9_IRQHandler                 0x080067e3   Thumb Code     0  startup_stm32f407xx.o(.text)
    TIM1_CC_IRQHandler                       0x080067e3   Thumb Code     0  startup_stm32f407xx.o(.text)
    TIM1_TRG_COM_TIM11_IRQHandler            0x080067e3   Thumb Code     0  startup_stm32f407xx.o(.text)
    TIM1_UP_TIM10_IRQHandler                 0x080067e3   Thumb Code     0  startup_stm32f407xx.o(.text)
    TIM2_IRQHandler                          0x080067e3   Thumb Code     0  startup_stm32f407xx.o(.text)
    TIM3_IRQHandler                          0x080067e3   Thumb Code     0  startup_stm32f407xx.o(.text)
    TIM4_IRQHandler                          0x080067e3   Thumb Code     0  startup_stm32f407xx.o(.text)
    TIM5_IRQHandler                          0x080067e3   Thumb Code     0  startup_stm32f407xx.o(.text)
    TIM6_DAC_IRQHandler                      0x080067e3   Thumb Code     0  startup_stm32f407xx.o(.text)
    TIM7_IRQHandler                          0x080067e3   Thumb Code     0  startup_stm32f407xx.o(.text)
    TIM8_BRK_TIM12_IRQHandler                0x080067e3   Thumb Code     0  startup_stm32f407xx.o(.text)
    TIM8_CC_IRQHandler                       0x080067e3   Thumb Code     0  startup_stm32f407xx.o(.text)
    TIM8_TRG_COM_TIM14_IRQHandler            0x080067e3   Thumb Code     0  startup_stm32f407xx.o(.text)
    TIM8_UP_TIM13_IRQHandler                 0x080067e3   Thumb Code     0  startup_stm32f407xx.o(.text)
    UART4_IRQHandler                         0x080067e3   Thumb Code     0  startup_stm32f407xx.o(.text)
    UART5_IRQHandler                         0x080067e3   Thumb Code     0  startup_stm32f407xx.o(.text)
    USART1_IRQHandler                        0x080067e3   Thumb Code     0  startup_stm32f407xx.o(.text)
    USART2_IRQHandler                        0x080067e3   Thumb Code     0  startup_stm32f407xx.o(.text)
    USART3_IRQHandler                        0x080067e3   Thumb Code     0  startup_stm32f407xx.o(.text)
    USART6_IRQHandler                        0x080067e3   Thumb Code     0  startup_stm32f407xx.o(.text)
    WWDG_IRQHandler                          0x080067e3   Thumb Code     0  startup_stm32f407xx.o(.text)
    SystemInit                               0x080067ed   Thumb Code    82  system_stm32f4xx.o(.text)
    SystemCoreClockUpdate                    0x0800683f   Thumb Code   174  system_stm32f4xx.o(.text)
    __aeabi_memcpy                           0x0800690d   Thumb Code    36  memcpya.o(.text)
    __aeabi_memcpy4                          0x0800690d   Thumb Code     0  memcpya.o(.text)
    __aeabi_memcpy8                          0x0800690d   Thumb Code     0  memcpya.o(.text)
    __scatterload                            0x08006931   Thumb Code    28  init.o(.text)
    __scatterload_rt2                        0x08006931   Thumb Code     0  init.o(.text)
    SVC_Count                                0x08006954   Data           4  svc_table.o(SVC_TABLE)
    __I$use$semihosting$fputc                0x08006955   Thumb Code     0  iusesemip.o(.text)
    __semihosting_library_function           0x08006955   Thumb Code     0  semi.o(.text)
    SVC_Table                                0x08006958   Data           0  svc_table.o(SVC_TABLE)
    __0printf$bare                           0x08006959   Thumb Code     8  printfb.o(i.__0printf$bare)
    __1printf$bare                           0x08006959   Thumb Code     0  printfb.o(i.__0printf$bare)
    __2printf                                0x08006959   Thumb Code     0  printfb.o(i.__0printf$bare)
    __scatterload_copy                       0x08006969   Thumb Code    14  handlers.o(i.__scatterload_copy)
    __scatterload_null                       0x08006977   Thumb Code     2  handlers.o(i.__scatterload_null)
    __scatterload_zeroinit                   0x08006979   Thumb Code    14  handlers.o(i.__scatterload_zeroinit)
    _init_box                                0x08006987   Thumb Code    70  rt_membox.o(i._init_box)
    dbg_init                                 0x080069f1   Thumb Code    34  hal_cm.o(i.dbg_init)
    dbg_task_notify                          0x08006a21   Thumb Code    32  hal_cm.o(i.dbg_task_notify)
    dbg_task_switch                          0x08006a41   Thumb Code    16  hal_cm.o(i.dbg_task_switch)
    fputc                                    0x08006a51   Thumb Code    18  fputc.o(i.fputc)
    isrMessageGet                            0x08006a63   Thumb Code    42  rt_cmsis.o(i.isrMessageGet)
    isrMessagePut                            0x08006a8d   Thumb Code    44  rt_cmsis.o(i.isrMessagePut)
    isr_mbx_receive                          0x08006ab9   Thumb Code    82  rt_mailbox.o(i.isr_mbx_receive)
    isr_mbx_send                             0x08006b0b   Thumb Code    14  rt_mailbox.o(i.isr_mbx_send)
    osDelay                                  0x08006b19   Thumb Code    18  rt_cmsis.o(i.osDelay)
    osKernelInitialize                       0x08006b31   Thumb Code    30  rt_cmsis.o(i.osKernelInitialize)
    osKernelStart                            0x08006b55   Thumb Code    98  rt_cmsis.o(i.osKernelStart)
    osMessageGet                             0x08006bc1   Thumb Code    18  rt_cmsis.o(i.osMessageGet)
    osThreadCreate                           0x08006bd9   Thumb Code    38  rt_cmsis.o(i.osThreadCreate)
    osThreadExit                             0x08006c09   Thumb Code    14  rt_cmsis.o(i.osThreadExit)
    osTimerCall                              0x08006c21   Thumb Code     8  rt_cmsis.o(i.osTimerCall)
    osTimerThread                            0x08006c2d   Thumb Code    38  rt_cmsis.o(i.osTimerThread)
    os_tick_init                             0x08006c59   Thumb Code    32  rt_system.o(i.os_tick_init)
    os_tick_irqack                           0x08006c81   Thumb Code     2  rt_system.o(i.os_tick_irqack)
    rt_alloc_box                             0x08006c83   Thumb Code    26  rt_membox.o(i.rt_alloc_box)
    rt_alloc_mem                             0x08006c9d   Thumb Code    62  rt_memory.o(i.rt_alloc_mem)
    rt_block                                 0x08006cdd   Thumb Code    48  rt_task.o(i.rt_block)
    rt_chk_robin                             0x08006d15   Thumb Code    60  rt_robin.o(i.rt_chk_robin)
    rt_dec_dly                               0x08006d5d   Thumb Code   102  rt_list.o(i.rt_dec_dly)
    rt_dispatch                              0x08006dcd   Thumb Code    60  rt_task.o(i.rt_dispatch)
    rt_dly_wait                              0x08006e11   Thumb Code     6  rt_time.o(i.rt_dly_wait)
    rt_evt_psh                               0x08006e19   Thumb Code    76  rt_event.o(i.rt_evt_psh)
    rt_free_box                              0x08006e69   Thumb Code    44  rt_membox.o(i.rt_free_box)
    rt_free_mem                              0x08006e95   Thumb Code    40  rt_memory.o(i.rt_free_mem)
    rt_get_first                             0x08006ebd   Thumb Code    40  rt_list.o(i.rt_get_first)
    rt_init_mem                              0x08006f35   Thumb Code    26  rt_memory.o(i.rt_init_mem)
    rt_init_robin                            0x08006f51   Thumb Code    14  rt_robin.o(i.rt_init_robin)
    rt_init_stack                            0x08006f69   Thumb Code   118  hal_cm.o(i.rt_init_stack)
    rt_mbx_check                             0x08006fe9   Thumb Code     8  rt_mailbox.o(i.rt_mbx_check)
    rt_mbx_init                              0x08006ff1   Thumb Code    26  rt_mailbox.o(i.rt_mbx_init)
    rt_mbx_psh                               0x0800700d   Thumb Code   236  rt_mailbox.o(i.rt_mbx_psh)
    rt_mbx_wait                              0x080070fd   Thumb Code   174  rt_mailbox.o(i.rt_mbx_wait)
    rt_pop_req                               0x080071f5   Thumb Code   112  rt_system.o(i.rt_pop_req)
    rt_psh_req                               0x08007271   Thumb Code    22  rt_system.o(i.rt_psh_req)
    rt_psq_enq                               0x08007291   Thumb Code    88  rt_list.o(i.rt_psq_enq)
    rt_put_dly                               0x080072ed   Thumb Code    68  rt_list.o(i.rt_put_dly)
    rt_put_prio                              0x08007335   Thumb Code    54  rt_list.o(i.rt_put_prio)
    rt_put_rdy_first                         0x0800736d   Thumb Code    14  rt_list.o(i.rt_put_rdy_first)
    rt_resort_prio                           0x08007381   Thumb Code    46  rt_list.o(i.rt_resort_prio)
    rt_ret_val                               0x080073c5   Thumb Code    12  hal_cm.o(i.rt_ret_val)
    rt_ret_val2                              0x080073d1   Thumb Code    16  hal_cm.o(i.rt_ret_val2)
    rt_rmv_dly                               0x080073e1   Thumb Code    40  rt_list.o(i.rt_rmv_dly)
    rt_rmv_list                              0x08007409   Thumb Code    44  rt_list.o(i.rt_rmv_list)
    rt_sem_psh                               0x08007439   Thumb Code    48  rt_semaphore.o(i.rt_sem_psh)
    rt_stk_check                             0x0800746d   Thumb Code    28  rt_system.o(i.rt_stk_check)
    rt_switch_req                            0x08007491   Thumb Code    30  rt_task.o(i.rt_switch_req)
    rt_sys_init                              0x080074b9   Thumb Code   138  rt_task.o(i.rt_sys_init)
    rt_sys_start                             0x08007585   Thumb Code   110  rt_task.o(i.rt_sys_start)
    rt_systick                               0x080075fd   Thumb Code    50  rt_system.o(i.rt_systick)
    rt_tsk_create                            0x08007685   Thumb Code   118  rt_task.o(i.rt_tsk_create)
    rt_tsk_delete                            0x0800770d   Thumb Code   352  rt_task.o(i.rt_tsk_delete)
    rt_tsk_prio                              0x08007889   Thumb Code   108  rt_task.o(i.rt_tsk_prio)
    rt_tsk_self                              0x08007905   Thumb Code    12  rt_task.o(i.rt_tsk_self)
    svcDelay                                 0x08007915   Thumb Code    18  rt_cmsis.o(i.svcDelay)
    svcKernelInitialize                      0x08007929   Thumb Code    80  rt_cmsis.o(i.svcKernelInitialize)
    svcKernelStart                           0x08007999   Thumb Code    62  rt_cmsis.o(i.svcKernelStart)
    svcMessageCreate                         0x080079e1   Thumb Code    36  rt_cmsis.o(i.svcMessageCreate)
    svcMessageGet                            0x08007a05   Thumb Code    58  rt_cmsis.o(i.svcMessageGet)
    svcThreadCreate                          0x08007a41   Thumb Code   100  rt_cmsis.o(i.svcThreadCreate)
    svcThreadGetId                           0x08007ab1   Thumb Code    22  rt_cmsis.o(i.svcThreadGetId)
    svcThreadTerminate                       0x08007acd   Thumb Code    50  rt_cmsis.o(i.svcThreadTerminate)
    svcTimerCall                             0x08007b05   Thumb Code    24  rt_cmsis.o(i.svcTimerCall)
    sysTimerTick                             0x08007b1d   Thumb Code    84  rt_cmsis.o(i.sysTimerTick)
    os_thread_def_Thread_LED                 0x08007b78   Data          16  thread_led.o(.constdata)
    os_maxtaskrun                            0x08007b88   Data           2  rtx_conf_cm.o(.constdata)
    os_stackinfo                             0x08007b8c   Data           4  rtx_conf_cm.o(.constdata)
    os_rrobin                                0x08007b90   Data           4  rtx_conf_cm.o(.constdata)
    os_tickfreq                              0x08007b94   Data           4  rtx_conf_cm.o(.constdata)
    os_tickus_i                              0x08007b98   Data           2  rtx_conf_cm.o(.constdata)
    os_tickus_f                              0x08007b9a   Data           2  rtx_conf_cm.o(.constdata)
    os_trv                                   0x08007b9c   Data           4  rtx_conf_cm.o(.constdata)
    os_flags                                 0x08007ba0   Data           1  rtx_conf_cm.o(.constdata)
    CMSIS_RTOS_API_Version                   0x08007ba4   Data           4  rtx_conf_cm.o(.constdata)
    CMSIS_RTOS_RTX_Version                   0x08007ba8   Data           4  rtx_conf_cm.o(.constdata)
    os_clockrate                             0x08007bac   Data           4  rtx_conf_cm.o(.constdata)
    os_timernum                              0x08007bb0   Data           4  rtx_conf_cm.o(.constdata)
    mp_tcb_size                              0x08007bb4   Data           2  rtx_conf_cm.o(.constdata)
    mp_stk_size                              0x08007bb8   Data           4  rtx_conf_cm.o(.constdata)
    os_stack_sz                              0x08007bbc   Data           4  rtx_conf_cm.o(.constdata)
    os_fifo_size                             0x08007bc0   Data           1  rtx_conf_cm.o(.constdata)
    os_thread_def_osTimerThread              0x08007bc4   Data          16  rtx_conf_cm.o(.constdata)
    os_messageQ_def_osTimerMessageQ          0x08007bd4   Data           8  rtx_conf_cm.o(.constdata)
    mp_tmr_size                              0x08007bdc   Data           2  rtx_conf_cm.o(.constdata)
    APBAHBPrescTable                         0x08007be6   Data          16  stm32f4xx_hal_rcc.o(.constdata)
    AHBPrescTable                            0x08007bf6   Data          16  system_stm32f4xx.o(.constdata)
    Region$$Table$$Base                      0x08007c08   Number         0  anon$$obj.o(Region$$Table)
    Region$$Table$$Limit                     0x08007c28   Number         0  anon$$obj.o(Region$$Table)
    tid_Thread_LED                           0x20000000   Data           4  thread_led.o(.data)
    osThreadId_osTimerThread                 0x20000004   Data           4  rtx_conf_cm.o(.data)
    osMessageQId_osTimerMessageQ             0x20000008   Data           4  rtx_conf_cm.o(.data)
    os_tmr                                   0x2000000c   Data           4  rtx_conf_cm.o(.data)
    m_tmr                                    0x20000010   Data           4  rtx_conf_cm.o(.data)
    os_thread_def_main                       0x20000014   Data          16  rtx_conf_cm.o(.data)
    SystemCoreClock                          0x20000028   Data           4  system_stm32f4xx.o(.data)
    os_initialized                           0x2000002c   Data           1  rt_cmsis.o(.data)
    os_running                               0x2000002d   Data           1  rt_cmsis.o(.data)
    os_timer_head                            0x20000030   Data           4  rt_cmsis.o(.data)
    os_time                                  0x20000034   Data           4  rt_time.o(.data)
    os_tsk                                   0x20000038   Data           8  rt_task.o(.data)
    os_tick_irqn                             0x20000044   Data           4  rt_system.o(.data)
    dbg_msg                                  0x20000048   Data           1  hal_cm.o(.data)
    os_robin                                 0x2000004c   Data           8  rt_robin.o(.data)
    __stdout                                 0x20000054   Data           4  stdout.o(.data)
    TIM_Base_InitStruct                      0x20000058   Data          20  main.o(.bss)
    TIM_HandleStruct                         0x2000006c   Data          60  main.o(.bss)
    ADC1_Init                                0x200000a8   Data          48  main.o(.bss)
    ADC1_Channel                             0x200000d8   Data          16  main.o(.bss)
    ADC1_Handle                              0x200000e8   Data          68  main.o(.bss)
    GPIOA_Init                               0x2000012c   Data          20  main.o(.bss)
    GPIOE_Init                               0x20000140   Data          20  main.o(.bss)
    GPIOD_Init                               0x20000154   Data          20  main.o(.bss)
    LED_configuration                        0x20000168   Data          20  thread_led.o(.bss)
    mp_tcb                                   0x20000180   Data         376  rtx_conf_cm.o(.bss)
    mp_stk                                   0x200002f8   Data        4816  rtx_conf_cm.o(.bss)
    os_stack_mem                             0x200015c8   Data        1256  rtx_conf_cm.o(.bss)
    os_fifo                                  0x20001ab0   Data         132  rtx_conf_cm.o(.bss)
    os_active_TCB                            0x20001b34   Data          28  rtx_conf_cm.o(.bss)
    os_messageQ_q_osTimerMessageQ            0x20001b50   Data          32  rtx_conf_cm.o(.bss)
    os_idle_TCB                              0x20001b70   Data          52  rt_task.o(.bss)
    os_rdy                                   0x20001ba4   Data          24  rt_list.o(.bss)
    os_dly                                   0x20001bbc   Data          24  rt_list.o(.bss)
    __initial_sp                             0x20001fd8   Data           0  startup_stm32f407xx.o(STACK)



==============================================================================

Memory Map of the image

  Image Entry point : 0x08000189

  Load Region LR_IROM1 (Base: 0x08000000, Size: 0x00007c80, Max: 0x00100000, ABSOLUTE)

    Execution Region ER_IROM1 (Base: 0x08000000, Size: 0x00007c28, Max: 0x00100000, ABSOLUTE)

    Base Addr    Size         Type   Attr      Idx    E Section Name        Object

    0x08000000   0x00000188   Data   RO          697    RESET               startup_stm32f407xx.o
    0x08000188   0x00000000   Code   RO         1952  * .ARM.Collect$$$$00000000  mc_w.l(entry.o)
    0x08000188   0x00000004   Code   RO         2229    .ARM.Collect$$$$00000001  mc_w.l(entry2.o)
    0x0800018c   0x00000004   Code   RO         2232    .ARM.Collect$$$$00000004  mc_w.l(entry5.o)
    0x08000190   0x00000000   Code   RO         2234    .ARM.Collect$$$$00000008  mc_w.l(entry7b.o)
    0x08000190   0x00000000   Code   RO         2236    .ARM.Collect$$$$0000000A  mc_w.l(entry8b.o)
    0x08000190   0x00000000   Code   RO         2237    .ARM.Collect$$$$0000000D  mc_w.l(entry10a.o)
    0x08000190   0x00000000   Code   RO         2239    .ARM.Collect$$$$0000000F  mc_w.l(entry11a.o)
    0x08000190   0x00000018   Code   RO          272    .ARM.Collect$$$$000000FF  rtx_conf_cm.o
    0x080001a8   0x00000004   Code   RO         2230    .ARM.Collect$$$$00002712  mc_w.l(entry2.o)
    0x080001ac   0x00000198   Code   RO         1939    .emb_text           RTX_CM4.lib(hal_cm4.o)
    0x08000344   0x00000030   Code   RO            4    .text               main.o
    0x08000374   0x00000088   Code   RO          156    .text               thread_led.o
    0x080003fc   0x00000180   Code   RO          189    .text               supporting_functions.o
    0x0800057c   0x000002dc   Code   RO          204    .text               system_config.o
    0x08000858   0x00000026   Code   RO          273    .text               rtx_conf_cm.o
    0x0800087e   0x00000002   PAD
    0x08000880   0x000001b0   Code   RO          304    .text               stm32f4xx_hal.o
    0x08000a30   0x0000099c   Code   RO          330    .text               stm32f4xx_hal_adc.o
    0x080013cc   0x00000720   Code   RO          354    .text               stm32f4xx_hal_adc_ex.o
    0x08001aec   0x00000324   Code   RO          378    .text               stm32f4xx_hal_cortex.o
    0x08001e10   0x00000618   Code   RO          406    .text               stm32f4xx_hal_dma.o
    0x08002428   0x000003cc   Code   RO          455    .text               stm32f4xx_hal_gpio.o
    0x080027f4   0x00000a4c   Code   RO          527    .text               stm32f4xx_hal_rcc.o
    0x08003240   0x00002800   Code   RO          602    .text               stm32f4xx_hal_tim.o
    0x08005a40   0x00000d88   Code   RO          626    .text               stm32f4xx_hal_tim_ex.o
    0x080067c8   0x00000024   Code   RO          698    .text               startup_stm32f407xx.o
    0x080067ec   0x00000120   Code   RO          705    .text               system_stm32f4xx.o
    0x0800690c   0x00000024   Code   RO         1957    .text               mc_w.l(memcpya.o)
    0x08006930   0x00000024   Code   RO         2259    .text               mc_w.l(init.o)
    0x08006954   0x00000000   Code   RO         2261    .text               mc_w.l(semi.o)
    0x08006954   0x00000000   Code   RO         2262    .text               mc_w.l(iusesemip.o)
    0x08006954   0x00000004   Code   RO         1949    SVC_TABLE           RTX_CM4.lib(svc_table.o)
    0x08006958   0x00000010   Code   RO         1962    i.__0printf$bare    mc_w.l(printfb.o)
    0x08006968   0x0000000e   Code   RO         2265    i.__scatterload_copy  mc_w.l(handlers.o)
    0x08006976   0x00000002   Code   RO         2266    i.__scatterload_null  mc_w.l(handlers.o)
    0x08006978   0x0000000e   Code   RO         2267    i.__scatterload_zeroinit  mc_w.l(handlers.o)
    0x08006986   0x00000046   Code   RO         1812    i._init_box         RTX_CM4.lib(rt_membox.o)
    0x080069cc   0x00000022   Code   RO         1969    i._printf_core      mc_w.l(printfb.o)
    0x080069ee   0x00000002   PAD
    0x080069f0   0x00000030   Code   RO         1865    i.dbg_init          RTX_CM4.lib(hal_cm.o)
    0x08006a20   0x00000020   Code   RO         1866    i.dbg_task_notify   RTX_CM4.lib(hal_cm.o)
    0x08006a40   0x00000010   Code   RO         1867    i.dbg_task_switch   RTX_CM4.lib(hal_cm.o)
    0x08006a50   0x00000012   Code   RO         2241    i.fputc             mc_w.l(fputc.o)
    0x08006a62   0x0000002a   Code   RO          736    i.isrMessageGet     RTX_CM4.lib(rt_cmsis.o)
    0x08006a8c   0x0000002c   Code   RO          737    i.isrMessagePut     RTX_CM4.lib(rt_cmsis.o)
    0x08006ab8   0x00000052   Code   RO         1691    i.isr_mbx_receive   RTX_CM4.lib(rt_mailbox.o)
    0x08006b0a   0x0000000e   Code   RO         1692    i.isr_mbx_send      RTX_CM4.lib(rt_mailbox.o)
    0x08006b18   0x00000018   Code   RO          740    i.osDelay           RTX_CM4.lib(rt_cmsis.o)
    0x08006b30   0x00000024   Code   RO          741    i.osKernelInitialize  RTX_CM4.lib(rt_cmsis.o)
    0x08006b54   0x0000006c   Code   RO          743    i.osKernelStart     RTX_CM4.lib(rt_cmsis.o)
    0x08006bc0   0x00000018   Code   RO          752    i.osMessageGet      RTX_CM4.lib(rt_cmsis.o)
    0x08006bd8   0x00000030   Code   RO          769    i.osThreadCreate    RTX_CM4.lib(rt_cmsis.o)
    0x08006c08   0x00000018   Code   RO          770    i.osThreadExit      RTX_CM4.lib(rt_cmsis.o)
    0x08006c20   0x0000000c   Code   RO          776    i.osTimerCall       RTX_CM4.lib(rt_cmsis.o)
    0x08006c2c   0x0000002c   Code   RO          781    i.osTimerThread     RTX_CM4.lib(rt_cmsis.o)
    0x08006c58   0x00000028   Code   RO         1479    i.os_tick_init      RTX_CM4.lib(rt_system.o)
    0x08006c80   0x00000002   Code   RO         1480    i.os_tick_irqack    RTX_CM4.lib(rt_system.o)
    0x08006c82   0x0000001a   Code   RO         1813    i.rt_alloc_box      RTX_CM4.lib(rt_membox.o)
    0x08006c9c   0x0000003e   Code   RO         1841    i.rt_alloc_mem      RTX_CM4.lib(rt_memory.o)
    0x08006cda   0x00000002   PAD
    0x08006cdc   0x00000038   Code   RO         1394    i.rt_block          RTX_CM4.lib(rt_task.o)
    0x08006d14   0x00000048   Code   RO         1918    i.rt_chk_robin      RTX_CM4.lib(rt_robin.o)
    0x08006d5c   0x00000070   Code   RO         1615    i.rt_dec_dly        RTX_CM4.lib(rt_list.o)
    0x08006dcc   0x00000044   Code   RO         1395    i.rt_dispatch       RTX_CM4.lib(rt_task.o)
    0x08006e10   0x00000006   Code   RO         1361    i.rt_dly_wait       RTX_CM4.lib(rt_time.o)
    0x08006e16   0x00000002   PAD
    0x08006e18   0x00000050   Code   RO         1572    i.rt_evt_psh        RTX_CM4.lib(rt_event.o)
    0x08006e68   0x0000002c   Code   RO         1814    i.rt_free_box       RTX_CM4.lib(rt_membox.o)
    0x08006e94   0x00000028   Code   RO         1842    i.rt_free_mem       RTX_CM4.lib(rt_memory.o)
    0x08006ebc   0x00000028   Code   RO         1616    i.rt_get_first      RTX_CM4.lib(rt_list.o)
    0x08006ee4   0x00000008   Code   RO          786    i.rt_id2obj         RTX_CM4.lib(rt_cmsis.o)
    0x08006eec   0x00000048   Code   RO         1396    i.rt_init_context   RTX_CM4.lib(rt_task.o)
    0x08006f34   0x0000001a   Code   RO         1843    i.rt_init_mem       RTX_CM4.lib(rt_memory.o)
    0x08006f4e   0x00000002   PAD
    0x08006f50   0x00000018   Code   RO         1919    i.rt_init_robin     RTX_CM4.lib(rt_robin.o)
    0x08006f68   0x00000080   Code   RO         1868    i.rt_init_stack     RTX_CM4.lib(hal_cm.o)
    0x08006fe8   0x00000008   Code   RO         1693    i.rt_mbx_check      RTX_CM4.lib(rt_mailbox.o)
    0x08006ff0   0x0000001a   Code   RO         1694    i.rt_mbx_init       RTX_CM4.lib(rt_mailbox.o)
    0x0800700a   0x00000002   PAD
    0x0800700c   0x000000f0   Code   RO         1695    i.rt_mbx_psh        RTX_CM4.lib(rt_mailbox.o)
    0x080070fc   0x000000b4   Code   RO         1697    i.rt_mbx_wait       RTX_CM4.lib(rt_mailbox.o)
    0x080071b0   0x00000044   Code   RO          787    i.rt_ms2tick        RTX_CM4.lib(rt_cmsis.o)
    0x080071f4   0x0000007c   Code   RO         1483    i.rt_pop_req        RTX_CM4.lib(rt_system.o)
    0x08007270   0x00000020   Code   RO         1484    i.rt_psh_req        RTX_CM4.lib(rt_system.o)
    0x08007290   0x0000005c   Code   RO         1618    i.rt_psq_enq        RTX_CM4.lib(rt_list.o)
    0x080072ec   0x00000048   Code   RO         1619    i.rt_put_dly        RTX_CM4.lib(rt_list.o)
    0x08007334   0x00000036   Code   RO         1620    i.rt_put_prio       RTX_CM4.lib(rt_list.o)
    0x0800736a   0x00000002   PAD
    0x0800736c   0x00000014   Code   RO         1621    i.rt_put_rdy_first  RTX_CM4.lib(rt_list.o)
    0x08007380   0x00000034   Code   RO         1622    i.rt_resort_prio    RTX_CM4.lib(rt_list.o)
    0x080073b4   0x00000010   Code   RO         1869    i.rt_ret_regs       RTX_CM4.lib(hal_cm.o)
    0x080073c4   0x0000000c   Code   RO         1870    i.rt_ret_val        RTX_CM4.lib(hal_cm.o)
    0x080073d0   0x00000010   Code   RO         1871    i.rt_ret_val2       RTX_CM4.lib(hal_cm.o)
    0x080073e0   0x00000028   Code   RO         1623    i.rt_rmv_dly        RTX_CM4.lib(rt_list.o)
    0x08007408   0x00000030   Code   RO         1624    i.rt_rmv_list       RTX_CM4.lib(rt_list.o)
    0x08007438   0x00000034   Code   RO         1742    i.rt_sem_psh        RTX_CM4.lib(rt_semaphore.o)
    0x0800746c   0x00000024   Code   RO         1486    i.rt_stk_check      RTX_CM4.lib(rt_system.o)
    0x08007490   0x00000028   Code   RO         1397    i.rt_switch_req     RTX_CM4.lib(rt_task.o)
    0x080074b8   0x000000cc   Code   RO         1398    i.rt_sys_init       RTX_CM4.lib(rt_task.o)
    0x08007584   0x00000078   Code   RO         1399    i.rt_sys_start      RTX_CM4.lib(rt_task.o)
    0x080075fc   0x00000040   Code   RO         1488    i.rt_systick        RTX_CM4.lib(rt_system.o)
    0x0800763c   0x00000012   Code   RO          788    i.rt_tid2ptcb       RTX_CM4.lib(rt_cmsis.o)
    0x0800764e   0x00000002   PAD
    0x08007650   0x00000034   Code   RO          789    i.rt_timer_insert   RTX_CM4.lib(rt_cmsis.o)
    0x08007684   0x00000088   Code   RO         1400    i.rt_tsk_create     RTX_CM4.lib(rt_task.o)
    0x0800770c   0x0000017c   Code   RO         1401    i.rt_tsk_delete     RTX_CM4.lib(rt_task.o)
    0x08007888   0x0000007c   Code   RO         1403    i.rt_tsk_prio       RTX_CM4.lib(rt_task.o)
    0x08007904   0x00000010   Code   RO         1404    i.rt_tsk_self       RTX_CM4.lib(rt_task.o)
    0x08007914   0x00000012   Code   RO          791    i.svcDelay          RTX_CM4.lib(rt_cmsis.o)
    0x08007926   0x00000002   PAD
    0x08007928   0x00000070   Code   RO          792    i.svcKernelInitialize  RTX_CM4.lib(rt_cmsis.o)
    0x08007998   0x00000048   Code   RO          794    i.svcKernelStart    RTX_CM4.lib(rt_cmsis.o)
    0x080079e0   0x00000024   Code   RO          797    i.svcMessageCreate  RTX_CM4.lib(rt_cmsis.o)
    0x08007a04   0x0000003a   Code   RO          798    i.svcMessageGet     RTX_CM4.lib(rt_cmsis.o)
    0x08007a3e   0x00000002   PAD
    0x08007a40   0x00000070   Code   RO          812    i.svcThreadCreate   RTX_CM4.lib(rt_cmsis.o)
    0x08007ab0   0x0000001c   Code   RO          813    i.svcThreadGetId    RTX_CM4.lib(rt_cmsis.o)
    0x08007acc   0x00000038   Code   RO          816    i.svcThreadTerminate  RTX_CM4.lib(rt_cmsis.o)
    0x08007b04   0x00000018   Code   RO          818    i.svcTimerCall      RTX_CM4.lib(rt_cmsis.o)
    0x08007b1c   0x0000005c   Code   RO          827    i.sysTimerTick      RTX_CM4.lib(rt_cmsis.o)
    0x08007b78   0x00000010   Data   RO          158    .constdata          thread_led.o
    0x08007b88   0x00000056   Data   RO          275    .constdata          rtx_conf_cm.o
    0x08007bde   0x00000008   Data   RO          407    .constdata          stm32f4xx_hal_dma.o
    0x08007be6   0x00000010   Data   RO          528    .constdata          stm32f4xx_hal_rcc.o
    0x08007bf6   0x00000010   Data   RO          706    .constdata          system_stm32f4xx.o
    0x08007c06   0x00000002   PAD
    0x08007c08   0x00000020   Data   RO         2263    Region$$Table       anon$$obj.o


    Execution Region RW_IRAM1 (Base: 0x20000000, Size: 0x00001fd8, Max: 0x00020000, ABSOLUTE)

    Base Addr    Size         Type   Attr      Idx    E Section Name        Object

    0x20000000   0x00000004   Data   RW          159    .data               thread_led.o
    0x20000004   0x00000020   Data   RW          276    .data               rtx_conf_cm.o
    0x20000024   0x00000004   Data   RW          305    .data               stm32f4xx_hal.o
    0x20000028   0x00000004   Data   RW          707    .data               system_stm32f4xx.o
    0x2000002c   0x00000008   Data   RW          830    .data               RTX_CM4.lib(rt_cmsis.o)
    0x20000034   0x00000004   Data   RW         1365    .data               RTX_CM4.lib(rt_time.o)
    0x20000038   0x00000008   Data   RW         1406    .data               RTX_CM4.lib(rt_task.o)
    0x20000040   0x00000008   Data   RW         1491    .data               RTX_CM4.lib(rt_system.o)
    0x20000048   0x00000001   Data   RW         1872    .data               RTX_CM4.lib(hal_cm.o)
    0x20000049   0x00000003   PAD
    0x2000004c   0x00000008   Data   RW         1920    .data               RTX_CM4.lib(rt_robin.o)
    0x20000054   0x00000004   Data   RW         2243    .data               mc_w.l(stdout.o)
    0x20000058   0x00000110   Zero   RW            5    .bss                main.o
    0x20000168   0x00000014   Zero   RW          157    .bss                thread_led.o
    0x2000017c   0x00000004   PAD
    0x20000180   0x000019f0   Zero   RW          274    .bss                rtx_conf_cm.o
    0x20001b70   0x00000034   Zero   RW         1405    .bss                RTX_CM4.lib(rt_task.o)
    0x20001ba4   0x00000030   Zero   RW         1625    .bss                RTX_CM4.lib(rt_list.o)
    0x20001bd4   0x00000004   PAD
    0x20001bd8   0x00000400   Zero   RW          695    STACK               startup_stm32f407xx.o


==============================================================================

Image component sizes


      Code (inc. data)   RO Data    RW Data    ZI Data      Debug   Object Name

        48          4          0          0        272     387456   main.o
        62          6         86         32       6640       7550   rtx_conf_cm.o
        36          8        392          0       1024        912   startup_stm32f407xx.o
       432         26          0          4          0       5002   stm32f4xx_hal.o
      2460         70          0          0          0       7835   stm32f4xx_hal_adc.o
      1824         40          0          0          0       5878   stm32f4xx_hal_adc_ex.o
       804         20          0          0          0      32387   stm32f4xx_hal_cortex.o
      1560         16          8          0          0       5216   stm32f4xx_hal_dma.o
       972         50          0          0          0       3899   stm32f4xx_hal_gpio.o
      2636         66         16          0          0       5806   stm32f4xx_hal_rcc.o
     10240        152          0          0          0      32694   stm32f4xx_hal_tim.o
      3464         26          0          0          0      12430   stm32f4xx_hal_tim_ex.o
       384        312          0          0          0        656   supporting_functions.o
       732        138          0          0          0       1852   system_config.o
       288         32         16          4          0       1799   system_stm32f4xx.o
       136         22         16          4         20       1831   thread_led.o

    ----------------------------------------------------------------------
     26080        988        568         44       7960     513203   Object Totals
         0          0         32          0          0          0   (incl. Generated)
         2          0          2          0          4          0   (incl. Padding)

    ----------------------------------------------------------------------

      Code (inc. data)   RO Data    RW Data    ZI Data      Debug   Library Member Name

       268         24          0          1          0       4452   hal_cm.o
       408         34          0          0          0        816   hal_cm4.o
      1160        146          0          8          0      35054   rt_cmsis.o
        80          4          0          0          0        701   rt_event.o
       530         34          0          0         48       8597   rt_list.o
       550         10          0          0          0       4185   rt_mailbox.o
       140          0          0          0          0       2045   rt_membox.o
       128          0          0          0          0       2419   rt_memory.o
        96         22          0          8          0       1230   rt_robin.o
        52          4          0          0          0        613   rt_semaphore.o
       298         52          0          8          0       6439   rt_system.o
      1216        174          0          8         52      10025   rt_task.o
         6          0          0          4          0        684   rt_time.o
         4          4          0          0          0        200   svc_table.o
         0          0          0          0          0          0   entry.o
         0          0          0          0          0          0   entry10a.o
         0          0          0          0          0          0   entry11a.o
         8          4          0          0          0          0   entry2.o
         4          0          0          0          0          0   entry5.o
         0          0          0          0          0          0   entry7b.o
         0          0          0          0          0          0   entry8b.o
        18          0          0          0          0         80   fputc.o
        30          0          0          0          0          0   handlers.o
        36          8          0          0          0         68   init.o
         0          0          0          0          0          0   iusesemip.o
        36          0          0          0          0         68   memcpya.o
        50          8          0          0          0        152   printfb.o
         0          0          0          0          0          0   semi.o
         0          0          0          4          0          0   stdout.o

    ----------------------------------------------------------------------
      5136        528          0         44        104      77828   Library Totals
        18          0          0          3          4          0   (incl. Padding)

    ----------------------------------------------------------------------

      Code (inc. data)   RO Data    RW Data    ZI Data      Debug   Library Name

      4936        508          0         37        100      77460   RTX_CM4.lib
       182         20          0          4          0        368   mc_w.l

    ----------------------------------------------------------------------
      5136        528          0         44        104      77828   Library Totals

    ----------------------------------------------------------------------

==============================================================================


      Code (inc. data)   RO Data    RW Data    ZI Data      Debug   

     31216       1516        568         88       8064     580531   Grand Totals
     31216       1516        568         88       8064     580531   ELF Image Totals
     31216       1516        568         88          0          0   ROM Totals

==============================================================================

    Total RO  Size (Code + RO Data)                31784 (  31.04kB)
    Total RW  Size (RW Data + ZI Data)              8152 (   7.96kB)
    Total ROM Size (Code + RO Data + RW Data)      31872 (  31.13kB)

==============================================================================

