Component: ARM Compiler 5.05 update 2 (build 169) Tool: armlink [4d0f33]

==============================================================================

Section Cross References

    main.o(.text) refers to rt_cmsis.o(i.osKernelInitialize) for osKernelInitialize
    main.o(.text) refers to stm32f4xx_hal.o(.text) for HAL_Init
    main.o(.text) refers to system_config.o(.text) for SystemClock_Config
    main.o(.text) refers to rt_cmsis.o(i.osMutexCreate) for osMutexCreate
    main.o(.text) refers to thread_adc.o(.text) for start_Thread_ADC
    main.o(.text) refers to thread_disp.o(.text) for start_Thread_DISP
    main.o(.text) refers to rt_cmsis.o(i.osKernelStart) for osKernelStart
    main.o(.text) refers to rt_time.o(.data) for os_time
    main.o(.text) refers to main.o(.constdata) for os_mutex_def_temp_mutex
    main.o(.text) refers to main.o(.data) for temp_mutex_id
    main.o(.constdata) refers to main.o(.bss) for os_mutex_cb_temp_mutex
    thread_led.o(.text) refers to rt_cmsis.o(i.osThreadCreate) for osThreadCreate
    thread_led.o(.text) refers to rt_cmsis.o(i.osDelay) for osDelay
    thread_led.o(.text) refers to stm32f4xx_hal_gpio.o(.text) for HAL_GPIO_TogglePin
    thread_led.o(.text) refers to printfa.o(i.__0printf) for __2printf
    thread_led.o(.text) refers to thread_led.o(.constdata) for os_thread_def_Thread_LED
    thread_led.o(.text) refers to thread_led.o(.data) for tid_Thread_LED
    thread_led.o(.text) refers to thread_led.o(.bss) for LED_configuration
    thread_led.o(.constdata) refers to thread_led.o(.text) for Thread_LED
    supporting_functions.o(.text) refers to printfa.o(i.__0printf) for __2printf
    thread_adc.o(.text) refers to rt_cmsis.o(i.osThreadCreate) for osThreadCreate
    thread_adc.o(.text) refers to printfa.o(i.__0printf) for __2printf
    thread_adc.o(.text) refers to kalman_filter.o(.text) for Reset
    thread_adc.o(.text) refers to rt_cmsis.o(i.osDelay) for osDelay
    thread_adc.o(.text) refers to stm32f4xx_hal_adc.o(.text) for HAL_ADC_Start
    thread_adc.o(.text) refers to dfltui.o(.text) for __aeabi_ui2d
    thread_adc.o(.text) refers to rt_cmsis.o(i.osMutexWait) for osMutexWait
    thread_adc.o(.text) refers to dmul.o(.text) for __aeabi_dmul
    thread_adc.o(.text) refers to ddiv.o(.text) for __aeabi_ddiv
    thread_adc.o(.text) refers to dadd.o(.text) for __aeabi_dsub
    thread_adc.o(.text) refers to rt_cmsis.o(i.osMutexRelease) for osMutexRelease
    thread_adc.o(.text) refers to thread_adc.o(.constdata) for os_thread_def_Thread_ADC
    thread_adc.o(.text) refers to thread_adc.o(.data) for tid_Thread_ADC
    thread_adc.o(.text) refers to thread_adc.o(.bss) for kstate
    thread_adc.o(.text) refers to main.o(.data) for temp_mutex_id
    thread_adc.o(.constdata) refers to thread_adc.o(.text) for Thread_ADC
    system_config.o(.text) refers to stm32f4xx_hal_rcc.o(.text) for HAL_RCC_OscConfig
    system_config.o(.text) refers to memcpya.o(.text) for __aeabi_memcpy4
    system_config.o(.text) refers to stm32f4xx_hal_adc.o(.text) for HAL_ADC_Init
    system_config.o(.text) refers to supporting_functions.o(.text) for Error_Handler
    system_config.o(.text) refers to stm32f4xx_hal_gpio.o(.text) for HAL_GPIO_Init
    system_config.o(.text) refers to lis3dsh.o(.text) for LIS3DSH_Init
    system_config.o(.text) refers to stm32f4xx_hal_cortex.o(.text) for HAL_NVIC_EnableIRQ
    system_config.o(.text) refers to stm32f4xx_hal_tim.o(.text) for HAL_TIM_Base_Init
    system_config.o(.text) refers to printfa.o(i.__0printf) for __2printf
    system_config.o(.text) refers to thread_adc.o(.bss) for ADC1_Handle
    system_config.o(.text) refers to thread_mems.o(.bss) for TIM_HandleStruct
    kalman_filter.o(.text) refers to dadd.o(.text) for __aeabi_dadd
    kalman_filter.o(.text) refers to ddiv.o(.text) for __aeabi_ddiv
    kalman_filter.o(.text) refers to dmul.o(.text) for __aeabi_dmul
    kalman_filter.o(.text) refers to cdcmple.o(.text) for __aeabi_cdcmpeq
    thread_disp.o(.text) refers to rt_cmsis.o(i.osThreadCreate) for osThreadCreate
    thread_disp.o(.text) refers to rt_cmsis.o(i.osMutexWait) for osMutexWait
    thread_disp.o(.text) refers to rt_cmsis.o(i.osMutexRelease) for osMutexRelease
    thread_disp.o(.text) refers to 7seg_display.o(.text) for Parse_Temp
    thread_disp.o(.text) refers to stm32f4xx_hal_gpio.o(.text) for HAL_GPIO_WritePin
    thread_disp.o(.text) refers to thread_disp.o(.constdata) for os_thread_def_Thread_DISP
    thread_disp.o(.text) refers to thread_disp.o(.data) for tid_Thread_DISP
    thread_disp.o(.text) refers to main.o(.data) for temp_mutex_id
    thread_disp.o(.text) refers to thread_adc.o(.data) for output
    thread_disp.o(.constdata) refers to thread_disp.o(.text) for Thread_DISP
    7seg_display.o(.text) refers to stm32f4xx_hal_gpio.o(.text) for HAL_GPIO_WritePin
    7seg_display.o(.text) refers to dmul.o(.text) for __aeabi_dmul
    7seg_display.o(.text) refers to dfixi.o(.text) for __aeabi_d2iz
[...]
    i.rt_tid2ptcb                            0x0800aaf0   Section        0  rt_cmsis.o(i.rt_tid2ptcb)
    rt_tid2ptcb                              0x0800aaf1   Thumb Code    18  rt_cmsis.o(i.rt_tid2ptcb)
    i.rt_timer_insert                        0x0800ab04   Section        0  rt_cmsis.o(i.rt_timer_insert)
    rt_timer_insert                          0x0800ab05   Thumb Code    48  rt_cmsis.o(i.rt_timer_insert)
    i.rt_tsk_create                          0x0800ab38   Section        0  rt_task.o(i.rt_tsk_create)
    i.rt_tsk_delete                          0x0800abc0   Section        0  rt_task.o(i.rt_tsk_delete)
    i.rt_tsk_prio                            0x0800ad3c   Section        0  rt_task.o(i.rt_tsk_prio)
    i.rt_tsk_self                            0x0800adb8   Section        0  rt_task.o(i.rt_tsk_self)
    i.svcDelay                               0x0800adc8   Section        0  rt_cmsis.o(i.svcDelay)
    i.svcKernelInitialize                    0x0800addc   Section        0  rt_cmsis.o(i.svcKernelInitialize)
    i.svcKernelStart                         0x0800ae4c   Section        0  rt_cmsis.o(i.svcKernelStart)
    i.svcMessageCreate                       0x0800ae94   Section        0  rt_cmsis.o(i.svcMessageCreate)
    i.svcMessageGet                          0x0800aeb8   Section        0  rt_cmsis.o(i.svcMessageGet)
    i.svcMutexCreate                         0x0800aef2   Section        0  rt_cmsis.o(i.svcMutexCreate)
    i.svcMutexRelease                        0x0800af0e   Section        0  rt_cmsis.o(i.svcMutexRelease)
    i.svcMutexWait                           0x0800af30   Section        0  rt_cmsis.o(i.svcMutexWait)
    i.svcThreadCreate                        0x0800af68   Section        0  rt_cmsis.o(i.svcThreadCreate)
    i.svcThreadGetId                         0x0800afd8   Section        0  rt_cmsis.o(i.svcThreadGetId)
    i.svcThreadTerminate                     0x0800aff4   Section        0  rt_cmsis.o(i.svcThreadTerminate)
    i.svcTimerCall                           0x0800b02c   Section        0  rt_cmsis.o(i.svcTimerCall)
    i.sysTimerTick                           0x0800b044   Section        0  rt_cmsis.o(i.sysTimerTick)
    .constdata                               0x0800b0a0   Section        4  main.o(.constdata)
    .constdata                               0x0800b0a4   Section       16  thread_adc.o(.constdata)
    .constdata                               0x0800b0b4   Section       16  thread_disp.o(.constdata)
    .constdata                               0x0800b0c4   Section       86  rtx_conf_cm.o(.constdata)
    __tagsym$$used                           0x0800b0e0   Number         0  rtx_conf_cm.o(.constdata)
    __tagsym$$used                           0x0800b0e4   Number         0  rtx_conf_cm.o(.constdata)
    __tagsym$$used                           0x0800b0e8   Number         0  rtx_conf_cm.o(.constdata)
    __tagsym$$used                           0x0800b0ec   Number         0  rtx_conf_cm.o(.constdata)
    .constdata                               0x0800b11a   Section        8  stm32f4xx_hal_dma.o(.constdata)
    flagBitshiftOffset                       0x0800b11a   Data           8  stm32f4xx_hal_dma.o(.constdata)
    .constdata                               0x0800b122   Section       16  stm32f4xx_hal_rcc.o(.constdata)
    .constdata                               0x0800b132   Section       16  system_stm32f4xx.o(.constdata)
    .data                                    0x20000000   Section        4  main.o(.data)
    .data                                    0x20000008   Section       16  thread_adc.o(.data)
    .data                                    0x20000018   Section        4  thread_disp.o(.data)
    .data                                    0x2000001c   Section       12  interrupt_handling.o(.data)
    .data                                    0x20000028   Section        4  lis3dsh.o(.data)
    .data                                    0x2000002c   Section       32  rtx_conf_cm.o(.data)
    .data                                    0x2000004c   Section        4  stm32f4xx_hal.o(.data)
    uwTick                                   0x2000004c   Data           4  stm32f4xx_hal.o(.data)
    .data                                    0x20000050   Section        4  system_stm32f4xx.o(.data)
    .data                                    0x20000054   Section        8  rt_cmsis.o(.data)
    .data                                    0x2000005c   Section        4  rt_time.o(.data)
    .data                                    0x20000060   Section        8  rt_task.o(.data)
    .data                                    0x20000068   Section        8  rt_system.o(.data)
    os_lock                                  0x20000068   Data           1  rt_system.o(.data)
    os_psh_flag                              0x20000069   Data           1  rt_system.o(.data)
    pend_flags                               0x2000006a   Data           1  rt_system.o(.data)
    .data                                    0x20000070   Section        1  hal_cm.o(.data)
    .data                                    0x20000074   Section        8  rt_robin.o(.data)
    .data                                    0x2000007c   Section        4  stdout.o(.data)
    .bss                                     0x20000080   Section       16  main.o(.bss)
    .bss                                     0x20000090   Section      108  thread_adc.o(.bss)
    .bss                                     0x200000fc   Section       60  thread_mems.o(.bss)
    .bss                                     0x20000138   Section       88  lis3dsh.o(.bss)
    .bss                                     0x20000190   Section     6640  rtx_conf_cm.o(.bss)
    .bss                                     0x20001b80   Section       52  rt_task.o(.bss)
    .bss                                     0x20001bb4   Section       48  rt_list.o(.bss)
    STACK                                    0x20001be8   Section     1024  startup_stm32f407xx.o(STACK)

    Global Symbols

    Symbol Name                              Value     Ov Type        Size  Object(Section)

    BuildAttributes$$THM_ISAv4$E$P$D$K$B$S$7EM$VFPi3$EXTD16$VFPS$VFMA$PE$A:L22UL41UL21$X:L11$S22US41US21$IEEE1$IW$USESV6$~STKCKD$USESV7$~SHL$OSPACE$ROPI$EBA8$MICROLIB$REQ8$PRES8$EABIv2 0x00000000   Number         0  anon$$obj.o ABSOLUTE
    __ARM_use_no_argv                        0x00000000   Number         0  main.o ABSOLUTE
    _printf_a                                0x00000000   Number         0  stubs.o ABSOLUTE
    _printf_c                                0x00000000   Number         0  stubs.o ABSOLUTE
    _printf_charcount                        0x00000000   Number         0  stubs.o ABSOLUTE
    _printf_d                                0x00000000   Number         0  stubs.o ABSOLUTE
    _printf_e                                0x00000000   Number         0  stubs.o ABSOLUTE
    _printf_f                                0x00000000   Number         0  stubs.o ABSOLUTE
    _printf_flags                            0x00000000   Number         0  stubs.o ABSOLUTE
    _printf_fp_dec                           0x00000000   Number         0  stubs.o ABSOLUTE
    _printf_fp_hex                           0x00000000   Number         0  stubs.o ABSOLUTE
    _printf_g                                0x00000000   Number         0  stubs.o ABSOLUTE
    _printf_i                                0x00000000   Number         0  stubs.o ABSOLUTE
    _printf_int_dec                          0x00000000   Number         0  stubs.o ABSOLUTE
    _printf_l                                0x00000000   Number         0  stubs.o ABSOLUTE
    _printf_lc                               0x00000000   Number         0  stubs.o ABSOLUTE
    _printf_ll                               0x00000000   Number         0  stubs.o ABSOLUTE
    _printf_lld                              0x00000000   Number         0  stubs.o ABSOLUTE
    _printf_lli                              0x00000000   Number         0  stubs.o ABSOLUTE
    _printf_llo                              0x00000000   Number         0  stubs.o ABSOLUTE
    _printf_llu                              0x00000000   Number         0  stubs.o ABSOLUTE
    _printf_llx                              0x00000000   Number         0  stubs.o ABSOLUTE
    _printf_longlong_dec                     0x00000000   Number         0  stubs.o ABSOLUTE
    _printf_longlong_hex                     0x00000000   Number         0  stubs.o ABSOLUTE
    _printf_longlong_oct                     0x00000000   Number         0  stubs.o ABSOLUTE
    _printf_ls                               0x00000000   Number         0  stubs.o ABSOLUTE
    _printf_mbtowc                           0x00000000   Number         0  stubs.o ABSOLUTE
    _printf_n                                0x00000000   Number         0  stubs.o ABSOLUTE
    _printf_o                                0x00000000   Number         0  stubs.o ABSOLUTE
    _printf_p                                0x00000000   Number         0  stubs.o ABSOLUTE
    _printf_percent                          0x00000000   Number         0  stubs.o ABSOLUTE
    _printf_pre_padding                      0x00000000   Number         0  stubs.o ABSOLUTE
    _printf_return_value                     0x00000000   Number         0  stubs.o ABSOLUTE
    _printf_s                                0x00000000   Number         0  stubs.o ABSOLUTE
    _printf_sizespec                         0x00000000   Number         0  stubs.o ABSOLUTE
    _printf_str                              0x00000000   Number         0  stubs.o ABSOLUTE
    _printf_truncate_signed                  0x00000000   Number         0  stubs.o ABSOLUTE
    _printf_truncate_unsigned                0x00000000   Number         0  stubs.o ABSOLUTE
    _printf_u                                0x00000000   Number         0  stubs.o ABSOLUTE
    _printf_wc                               0x00000000   Number         0  stubs.o ABSOLUTE
    _printf_wctomb                           0x00000000   Number         0  stubs.o ABSOLUTE
    _printf_widthprec                        0x00000000   Number         0  stubs.o ABSOLUTE
    _printf_x                                0x00000000   Number         0  stubs.o ABSOLUTE
    __cpp_initialize__aeabi_                  - Undefined Weak Reference
    __cxa_finalize                            - Undefined Weak Reference
    __decompress                              - Undefined Weak Reference
    _clock_init                               - Undefined Weak Reference
    _microlib_exit                            - Undefined Weak Reference
    __Vectors_Size                           0x00000188   Number         0  startup_stm32f407xx.o ABSOLUTE
    __RL_RTX_VER                             0x00000480   Number         0  rt_system.o ABSOLUTE
    __Vectors                                0x08000000   Data           4  startup_stm32f407xx.o(RESET)
    __Vectors_End                            0x08000188   Data           0  startup_stm32f407xx.o(RESET)
    __main                                   0x08000189   Thumb Code     0  entry.o(.ARM.Collect$$$$00000000)
    _main_stk                                0x08000189   Thumb Code     0  entry2.o(.ARM.Collect$$$$00000001)
    _main_scatterload                        0x0800018d   Thumb Code     0  entry5.o(.ARM.Collect$$$$00000004)
    __main_after_scatterload                 0x08000191   Thumb Code     0  entry5.o(.ARM.Collect$$$$00000004)
    __rt_final_cpp                           0x08000191   Thumb Code     0  entry10a.o(.ARM.Collect$$$$0000000D)
    __rt_final_exit                          0x08000191   Thumb Code     0  entry11a.o(.ARM.Collect$$$$0000000F)
    _main_clock                              0x08000191   Thumb Code     0  entry7b.o(.ARM.Collect$$$$00000008)
    _main_cpp_init                           0x08000191   Thumb Code     0  entry8b.o(.ARM.Collect$$$$0000000A)
    _main_init                               0x08000191   Thumb Code    18  rtx_conf_cm.o(.ARM.Collect$$$$000000FF)
    rt_set_PSP                               0x080001ad   Thumb Code     6  hal_cm4.o(.emb_text)
    rt_get_PSP                               0x080001b3   Thumb Code     6  hal_cm4.o(.emb_text)
    os_set_env                               0x080001b9   Thumb Code    24  hal_cm4.o(.emb_text)
    _alloc_box                               0x080001d5   Thumb Code    28  hal_cm4.o(.emb_text)
    _free_box                                0x080001f5   Thumb Code    28  hal_cm4.o(.emb_text)
    SVC_Handler                              0x08000215   Thumb Code   168  hal_cm4.o(.emb_text)
    PendSV_Handler                           0x080002cd   Thumb Code    96  hal_cm4.o(.emb_text)
    SysTick_Handler                          0x08000331   Thumb Code     8  hal_cm4.o(.emb_text)
    OS_Tick_Handler                          0x08000339   Thumb Code    12  hal_cm4.o(.emb_text)
    HAL_GetTick                              0x08000345   Thumb Code     6  main.o(.text)
    main                                     0x0800034b   Thumb Code    60  main.o(.text)
    fputc                                    0x08000387   Thumb Code    52  main.o(.text)
    Error_Handler                            0x080003cd   Thumb Code    78  supporting_functions.o(.text)
    start_Thread_ADC                         0x0800054d   Thumb Code    36  thread_adc.o(.text)
    Thread_ADC                               0x08000571   Thumb Code   180  thread_adc.o(.text)
    SystemClock_Config                       0x08000695   Thumb Code   142  system_config.o(.text)
    ADC_Config                               0x08000723   Thumb Code   150  system_config.o(.text)
    GPIO_Config                              0x080007b9   Thumb Code   126  system_config.o(.text)
    MEMS_Config                              0x08000837   Thumb Code    44  system_config.o(.text)
    MEMS_Config_IT                           0x08000863   Thumb Code   108  system_config.o(.text)
    TIM3_Config                              0x080008cf   Thumb Code   128  system_config.o(.text)
    Kalmanfilter_C                           0x080009c1   Thumb Code   316  kalman_filter.o(.text)
    Reset                                    0x08000afd   Thumb Code    42  kalman_filter.o(.text)
    start_Thread_DISP                        0x08000b51   Thumb Code    30  thread_disp.o(.text)
    Thread_DISP                              0x08000b6f   Thumb Code   240  thread_disp.o(.text)
    Display                                  0x08000c75   Thumb Code  1228  7seg_display.o(.text)
    Parse_Temp                               0x08001141   Thumb Code   116  7seg_display.o(.text)
    Blink                                    0x080011b5   Thumb Code    92  7seg_display.o(.text)
    EXTI0_IRQHandler                         0x0800121d   Thumb Code    10  interrupt_handling.o(.text)
    HAL_GPIO_EXTI_Callback                   0x08001227   Thumb Code    36  interrupt_handling.o(.text)
    TIM3_IRQHandler                          0x0800124b   Thumb Code    10  interrupt_handling.o(.text)
    HAL_TIM_PeriodElapsedCallback            0x08001255   Thumb Code    12  interrupt_handling.o(.text)
    SPI_ReceiveData                          0x08001271   Thumb Code    10  lis3dsh.o(.text)
    LIS3DSH_TIMEOUT_UserCallback             0x0800127b   Thumb Code     4  lis3dsh.o(.text)
    SPI_SendData                             0x0800127f   Thumb Code     6  lis3dsh.o(.text)
    LIS3DSH_Write                            0x080012f1   Thumb Code    62  lis3dsh.o(.text)
    LIS3DSH_Init                             0x0800132f   Thumb Code   170  lis3dsh.o(.text)
    LIS3DSH_Read                             0x080013d9   Thumb Code    70  lis3dsh.o(.text)
    LIS3DSH_DataReadyInterruptConfig         0x0800141f   Thumb Code    42  lis3dsh.o(.text)
    LIS3DSH_LowpowerCmd                      0x08001449   Thumb Code    40  lis3dsh.o(.text)
    LIS3DSH_DataRateCmd                      0x08001471   Thumb Code    44  lis3dsh.o(.text)
    LIS3DSH_FullScaleCmd                     0x0800149d   Thumb Code    44  lis3dsh.o(.text)
    LIS3DSH_ReadACC                          0x080014c9   Thumb Code   504  lis3dsh.o(.text)
    HAL_SPI_MspInit                          0x080016c1   Thumb Code   218  lis3dsh.o(.text)
    os_idle_demon                            0x080017ad   Thumb Code     4  rtx_conf_cm.o(.text)
    os_error                                 0x080017b1   Thumb Code    34  rtx_conf_cm.o(.text)
    HAL_MspInit                              0x080017d5   Thumb Code    10  stm32f4xx_hal.o(.text)
    HAL_InitTick                             0x080017df   Thumb Code    36  stm32f4xx_hal.o(.text)
    HAL_Init                                 0x08001803   Thumb Code    54  stm32f4xx_hal.o(.text)
    HAL_MspDeInit                            0x08001839   Thumb Code    10  stm32f4xx_hal.o(.text)
    HAL_DeInit                               0x08001843   Thumb Code    64  stm32f4xx_hal.o(.text)
    HAL_IncTick                              0x08001883   Thumb Code    12  stm32f4xx_hal.o(.text)
    HAL_Delay                                0x08001895   Thumb Code    26  stm32f4xx_hal.o(.text)
    HAL_SuspendTick                          0x080018af   Thumb Code    18  stm32f4xx_hal.o(.text)
    HAL_ResumeTick                           0x080018c1   Thumb Code    18  stm32f4xx_hal.o(.text)
    HAL_GetHalVersion                        0x080018d3   Thumb Code     4  stm32f4xx_hal.o(.text)
    HAL_GetREVID                             0x080018d7   Thumb Code     8  stm32f4xx_hal.o(.text)
    HAL_GetDEVID                             0x080018df   Thumb Code    10  stm32f4xx_hal.o(.text)
    HAL_DBGMCU_EnableDBGSleepMode            0x080018e9   Thumb Code    14  stm32f4xx_hal.o(.text)
    HAL_DBGMCU_DisableDBGSleepMode           0x080018f7   Thumb Code    14  stm32f4xx_hal.o(.text)
    HAL_DBGMCU_EnableDBGStopMode             0x08001905   Thumb Code    14  stm32f4xx_hal.o(.text)
    HAL_DBGMCU_DisableDBGStopMode            0x08001913   Thumb Code    14  stm32f4xx_hal.o(.text)
    HAL_DBGMCU_EnableDBGStandbyMode          0x08001921   Thumb Code    14  stm32f4xx_hal.o(.text)
    HAL_DBGMCU_DisableDBGStandbyMode         0x0800192f   Thumb Code    14  stm32f4xx_hal.o(.text)
    HAL_EnableCompensationCell               0x0800193d   Thumb Code    22  stm32f4xx_hal.o(.text)
    HAL_DisableCompensationCell              0x08001953   Thumb Code    24  stm32f4xx_hal.o(.text)
    HAL_ADC_MspInit                          0x08001aef   Thumb Code     2  stm32f4xx_hal_adc.o(.text)
    HAL_ADC_Init                             0x08001af1   Thumb Code    74  stm32f4xx_hal_adc.o(.text)
    HAL_ADC_MspDeInit                        0x08001b3b   Thumb Code     2  stm32f4xx_hal_adc.o(.text)
    HAL_ADC_DeInit                           0x08001b3d   Thumb Code    34  stm32f4xx_hal_adc.o(.text)
    HAL_ADC_Start                            0x08001b5f   Thumb Code   182  stm32f4xx_hal_adc.o(.text)
    HAL_ADC_Stop                             0x08001c15   Thumb Code    24  stm32f4xx_hal_adc.o(.text)
    HAL_ADC_PollForConversion                0x08001c2d   Thumb Code   130  stm32f4xx_hal_adc.o(.text)
    HAL_ADC_PollForEvent                     0x08001caf   Thumb Code   104  stm32f4xx_hal_adc.o(.text)
    HAL_ADC_Start_IT                         0x08001d17   Thumb Code   232  stm32f4xx_hal_adc.o(.text)
    HAL_ADC_Stop_IT                          0x08001dff   Thumb Code    48  stm32f4xx_hal_adc.o(.text)
    HAL_ADC_ErrorCallback                    0x08001e2f   Thumb Code     2  stm32f4xx_hal_adc.o(.text)
    HAL_ADC_LevelOutOfWindowCallback         0x08001e31   Thumb Code     2  stm32f4xx_hal_adc.o(.text)
    HAL_ADC_ConvCpltCallback                 0x08001e33   Thumb Code     2  stm32f4xx_hal_adc.o(.text)
    HAL_ADC_IRQHandler                       0x08001e35   Thumb Code   348  stm32f4xx_hal_adc.o(.text)
    HAL_ADC_ConvHalfCpltCallback             0x08001fad   Thumb Code     2  stm32f4xx_hal_adc.o(.text)
    HAL_ADC_Start_DMA                        0x08001fe1   Thumb Code   186  stm32f4xx_hal_adc.o(.text)
    HAL_ADC_Stop_DMA                         0x0800209b   Thumb Code    56  stm32f4xx_hal_adc.o(.text)
    HAL_ADC_GetValue                         0x080020d3   Thumb Code     8  stm32f4xx_hal_adc.o(.text)
    HAL_ADC_ConfigChannel                    0x080020db   Thumb Code   416  stm32f4xx_hal_adc.o(.text)
    HAL_ADC_AnalogWDGConfig                  0x0800227b   Thumb Code   132  stm32f4xx_hal_adc.o(.text)
    HAL_ADC_GetState                         0x080022ff   Thumb Code     8  stm32f4xx_hal_adc.o(.text)
    HAL_ADC_GetError                         0x08002307   Thumb Code     6  stm32f4xx_hal_adc.o(.text)
    HAL_ADCEx_InjectedStart                  0x08002321   Thumb Code   230  stm32f4xx_hal_adc_ex.o(.text)
    HAL_ADCEx_InjectedStart_IT               0x08002407   Thumb Code   258  stm32f4xx_hal_adc_ex.o(.text)
    HAL_ADCEx_InjectedStop                   0x08002509   Thumb Code    24  stm32f4xx_hal_adc_ex.o(.text)
    HAL_ADCEx_InjectedPollForConversion      0x08002521   Thumb Code    90  stm32f4xx_hal_adc_ex.o(.text)
    HAL_ADCEx_InjectedStop_IT                0x0800257b   Thumb Code    48  stm32f4xx_hal_adc_ex.o(.text)
    HAL_ADCEx_InjectedGetValue               0x080025ab   Thumb Code    70  stm32f4xx_hal_adc_ex.o(.text)
    HAL_ADCEx_MultiModeStart_DMA             0x0800263f   Thumb Code   206  stm32f4xx_hal_adc_ex.o(.text)
    HAL_ADCEx_MultiModeStop_DMA              0x0800270d   Thumb Code   116  stm32f4xx_hal_adc_ex.o(.text)
    HAL_ADCEx_MultiModeGetValue              0x08002781   Thumb Code     8  stm32f4xx_hal_adc_ex.o(.text)
    HAL_ADCEx_InjectedConvCpltCallback       0x08002789   Thumb Code     2  stm32f4xx_hal_adc_ex.o(.text)
    HAL_ADCEx_InjectedConfigChannel          0x0800278b   Thumb Code   552  stm32f4xx_hal_adc_ex.o(.text)
    HAL_ADCEx_MultiModeConfigChannel         0x080029b3   Thumb Code   130  stm32f4xx_hal_adc_ex.o(.text)
    HAL_NVIC_SetPriorityGrouping             0x08002a61   Thumb Code    36  stm32f4xx_hal_cortex.o(.text)
    HAL_NVIC_SetPriority                     0x08002a85   Thumb Code   124  stm32f4xx_hal_cortex.o(.text)
    HAL_NVIC_EnableIRQ                       0x08002b01   Thumb Code    26  stm32f4xx_hal_cortex.o(.text)
    HAL_NVIC_DisableIRQ                      0x08002b1b   Thumb Code    22  stm32f4xx_hal_cortex.o(.text)
    HAL_NVIC_SystemReset                     0x08002b31   Thumb Code    64  stm32f4xx_hal_cortex.o(.text)
    HAL_SYSTICK_Config                       0x08002b71   Thumb Code    52  stm32f4xx_hal_cortex.o(.text)
    HAL_MPU_ConfigRegion                     0x08002ba5   Thumb Code    90  stm32f4xx_hal_cortex.o(.text)
    HAL_NVIC_GetPriorityGrouping             0x08002bff   Thumb Code     8  stm32f4xx_hal_cortex.o(.text)
    HAL_NVIC_GetPriority                     0x08002c07   Thumb Code   138  stm32f4xx_hal_cortex.o(.text)
    HAL_NVIC_SetPendingIRQ                   0x08002c91   Thumb Code    24  stm32f4xx_hal_cortex.o(.text)
    HAL_NVIC_GetPendingIRQ                   0x08002ca9   Thumb Code    38  stm32f4xx_hal_cortex.o(.text)
    HAL_NVIC_ClearPendingIRQ                 0x08002ccf   Thumb Code    22  stm32f4xx_hal_cortex.o(.text)
    HAL_NVIC_GetActive                       0x08002ce5   Thumb Code    38  stm32f4xx_hal_cortex.o(.text)
    HAL_SYSTICK_CLKSourceConfig              0x08002d0b   Thumb Code    40  stm32f4xx_hal_cortex.o(.text)
    HAL_SYSTICK_Callback                     0x08002d33   Thumb Code    10  stm32f4xx_hal_cortex.o(.text)
    HAL_SYSTICK_IRQHandler                   0x08002d3d   Thumb Code     8  stm32f4xx_hal_cortex.o(.text)
    HAL_DMA_Init                             0x08002d93   Thumb Code   128  stm32f4xx_hal_dma.o(.text)
    HAL_DMA_DeInit                           0x08002e13   Thumb Code   100  stm32f4xx_hal_dma.o(.text)
    HAL_DMA_Start                            0x08002ea3   Thumb Code    82  stm32f4xx_hal_dma.o(.text)
    HAL_DMA_Start_IT                         0x08002ef5   Thumb Code   106  stm32f4xx_hal_dma.o(.text)
    HAL_DMA_Abort                            0x08002f5f   Thumb Code    94  stm32f4xx_hal_dma.o(.text)
    HAL_DMA_PollForTransfer                  0x08002fbd   Thumb Code   412  stm32f4xx_hal_dma.o(.text)
    HAL_DMA_IRQHandler                       0x08003159   Thumb Code   530  stm32f4xx_hal_dma.o(.text)
    HAL_DMA_GetState                         0x0800336b   Thumb Code     8  stm32f4xx_hal_dma.o(.text)
    HAL_DMA_GetError                         0x08003373   Thumb Code     6  stm32f4xx_hal_dma.o(.text)
    HAL_GPIO_Init                            0x0800337d   Thumb Code   476  stm32f4xx_hal_gpio.o(.text)
    HAL_GPIO_DeInit                          0x08003559   Thumb Code   326  stm32f4xx_hal_gpio.o(.text)
    HAL_GPIO_ReadPin                         0x0800369f   Thumb Code    16  stm32f4xx_hal_gpio.o(.text)
    HAL_GPIO_WritePin                        0x080036af   Thumb Code    12  stm32f4xx_hal_gpio.o(.text)
    HAL_GPIO_TogglePin                       0x080036bb   Thumb Code     8  stm32f4xx_hal_gpio.o(.text)
    HAL_GPIO_LockPin                         0x080036c3   Thumb Code    46  stm32f4xx_hal_gpio.o(.text)
    HAL_GPIO_EXTI_IRQHandler                 0x080036fb   Thumb Code    28  stm32f4xx_hal_gpio.o(.text)
    HAL_RCC_OscConfig                        0x0800374b   Thumb Code  1032  stm32f4xx_hal_rcc.o(.text)
    HAL_RCC_ClockConfig                      0x08003b53   Thumb Code   680  stm32f4xx_hal_rcc.o(.text)
    HAL_RCC_MCOConfig                        0x08003dfb   Thumb Code   178  stm32f4xx_hal_rcc.o(.text)
    HAL_RCC_EnableCSS                        0x08003ead   Thumb Code     8  stm32f4xx_hal_rcc.o(.text)
    HAL_RCC_DisableCSS                       0x08003eb5   Thumb Code     8  stm32f4xx_hal_rcc.o(.text)
    HAL_RCC_GetSysClockFreq                  0x08003ebd   Thumb Code   198  stm32f4xx_hal_rcc.o(.text)
    HAL_RCC_GetHCLKFreq                      0x08003f83   Thumb Code    42  stm32f4xx_hal_rcc.o(.text)
    HAL_RCC_GetPCLK1Freq                     0x08003fad   Thumb Code    36  stm32f4xx_hal_rcc.o(.text)
    HAL_RCC_GetPCLK2Freq                     0x08003fd1   Thumb Code    36  stm32f4xx_hal_rcc.o(.text)
    HAL_RCC_GetOscConfig                     0x08003ff5   Thumb Code   296  stm32f4xx_hal_rcc.o(.text)
    HAL_RCC_GetClockConfig                   0x0800411d   Thumb Code    58  stm32f4xx_hal_rcc.o(.text)
    HAL_RCC_CSSCallback                      0x08004157   Thumb Code    10  stm32f4xx_hal_rcc.o(.text)
    HAL_RCC_NMI_IRQHandler                   0x08004161   Thumb Code    30  stm32f4xx_hal_rcc.o(.text)
    HAL_SPI_Init                             0x08004197   Thumb Code   136  stm32f4xx_hal_spi.o(.text)
    HAL_SPI_MspDeInit                        0x0800421f   Thumb Code     2  stm32f4xx_hal_spi.o(.text)
    HAL_SPI_DeInit                           0x08004221   Thumb Code    48  stm32f4xx_hal_spi.o(.text)
    HAL_SPI_Transmit                         0x08004365   Thumb Code   450  stm32f4xx_hal_spi.o(.text)
    HAL_SPI_TransmitReceive                  0x08004527   Thumb Code   850  stm32f4xx_hal_spi.o(.text)
    HAL_SPI_Receive                          0x08004879   Thumb Code   572  stm32f4xx_hal_spi.o(.text)
    HAL_SPI_ErrorCallback                    0x08004ab5   Thumb Code     2  stm32f4xx_hal_spi.o(.text)
    HAL_SPI_TxCpltCallback                   0x08004ab7   Thumb Code     2  stm32f4xx_hal_spi.o(.text)
    HAL_SPI_TxRxCpltCallback                 0x08004ab9   Thumb Code     2  stm32f4xx_hal_spi.o(.text)
    HAL_SPI_Transmit_IT                      0x08004ba9   Thumb Code   198  stm32f4xx_hal_spi.o(.text)
    HAL_SPI_RxCpltCallback                   0x08004c6f   Thumb Code     2  stm32f4xx_hal_spi.o(.text)
    HAL_SPI_TransmitReceive_IT               0x08004d97   Thumb Code   192  stm32f4xx_hal_spi.o(.text)
    HAL_SPI_Receive_IT                       0x08004ea9   Thumb Code   222  stm32f4xx_hal_spi.o(.text)
    HAL_SPI_TxHalfCpltCallback               0x08005037   Thumb Code     2  stm32f4xx_hal_spi.o(.text)
    HAL_SPI_Transmit_DMA                     0x08005047   Thumb Code   218  stm32f4xx_hal_spi.o(.text)
    HAL_SPI_RxHalfCpltCallback               0x08005299   Thumb Code     2  stm32f4xx_hal_spi.o(.text)
    HAL_SPI_TxRxHalfCpltCallback             0x080052e1   Thumb Code     2  stm32f4xx_hal_spi.o(.text)
    HAL_SPI_TransmitReceive_DMA              0x080052f1   Thumb Code   324  stm32f4xx_hal_spi.o(.text)
    HAL_SPI_Receive_DMA                      0x08005435   Thumb Code   288  stm32f4xx_hal_spi.o(.text)
    HAL_SPI_DMAPause                         0x08005555   Thumb Code    62  stm32f4xx_hal_spi.o(.text)
    HAL_SPI_DMAResume                        0x08005593   Thumb Code    62  stm32f4xx_hal_spi.o(.text)
    HAL_SPI_DMAStop                          0x080055d1   Thumb Code    58  stm32f4xx_hal_spi.o(.text)
    HAL_SPI_IRQHandler                       0x0800560b   Thumb Code   262  stm32f4xx_hal_spi.o(.text)
    HAL_SPI_GetState                         0x08005711   Thumb Code     8  stm32f4xx_hal_spi.o(.text)
    HAL_SPI_GetError                         0x08005719   Thumb Code     6  stm32f4xx_hal_spi.o(.text)
    TIM_Base_SetConfig                       0x0800572d   Thumb Code   184  stm32f4xx_hal_tim.o(.text)
    HAL_TIM_Base_MspInit                     0x080057e5   Thumb Code     2  stm32f4xx_hal_tim.o(.text)
    HAL_TIM_Base_Init                        0x080057e7   Thumb Code    52  stm32f4xx_hal_tim.o(.text)
    HAL_TIM_Base_MspDeInit                   0x0800581b   Thumb Code     2  stm32f4xx_hal_tim.o(.text)
    HAL_TIM_Base_DeInit                      0x0800581d   Thumb Code    70  stm32f4xx_hal_tim.o(.text)
    HAL_TIM_Base_Start                       0x08005863   Thumb Code    30  stm32f4xx_hal_tim.o(.text)
    HAL_TIM_Base_Stop                        0x08005881   Thumb Code    56  stm32f4xx_hal_tim.o(.text)
    HAL_TIM_Base_Start_IT                    0x080058b9   Thumb Code    30  stm32f4xx_hal_tim.o(.text)
    HAL_TIM_Base_Stop_IT                     0x080058d7   Thumb Code    56  stm32f4xx_hal_tim.o(.text)
    HAL_TIM_ErrorCallback                    0x0800590f   Thumb Code     2  stm32f4xx_hal_tim.o(.text)
    TIM_DMAError                             0x08005911   Thumb Code    20  stm32f4xx_hal_tim.o(.text)
    HAL_TIM_Base_Start_DMA                   0x0800593b   Thumb Code    98  stm32f4xx_hal_tim.o(.text)
    HAL_TIM_Base_Stop_DMA                    0x0800599d   Thumb Code    62  stm32f4xx_hal_tim.o(.text)
    HAL_TIM_OC_MspInit                       0x080059db   Thumb Code     2  stm32f4xx_hal_tim.o(.text)
    HAL_TIM_OC_Init                          0x080059dd   Thumb Code    52  stm32f4xx_hal_tim.o(.text)
    HAL_TIM_OC_MspDeInit                     0x08005a11   Thumb Code     2  stm32f4xx_hal_tim.o(.text)
    HAL_TIM_OC_DeInit                        0x08005a13   Thumb Code    70  stm32f4xx_hal_tim.o(.text)
    TIM_CCxChannelCmd                        0x08005a59   Thumb Code    28  stm32f4xx_hal_tim.o(.text)
    HAL_TIM_OC_Start                         0x08005a75   Thumb Code    68  stm32f4xx_hal_tim.o(.text)
    HAL_TIM_OC_Stop                          0x08005ab9   Thumb Code   170  stm32f4xx_hal_tim.o(.text)
    HAL_TIM_OC_Start_IT                      0x08005b63   Thumb Code   144  stm32f4xx_hal_tim.o(.text)
    HAL_TIM_OC_Stop_IT                       0x08005bf3   Thumb Code   196  stm32f4xx_hal_tim.o(.text)
    HAL_TIM_PWM_PulseFinishedCallback        0x08005cb7   Thumb Code     2  stm32f4xx_hal_tim.o(.text)
    TIM_DMADelayPulseCplt                    0x08005cb9   Thumb Code    70  stm32f4xx_hal_tim.o(.text)
    HAL_TIM_OC_Start_DMA                     0x08005cff   Thumb Code   312  stm32f4xx_hal_tim.o(.text)
    HAL_TIM_OC_Stop_DMA                      0x08005e37   Thumb Code   202  stm32f4xx_hal_tim.o(.text)
    HAL_TIM_PWM_MspInit                      0x08005f01   Thumb Code     2  stm32f4xx_hal_tim.o(.text)
    HAL_TIM_PWM_Init                         0x08005f03   Thumb Code    52  stm32f4xx_hal_tim.o(.text)
    HAL_TIM_PWM_MspDeInit                    0x08005f37   Thumb Code     2  stm32f4xx_hal_tim.o(.text)
    HAL_TIM_PWM_DeInit                       0x08005f39   Thumb Code    70  stm32f4xx_hal_tim.o(.text)
    HAL_TIM_PWM_Start                        0x08005f7f   Thumb Code    78  stm32f4xx_hal_tim.o(.text)
    HAL_TIM_PWM_Stop                         0x08005fcd   Thumb Code   126  stm32f4xx_hal_tim.o(.text)
    HAL_TIM_PWM_Start_IT                     0x0800604b   Thumb Code   144  stm32f4xx_hal_tim.o(.text)
    HAL_TIM_PWM_Stop_IT                      0x080060db   Thumb Code   196  stm32f4xx_hal_tim.o(.text)
    HAL_TIM_PWM_Start_DMA                    0x0800619f   Thumb Code   312  stm32f4xx_hal_tim.o(.text)
    HAL_TIM_PWM_Stop_DMA                     0x080062d7   Thumb Code   202  stm32f4xx_hal_tim.o(.text)
    HAL_TIM_IC_MspInit                       0x080063a1   Thumb Code     2  stm32f4xx_hal_tim.o(.text)
    HAL_TIM_IC_Init                          0x080063a3   Thumb Code    62  stm32f4xx_hal_tim.o(.text)
    HAL_TIM_IC_MspDeInit                     0x080063e1   Thumb Code     2  stm32f4xx_hal_tim.o(.text)
    HAL_TIM_IC_DeInit                        0x080063e3   Thumb Code    70  stm32f4xx_hal_tim.o(.text)
    HAL_TIM_IC_Start                         0x08006429   Thumb Code    32  stm32f4xx_hal_tim.o(.text)
    HAL_TIM_IC_Stop                          0x08006449   Thumb Code    58  stm32f4xx_hal_tim.o(.text)
    HAL_TIM_IC_Start_IT                      0x08006483   Thumb Code   108  stm32f4xx_hal_tim.o(.text)
    HAL_TIM_IC_Stop_IT                       0x080064ef   Thumb Code   134  stm32f4xx_hal_tim.o(.text)
    HAL_TIM_IC_CaptureCallback               0x08006575   Thumb Code     2  stm32f4xx_hal_tim.o(.text)
    TIM_DMACaptureCplt                       0x08006577   Thumb Code    70  stm32f4xx_hal_tim.o(.text)
    HAL_TIM_IC_Start_DMA                     0x080065bd   Thumb Code   276  stm32f4xx_hal_tim.o(.text)
    HAL_TIM_IC_Stop_DMA                      0x080066d1   Thumb Code   140  stm32f4xx_hal_tim.o(.text)
    HAL_TIM_OnePulse_MspInit                 0x0800675d   Thumb Code     2  stm32f4xx_hal_tim.o(.text)
    HAL_TIM_OnePulse_Init                    0x0800675f   Thumb Code    76  stm32f4xx_hal_tim.o(.text)
    HAL_TIM_OnePulse_MspDeInit               0x080067ab   Thumb Code     2  stm32f4xx_hal_tim.o(.text)
    HAL_TIM_OnePulse_DeInit                  0x080067ad   Thumb Code    70  stm32f4xx_hal_tim.o(.text)
    HAL_TIM_OnePulse_Start                   0x080067f3   Thumb Code    66  stm32f4xx_hal_tim.o(.text)
    HAL_TIM_OnePulse_Stop                    0x08006835   Thumb Code   130  stm32f4xx_hal_tim.o(.text)
    HAL_TIM_OnePulse_Start_IT                0x080068b7   Thumb Code    90  stm32f4xx_hal_tim.o(.text)
    HAL_TIM_OnePulse_Stop_IT                 0x08006911   Thumb Code   154  stm32f4xx_hal_tim.o(.text)
    HAL_TIM_Encoder_MspInit                  0x080069ab   Thumb Code     2  stm32f4xx_hal_tim.o(.text)
    HAL_TIM_Encoder_Init                     0x080069ad   Thumb Code   180  stm32f4xx_hal_tim.o(.text)
    HAL_TIM_Encoder_MspDeInit                0x08006a61   Thumb Code     2  stm32f4xx_hal_tim.o(.text)
    HAL_TIM_Encoder_DeInit                   0x08006a63   Thumb Code    70  stm32f4xx_hal_tim.o(.text)
    HAL_TIM_Encoder_Start                    0x08006aa9   Thumb Code    78  stm32f4xx_hal_tim.o(.text)
    HAL_TIM_Encoder_Stop                     0x08006af7   Thumb Code   104  stm32f4xx_hal_tim.o(.text)
    HAL_TIM_Encoder_Start_IT                 0x08006b5f   Thumb Code   126  stm32f4xx_hal_tim.o(.text)
    HAL_TIM_Encoder_Stop_IT                  0x08006bdd   Thumb Code   160  stm32f4xx_hal_tim.o(.text)
    HAL_TIM_Encoder_Start_DMA                0x08006c7d   Thumb Code   328  stm32f4xx_hal_tim.o(.text)
    HAL_TIM_Encoder_Stop_DMA                 0x08006dc5   Thumb Code   152  stm32f4xx_hal_tim.o(.text)
    HAL_TIM_TriggerCallback                  0x08006e5d   Thumb Code     2  stm32f4xx_hal_tim.o(.text)
    HAL_TIM_OC_DelayElapsedCallback          0x08006e5f   Thumb Code     2  stm32f4xx_hal_tim.o(.text)
    HAL_TIM_IRQHandler                       0x08006e61   Thumb Code   406  stm32f4xx_hal_tim.o(.text)
    TIM_OC2_SetConfig                        0x080070c9   Thumb Code   112  stm32f4xx_hal_tim.o(.text)
    HAL_TIM_OC_ConfigChannel                 0x0800719f   Thumb Code   116  stm32f4xx_hal_tim.o(.text)
    TIM_TI1_SetConfig                        0x080072cd   Thumb Code   122  stm32f4xx_hal_tim.o(.text)
    HAL_TIM_IC_ConfigChannel                 0x08007347   Thumb Code   224  stm32f4xx_hal_tim.o(.text)
    HAL_TIM_PWM_ConfigChannel                0x08007427   Thumb Code   294  stm32f4xx_hal_tim.o(.text)
    HAL_TIM_OnePulse_ConfigChannel           0x0800754d   Thumb Code   286  stm32f4xx_hal_tim.o(.text)
    HAL_TIM_DMABurst_WriteStart              0x0800767f   Thumb Code   366  stm32f4xx_hal_tim.o(.text)
    HAL_TIM_DMABurst_WriteStop               0x080077ed   Thumb Code   128  stm32f4xx_hal_tim.o(.text)
    HAL_TIM_DMABurst_ReadStart               0x0800786d   Thumb Code   366  stm32f4xx_hal_tim.o(.text)
    HAL_TIM_DMABurst_ReadStop                0x080079db   Thumb Code   128  stm32f4xx_hal_tim.o(.text)
    HAL_TIM_GenerateEvent                    0x08007a5b   Thumb Code    54  stm32f4xx_hal_tim.o(.text)
    HAL_TIM_ConfigOCrefClear                 0x08007aa9   Thumb Code   252  stm32f4xx_hal_tim.o(.text)
    HAL_TIM_ConfigClockSource                0x08007c0f   Thumb Code   306  stm32f4xx_hal_tim.o(.text)
    HAL_TIM_ConfigTI1Input                   0x08007d41   Thumb Code    24  stm32f4xx_hal_tim.o(.text)
    HAL_TIM_SlaveConfigSynchronization       0x08007dfd   Thumb Code    86  stm32f4xx_hal_tim.o(.text)
    HAL_TIM_SlaveConfigSynchronization_IT    0x08007e53   Thumb Code    86  stm32f4xx_hal_tim.o(.text)
    HAL_TIM_ReadCapturedValue                0x08007ea9   Thumb Code    84  stm32f4xx_hal_tim.o(.text)
    HAL_TIM_Base_GetState                    0x08007efd   Thumb Code     8  stm32f4xx_hal_tim.o(.text)
    HAL_TIM_OC_GetState                      0x08007f05   Thumb Code     8  stm32f4xx_hal_tim.o(.text)
    HAL_TIM_PWM_GetState                     0x08007f0d   Thumb Code     8  stm32f4xx_hal_tim.o(.text)
    HAL_TIM_IC_GetState                      0x08007f15   Thumb Code     8  stm32f4xx_hal_tim.o(.text)
    HAL_TIM_OnePulse_GetState                0x08007f1d   Thumb Code     8  stm32f4xx_hal_tim.o(.text)
    HAL_TIM_Encoder_GetState                 0x08007f25   Thumb Code     8  stm32f4xx_hal_tim.o(.text)
    HAL_TIMEx_HallSensor_MspInit             0x08007f2d   Thumb Code     2  stm32f4xx_hal_tim_ex.o(.text)
    HAL_TIMEx_HallSensor_Init                0x08007f2f   Thumb Code   196  stm32f4xx_hal_tim_ex.o(.text)
    HAL_TIMEx_HallSensor_MspDeInit           0x08007ff3   Thumb Code     2  stm32f4xx_hal_tim_ex.o(.text)
    HAL_TIMEx_HallSensor_DeInit              0x08007ff5   Thumb Code    70  stm32f4xx_hal_tim_ex.o(.text)
    HAL_TIMEx_HallSensor_Start               0x0800803b   Thumb Code    30  stm32f4xx_hal_tim_ex.o(.text)
    HAL_TIMEx_HallSensor_Stop                0x08008059   Thumb Code    56  stm32f4xx_hal_tim_ex.o(.text)
    HAL_TIMEx_HallSensor_Start_IT            0x08008091   Thumb Code    42  stm32f4xx_hal_tim_ex.o(.text)
    HAL_TIMEx_HallSensor_Stop_IT             0x080080bb   Thumb Code    68  stm32f4xx_hal_tim_ex.o(.text)
    HAL_TIMEx_HallSensor_Start_DMA           0x080080ff   Thumb Code   106  stm32f4xx_hal_tim_ex.o(.text)
    HAL_TIMEx_HallSensor_Stop_DMA            0x08008169   Thumb Code    68  stm32f4xx_hal_tim_ex.o(.text)
    HAL_TIMEx_OCN_Start                      0x080081c9   Thumb Code    44  stm32f4xx_hal_tim_ex.o(.text)
    HAL_TIMEx_OCN_Stop                       0x080081f5   Thumb Code    96  stm32f4xx_hal_tim_ex.o(.text)
    HAL_TIMEx_OCN_Start_IT                   0x08008255   Thumb Code   132  stm32f4xx_hal_tim_ex.o(.text)
    HAL_TIMEx_OCN_Stop_IT                    0x080082d9   Thumb Code   196  stm32f4xx_hal_tim_ex.o(.text)
    HAL_TIMEx_OCN_Start_DMA                  0x0800839d   Thumb Code   272  stm32f4xx_hal_tim_ex.o(.text)
    HAL_TIMEx_OCN_Stop_DMA                   0x080084ad   Thumb Code   192  stm32f4xx_hal_tim_ex.o(.text)
    HAL_TIMEx_PWMN_Start                     0x0800856d   Thumb Code    44  stm32f4xx_hal_tim_ex.o(.text)
    HAL_TIMEx_PWMN_Stop                      0x08008599   Thumb Code    96  stm32f4xx_hal_tim_ex.o(.text)
    HAL_TIMEx_PWMN_Start_IT                  0x080085f9   Thumb Code   132  stm32f4xx_hal_tim_ex.o(.text)
    HAL_TIMEx_PWMN_Stop_IT                   0x0800867d   Thumb Code   196  stm32f4xx_hal_tim_ex.o(.text)
    HAL_TIMEx_PWMN_Start_DMA                 0x08008741   Thumb Code   272  stm32f4xx_hal_tim_ex.o(.text)
    HAL_TIMEx_PWMN_Stop_DMA                  0x08008851   Thumb Code   178  stm32f4xx_hal_tim_ex.o(.text)
    HAL_TIMEx_OnePulseN_Start                0x08008903   Thumb Code    32  stm32f4xx_hal_tim_ex.o(.text)
    HAL_TIMEx_OnePulseN_Stop                 0x08008923   Thumb Code    96  stm32f4xx_hal_tim_ex.o(.text)
    HAL_TIMEx_OnePulseN_Start_IT             0x08008983   Thumb Code    56  stm32f4xx_hal_tim_ex.o(.text)
    HAL_TIMEx_OnePulseN_Stop_IT              0x080089bb   Thumb Code   120  stm32f4xx_hal_tim_ex.o(.text)
    HAL_TIMEx_ConfigCommutationEvent         0x08008a33   Thumb Code   110  stm32f4xx_hal_tim_ex.o(.text)
    HAL_TIMEx_ConfigCommutationEvent_IT      0x08008aa1   Thumb Code   122  stm32f4xx_hal_tim_ex.o(.text)
    HAL_TIMEx_CommutationCallback            0x08008b1b   Thumb Code     2  stm32f4xx_hal_tim_ex.o(.text)
    TIMEx_DMACommutationCplt                 0x08008b1d   Thumb Code    20  stm32f4xx_hal_tim_ex.o(.text)
    HAL_TIMEx_ConfigCommutationEvent_DMA     0x08008b31   Thumb Code   146  stm32f4xx_hal_tim_ex.o(.text)
    HAL_TIMEx_MasterConfigSynchronization    0x08008bc3   Thumb Code    98  stm32f4xx_hal_tim_ex.o(.text)
    HAL_TIMEx_ConfigBreakDeadTime            0x08008c25   Thumb Code    80  stm32f4xx_hal_tim_ex.o(.text)
    HAL_TIMEx_RemapConfig                    0x08008c75   Thumb Code    48  stm32f4xx_hal_tim_ex.o(.text)
    HAL_TIMEx_BreakCallback                  0x08008ca5   Thumb Code     2  stm32f4xx_hal_tim_ex.o(.text)
    HAL_TIMEx_HallSensor_GetState            0x08008ca7   Thumb Code     8  stm32f4xx_hal_tim_ex.o(.text)
    Reset_Handler                            0x08008cb5   Thumb Code     8  startup_stm32f407xx.o(.text)
    NMI_Handler                              0x08008cbd   Thumb Code     2  startup_stm32f407xx.o(.text)
    HardFault_Handler                        0x08008cbf   Thumb Code     2  startup_stm32f407xx.o(.text)
    MemManage_Handler                        0x08008cc1   Thumb Code     2  startup_stm32f407xx.o(.text)
    BusFault_Handler                         0x08008cc3   Thumb Code     2  startup_stm32f407xx.o(.text)
    UsageFault_Handler                       0x08008cc5   Thumb Code     2  startup_stm32f407xx.o(.text)
    DebugMon_Handler                         0x08008cc9   Thumb Code     2  startup_stm32f407xx.o(.text)
    ADC_IRQHandler                           0x08008ccf   Thumb Code     0  startup_stm32f407xx.o(.text)
    CAN1_RX0_IRQHandler                      0x08008ccf   Thumb Code     0  startup_stm32f407xx.o(.text)
    CAN1_RX1_IRQHandler                      0x08008ccf   Thumb Code     0  startup_stm32f407xx.o(.text)
    CAN1_SCE_IRQHandler                      0x08008ccf   Thumb Code     0  startup_stm32f407xx.o(.text)
    CAN1_TX_IRQHandler                       0x08008ccf   Thumb Code     0  startup_stm32f407xx.o(.text)
    CAN2_RX0_IRQHandler                      0x08008ccf   Thumb Code     0  startup_stm32f407xx.o(.text)
    CAN2_RX1_IRQHandler                      0x08008ccf   Thumb Code     0  startup_stm32f407xx.o(.text)
    CAN2_SCE_IRQHandler                      0x08008ccf   Thumb Code     0  startup_stm32f407xx.o(.text)
    CAN2_TX_IRQHandler                       0x08008ccf   Thumb Code     0  startup_stm32f407xx.o(.text)
    DCMI_IRQHandler                          0x08008ccf   Thumb Code     0  startup_stm32f407xx.o(.text)
    DMA1_Stream0_IRQHandler                  0x08008ccf   Thumb Code     0  startup_stm32f407xx.o(.text)
    DMA1_Stream1_IRQHandler                  0x08008ccf   Thumb Code     0  startup_stm32f407xx.o(.text)
    DMA1_Stream2_IRQHandler                  0x08008ccf   Thumb Code     0  startup_stm32f407xx.o(.text)
    DMA1_Stream3_IRQHandler                  0x08008ccf   Thumb Code     0  startup_stm32f407xx.o(.text)
    DMA1_Stream4_IRQHandler                  0x08008ccf   Thumb Code     0  startup_stm32f407xx.o(.text)
    DMA1_Stream5_IRQHandler                  0x08008ccf   Thumb Code     0  startup_stm32f407xx.o(.text)
    DMA1_Stream6_IRQHandler                  0x08008ccf   Thumb Code     0  startup_stm32f407xx.o(.text)
    DMA1_Stream7_IRQHandler                  0x08008ccf   Thumb Code     0  startup_stm32f407xx.o(.text)
    DMA2_Stream0_IRQHandler                  0x08008ccf   Thumb Code     0  startup_stm32f407xx.o(.text)
    DMA2_Stream1_IRQHandler                  0x08008ccf   Thumb Code     0  startup_stm32f407xx.o(.text)
    DMA2_Stream2_IRQHandler                  0x08008ccf   Thumb Code     0  startup_stm32f407xx.o(.text)
    DMA2_Stream3_IRQHandler                  0x08008ccf   Thumb Code     0  startup_stm32f407xx.o(.text)
    DMA2_Stream4_IRQHandler                  0x08008ccf   Thumb Code     0  startup_stm32f407xx.o(.text)
    DMA2_Stream5_IRQHandler                  0x08008ccf   Thumb Code     0  startup_stm32f407xx.o(.text)
    DMA2_Stream6_IRQHandler                  0x08008ccf   Thumb Code     0  startup_stm32f407xx.o(.text)
    DMA2_Stream7_IRQHandler                  0x08008ccf   Thumb Code     0  startup_stm32f407xx.o(.text)
    ETH_IRQHandler                           0x08008ccf   Thumb Code     0  startup_stm32f407xx.o(.text)
    ETH_WKUP_IRQHandler                      0x08008ccf   Thumb Code     0  startup_stm32f407xx.o(.text)
    EXTI15_10_IRQHandler                     0x08008ccf   Thumb Code     0  startup_stm32f407xx.o(.text)
    EXTI1_IRQHandler                         0x08008ccf   Thumb Code     0  startup_stm32f407xx.o(.text)
    EXTI2_IRQHandler                         0x08008ccf   Thumb Code     0  startup_stm32f407xx.o(.text)
    EXTI3_IRQHandler                         0x08008ccf   Thumb Code     0  startup_stm32f407xx.o(.text)
    EXTI4_IRQHandler                         0x08008ccf   Thumb Code     0  startup_stm32f407xx.o(.text)
    EXTI9_5_IRQHandler                       0x08008ccf   Thumb Code     0  startup_stm32f407xx.o(.text)
    FLASH_IRQHandler                         0x08008ccf   Thumb Code     0  startup_stm32f407xx.o(.text)
    FMC_IRQHandler                           0x08008ccf   Thumb Code     0  startup_stm32f407xx.o(.text)
    FPU_IRQHandler                           0x08008ccf   Thumb Code     0  startup_stm32f407xx.o(.text)
    HASH_RNG_IRQHandler                      0x08008ccf   Thumb Code     0  startup_stm32f407xx.o(.text)
    I2C1_ER_IRQHandler                       0x08008ccf   Thumb Code     0  startup_stm32f407xx.o(.text)
    I2C1_EV_IRQHandler                       0x08008ccf   Thumb Code     0  startup_stm32f407xx.o(.text)
    I2C2_ER_IRQHandler                       0x08008ccf   Thumb Code     0  startup_stm32f407xx.o(.text)
    I2C2_EV_IRQHandler                       0x08008ccf   Thumb Code     0  startup_stm32f407xx.o(.text)
    I2C3_ER_IRQHandler                       0x08008ccf   Thumb Code     0  startup_stm32f407xx.o(.text)
    I2C3_EV_IRQHandler                       0x08008ccf   Thumb Code     0  startup_stm32f407xx.o(.text)
    OTG_FS_IRQHandler                        0x08008ccf   Thumb Code     0  startup_stm32f407xx.o(.text)
    OTG_FS_WKUP_IRQHandler                   0x08008ccf   Thumb Code     0  startup_stm32f407xx.o(.text)
    OTG_HS_EP1_IN_IRQHandler                 0x08008ccf   Thumb Code     0  startup_stm32f407xx.o(.text)
    OTG_HS_EP1_OUT_IRQHandler                0x08008ccf   Thumb Code     0  startup_stm32f407xx.o(.text)
    OTG_HS_IRQHandler                        0x08008ccf   Thumb Code     0  startup_stm32f407xx.o(.text)
    OTG_HS_WKUP_IRQHandler                   0x08008ccf   Thumb Code     0  startup_stm32f407xx.o(.text)
    PVD_IRQHandler                           0x08008ccf   Thumb Code     0  startup_stm32f407xx.o(.text)
    RCC_IRQHandler                           0x08008ccf   Thumb Code     0  startup_stm32f407xx.o(.text)
    RTC_Alarm_IRQHandler                     0x08008ccf   Thumb Code     0  startup_stm32f407xx.o(.text)
    RTC_WKUP_IRQHandler                      0x08008ccf   Thumb Code     0  startup_stm32f407xx.o(.text)
    SDIO_IRQHandler                          0x08008ccf   Thumb Code     0  startup_stm32f407xx.o(.text)
    SPI1_IRQHandler                          0x08008ccf   Thumb Code     0  startup_stm32f407xx.o(.text)
    SPI2_IRQHandler                          0x08008ccf   Thumb Code     0  startup_stm32f407xx.o(.text)
    SPI3_IRQHandler                          0x08008ccf   Thumb Code     0  startup_stm32f407xx.o(.text)
    TAMP_STAMP_IRQHandler                    0x08008ccf   Thumb Code     0  startup_stm32f407xx.o(.text)
    TIM1_BRK_TIM9_IRQHandler                 0x08008ccf   Thumb Code     0  startup_stm32f407xx.o(.text)
    TIM1_CC_IRQHandler                       0x08008ccf   Thumb Code     0  startup_stm32f407xx.o(.text)
    TIM1_TRG_COM_TIM11_IRQHandler            0x08008ccf   Thumb Code     0  startup_stm32f407xx.o(.text)
    TIM1_UP_TIM10_IRQHandler                 0x08008ccf   Thumb Code     0  startup_stm32f407xx.o(.text)
    TIM2_IRQHandler                          0x08008ccf   Thumb Code     0  startup_stm32f407xx.o(.text)
    TIM4_IRQHandler                          0x08008ccf   Thumb Code     0  startup_stm32f407xx.o(.text)
    TIM5_IRQHandler                          0x08008ccf   Thumb Code     0  startup_stm32f407xx.o(.text)
    TIM6_DAC_IRQHandler                      0x08008ccf   Thumb Code     0  startup_stm32f407xx.o(.text)
    TIM7_IRQHandler                          0x08008ccf   Thumb Code     0  startup_stm32f407xx.o(.text)
    TIM8_BRK_TIM12_IRQHandler                0x08008ccf   Thumb Code     0  startup_stm32f407xx.o(.text)
    TIM8_CC_IRQHandler                       0x08008ccf   Thumb Code     0  startup_stm32f407xx.o(.text)
    TIM8_TRG_COM_TIM14_IRQHandler            0x08008ccf   Thumb Code     0  startup_stm32f407xx.o(.text)
    TIM8_UP_TIM13_IRQHandler                 0x08008ccf   Thumb Code     0  startup_stm32f407xx.o(.text)
    UART4_IRQHandler                         0x08008ccf   Thumb Code     0  startup_stm32f407xx.o(.text)
    UART5_IRQHandler                         0x08008ccf   Thumb Code     0  startup_stm32f407xx.o(.text)
    USART1_IRQHandler                        0x08008ccf   Thumb Code     0  startup_stm32f407xx.o(.text)
    USART2_IRQHandler                        0x08008ccf   Thumb Code     0  startup_stm32f407xx.o(.text)
    USART3_IRQHandler                        0x08008ccf   Thumb Code     0  startup_stm32f407xx.o(.text)
    USART6_IRQHandler                        0x08008ccf   Thumb Code     0  startup_stm32f407xx.o(.text)
    WWDG_IRQHandler                          0x08008ccf   Thumb Code     0  startup_stm32f407xx.o(.text)
    SystemInit                               0x08008cd9   Thumb Code    82  system_stm32f4xx.o(.text)
    SystemCoreClockUpdate                    0x08008d2b   Thumb Code   174  system_stm32f4xx.o(.text)
    __aeabi_uldivmod                         0x08008df9   Thumb Code    98  uldiv.o(.text)
    __aeabi_memcpy                           0x08008e5b   Thumb Code    36  memcpya.o(.text)
    __aeabi_memcpy4                          0x08008e5b   Thumb Code     0  memcpya.o(.text)
    __aeabi_memcpy8                          0x08008e5b   Thumb Code     0  memcpya.o(.text)
    __aeabi_dadd                             0x08008e7f   Thumb Code   322  dadd.o(.text)
    __aeabi_dsub                             0x08008fc1   Thumb Code     6  dadd.o(.text)
    __aeabi_drsub                            0x08008fc7   Thumb Code     6  dadd.o(.text)
    __aeabi_dmul                             0x08008fcd   Thumb Code   228  dmul.o(.text)
    __aeabi_ddiv                             0x080090b1   Thumb Code   222  ddiv.o(.text)
    __aeabi_ui2d                             0x0800918f   Thumb Code    26  dfltui.o(.text)
    __aeabi_d2iz                             0x080091a9   Thumb Code    62  dfixi.o(.text)
    __aeabi_cdcmpeq                          0x080091e9   Thumb Code     0  cdcmple.o(.text)
    __aeabi_cdcmple                          0x080091e9   Thumb Code    48  cdcmple.o(.text)
    __aeabi_uidiv                            0x08009219   Thumb Code     0  uidiv.o(.text)
    __aeabi_uidivmod                         0x08009219   Thumb Code    44  uidiv.o(.text)
    __aeabi_llsl                             0x08009245   Thumb Code    30  llshl.o(.text)
    _ll_shift_l                              0x08009245   Thumb Code     0  llshl.o(.text)
    __aeabi_llsr                             0x08009263   Thumb Code    32  llushr.o(.text)
    _ll_ushift_r                             0x08009263   Thumb Code     0  llushr.o(.text)
    __aeabi_lasr                             0x08009283   Thumb Code    36  llsshr.o(.text)
    _ll_sshift_r                             0x08009283   Thumb Code     0  llsshr.o(.text)
    __I$use$fp                               0x080092a7   Thumb Code     0  iusefp.o(.text)
    _double_round                            0x080092a7   Thumb Code    30  depilogue.o(.text)
    _double_epilogue                         0x080092c5   Thumb Code   156  depilogue.o(.text)
    __aeabi_d2ulz                            0x08009361   Thumb Code    48  dfixul.o(.text)
    __aeabi_cdrcmple                         0x08009391   Thumb Code    48  cdrcmple.o(.text)
    __scatterload                            0x080093c1   Thumb Code    28  init.o(.text)
    __scatterload_rt2                        0x080093c1   Thumb Code     0  init.o(.text)
    SVC_Count                                0x080093e4   Data           4  svc_table.o(SVC_TABLE)
    SVC_Table                                0x080093e8   Data           0  svc_table.o(SVC_TABLE)
    __0printf                                0x080093e9   Thumb Code    22  printfa.o(i.__0printf)
    __1printf                                0x080093e9   Thumb Code     0  printfa.o(i.__0printf)
    __2printf                                0x080093e9   Thumb Code     0  printfa.o(i.__0printf)
    __c89printf                              0x080093e9   Thumb Code     0  printfa.o(i.__0printf)
    printf                                   0x080093e9   Thumb Code     0  printfa.o(i.__0printf)
    __scatterload_copy                       0x08009409   Thumb Code    14  handlers.o(i.__scatterload_copy)
    __scatterload_null                       0x08009417   Thumb Code     2  handlers.o(i.__scatterload_null)
    __scatterload_zeroinit                   0x08009419   Thumb Code    14  handlers.o(i.__scatterload_zeroinit)
    _init_box                                0x0800958d   Thumb Code    70  rt_membox.o(i._init_box)
    dbg_init                                 0x08009d05   Thumb Code    34  hal_cm.o(i.dbg_init)
    dbg_task_notify                          0x08009d35   Thumb Code    32  hal_cm.o(i.dbg_task_notify)
    dbg_task_switch                          0x08009d55   Thumb Code    16  hal_cm.o(i.dbg_task_switch)
    isrMessageGet                            0x08009d65   Thumb Code    42  rt_cmsis.o(i.isrMessageGet)
    isrMessagePut                            0x08009d8f   Thumb Code    44  rt_cmsis.o(i.isrMessagePut)
    isr_mbx_receive                          0x08009dbd   Thumb Code    82  rt_mailbox.o(i.isr_mbx_receive)
    isr_mbx_send                             0x08009e0f   Thumb Code    14  rt_mailbox.o(i.isr_mbx_send)
    osDelay                                  0x08009e1d   Thumb Code    18  rt_cmsis.o(i.osDelay)
    osKernelInitialize                       0x08009e35   Thumb Code    30  rt_cmsis.o(i.osKernelInitialize)
    osKernelStart                            0x08009e59   Thumb Code    98  rt_cmsis.o(i.osKernelStart)
    osMessageGet                             0x08009ec5   Thumb Code    18  rt_cmsis.o(i.osMessageGet)
    osMutexCreate                            0x08009edd   Thumb Code    38  rt_cmsis.o(i.osMutexCreate)
    osMutexRelease                           0x08009f0d   Thumb Code    18  rt_cmsis.o(i.osMutexRelease)
    osMutexWait                              0x08009f25   Thumb Code    18  rt_cmsis.o(i.osMutexWait)
    osThreadCreate                           0x08009f3d   Thumb Code    38  rt_cmsis.o(i.osThreadCreate)
    osThreadExit                             0x08009f6d   Thumb Code    14  rt_cmsis.o(i.osThreadExit)
    osTimerCall                              0x08009f85   Thumb Code     8  rt_cmsis.o(i.osTimerCall)
    osTimerThread                            0x08009f91   Thumb Code    38  rt_cmsis.o(i.osTimerThread)
    os_tick_init                             0x08009fbd   Thumb Code    32  rt_system.o(i.os_tick_init)
    os_tick_irqack                           0x08009fe5   Thumb Code     2  rt_system.o(i.os_tick_irqack)
    rt_alloc_box                             0x08009fe7   Thumb Code    26  rt_membox.o(i.rt_alloc_box)
    rt_alloc_mem                             0x0800a001   Thumb Code    62  rt_memory.o(i.rt_alloc_mem)
    rt_block                                 0x0800a041   Thumb Code    48  rt_task.o(i.rt_block)
    rt_chk_robin                             0x0800a079   Thumb Code    60  rt_robin.o(i.rt_chk_robin)
    rt_dec_dly                               0x0800a0c1   Thumb Code   102  rt_list.o(i.rt_dec_dly)
    rt_dispatch                              0x0800a131   Thumb Code    60  rt_task.o(i.rt_dispatch)
    rt_dly_wait                              0x0800a175   Thumb Code     6  rt_time.o(i.rt_dly_wait)
    rt_evt_psh                               0x0800a17d   Thumb Code    76  rt_event.o(i.rt_evt_psh)
    rt_free_box                              0x0800a1cd   Thumb Code    44  rt_membox.o(i.rt_free_box)
    rt_free_mem                              0x0800a1f9   Thumb Code    40  rt_memory.o(i.rt_free_mem)
    rt_get_first                             0x0800a221   Thumb Code    40  rt_list.o(i.rt_get_first)
    rt_init_mem                              0x0800a299   Thumb Code    26  rt_memory.o(i.rt_init_mem)
    rt_init_robin                            0x0800a2b5   Thumb Code    14  rt_robin.o(i.rt_init_robin)
    rt_init_stack                            0x0800a2cd   Thumb Code   118  hal_cm.o(i.rt_init_stack)
    rt_mbx_check                             0x0800a34d   Thumb Code     8  rt_mailbox.o(i.rt_mbx_check)
    rt_mbx_init                              0x0800a355   Thumb Code    26  rt_mailbox.o(i.rt_mbx_init)
    rt_mbx_psh                               0x0800a371   Thumb Code   236  rt_mailbox.o(i.rt_mbx_psh)
    rt_mbx_wait                              0x0800a461   Thumb Code   174  rt_mailbox.o(i.rt_mbx_wait)
    rt_mut_init                              0x0800a559   Thumb Code    16  rt_mutex.o(i.rt_mut_init)
    rt_mut_release                           0x0800a569   Thumb Code   208  rt_mutex.o(i.rt_mut_release)
    rt_mut_wait                              0x0800a641   Thumb Code   100  rt_mutex.o(i.rt_mut_wait)
    rt_pop_req                               0x0800a6a9   Thumb Code   112  rt_system.o(i.rt_pop_req)
    rt_psh_req                               0x0800a725   Thumb Code    22  rt_system.o(i.rt_psh_req)
    rt_psq_enq                               0x0800a745   Thumb Code    88  rt_list.o(i.rt_psq_enq)
    rt_put_dly                               0x0800a7a1   Thumb Code    68  rt_list.o(i.rt_put_dly)
    rt_put_prio                              0x0800a7e9   Thumb Code    54  rt_list.o(i.rt_put_prio)
    rt_put_rdy_first                         0x0800a821   Thumb Code    14  rt_list.o(i.rt_put_rdy_first)
    rt_resort_prio                           0x0800a835   Thumb Code    46  rt_list.o(i.rt_resort_prio)
    rt_ret_val                               0x0800a879   Thumb Code    12  hal_cm.o(i.rt_ret_val)
    rt_ret_val2                              0x0800a885   Thumb Code    16  hal_cm.o(i.rt_ret_val2)
    rt_rmv_dly                               0x0800a895   Thumb Code    40  rt_list.o(i.rt_rmv_dly)
    rt_rmv_list                              0x0800a8bd   Thumb Code    44  rt_list.o(i.rt_rmv_list)
    rt_sem_psh                               0x0800a8ed   Thumb Code    48  rt_semaphore.o(i.rt_sem_psh)
    rt_stk_check                             0x0800a921   Thumb Code    28  rt_system.o(i.rt_stk_check)
    rt_switch_req                            0x0800a945   Thumb Code    30  rt_task.o(i.rt_switch_req)
    rt_sys_init                              0x0800a96d   Thumb Code   138  rt_task.o(i.rt_sys_init)
    rt_sys_start                             0x0800aa39   Thumb Code   110  rt_task.o(i.rt_sys_start)
    rt_systick                               0x0800aab1   Thumb Code    50  rt_system.o(i.rt_systick)
    rt_tsk_create                            0x0800ab39   Thumb Code   118  rt_task.o(i.rt_tsk_create)
    rt_tsk_delete                            0x0800abc1   Thumb Code   352  rt_task.o(i.rt_tsk_delete)
    rt_tsk_prio                              0x0800ad3d   Thumb Code   108  rt_task.o(i.rt_tsk_prio)
    rt_tsk_self                              0x0800adb9   Thumb Code    12  rt_task.o(i.rt_tsk_self)
    svcDelay                                 0x0800adc9   Thumb Code    18  rt_cmsis.o(i.svcDelay)
    svcKernelInitialize                      0x0800addd   Thumb Code    80  rt_cmsis.o(i.svcKernelInitialize)
    svcKernelStart                           0x0800ae4d   Thumb Code    62  rt_cmsis.o(i.svcKernelStart)
    svcMessageCreate                         0x0800ae95   Thumb Code    36  rt_cmsis.o(i.svcMessageCreate)
    svcMessageGet                            0x0800aeb9   Thumb Code    58  rt_cmsis.o(i.svcMessageGet)
    svcMutexCreate                           0x0800aef3   Thumb Code    28  rt_cmsis.o(i.svcMutexCreate)
    svcMutexRelease                          0x0800af0f   Thumb Code    34  rt_cmsis.o(i.svcMutexRelease)
    svcMutexWait                             0x0800af31   Thumb Code    54  rt_cmsis.o(i.svcMutexWait)
    svcThreadCreate                          0x0800af69   Thumb Code   100  rt_cmsis.o(i.svcThreadCreate)
    svcThreadGetId                           0x0800afd9   Thumb Code    22  rt_cmsis.o(i.svcThreadGetId)
    svcThreadTerminate                       0x0800aff5   Thumb Code    50  rt_cmsis.o(i.svcThreadTerminate)
    svcTimerCall                             0x0800b02d   Thumb Code    24  rt_cmsis.o(i.svcTimerCall)
    sysTimerTick                             0x0800b045   Thumb Code    84  rt_cmsis.o(i.sysTimerTick)
    os_mutex_def_temp_mutex                  0x0800b0a0   Data           4  main.o(.constdata)
    os_thread_def_Thread_ADC                 0x0800b0a4   Data          16  thread_adc.o(.constdata)
    os_thread_def_Thread_DISP                0x0800b0b4   Data          16  thread_disp.o(.constdata)
    os_maxtaskrun                            0x0800b0c4   Data           2  rtx_conf_cm.o(.constdata)
    os_stackinfo                             0x0800b0c8   Data           4  rtx_conf_cm.o(.constdata)
    os_rrobin                                0x0800b0cc   Data           4  rtx_conf_cm.o(.constdata)
    os_tickfreq                              0x0800b0d0   Data           4  rtx_conf_cm.o(.constdata)
    os_tickus_i                              0x0800b0d4   Data           2  rtx_conf_cm.o(.constdata)
    os_tickus_f                              0x0800b0d6   Data           2  rtx_conf_cm.o(.constdata)
    os_trv                                   0x0800b0d8   Data           4  rtx_conf_cm.o(.constdata)
    os_flags                                 0x0800b0dc   Data           1  rtx_conf_cm.o(.constdata)
    CMSIS_RTOS_API_Version                   0x0800b0e0   Data           4  rtx_conf_cm.o(.constdata)
    CMSIS_RTOS_RTX_Version                   0x0800b0e4   Data           4  rtx_conf_cm.o(.constdata)
    os_clockrate                             0x0800b0e8   Data           4  rtx_conf_cm.o(.constdata)
    os_timernum                              0x0800b0ec   Data           4  rtx_conf_cm.o(.constdata)
    mp_tcb_size                              0x0800b0f0   Data           2  rtx_conf_cm.o(.constdata)
    mp_stk_size                              0x0800b0f4   Data           4  rtx_conf_cm.o(.constdata)
    os_stack_sz                              0x0800b0f8   Data           4  rtx_conf_cm.o(.constdata)
    os_fifo_size                             0x0800b0fc   Data           1  rtx_conf_cm.o(.constdata)
    os_thread_def_osTimerThread              0x0800b100   Data          16  rtx_conf_cm.o(.constdata)
    os_messageQ_def_osTimerMessageQ          0x0800b110   Data           8  rtx_conf_cm.o(.constdata)
    mp_tmr_size                              0x0800b118   Data           2  rtx_conf_cm.o(.constdata)
    APBAHBPrescTable                         0x0800b122   Data          16  stm32f4xx_hal_rcc.o(.constdata)
    AHBPrescTable                            0x0800b132   Data          16  system_stm32f4xx.o(.constdata)
    Region$$Table$$Base                      0x0800b144   Number         0  anon$$obj.o(Region$$Table)
    Region$$Table$$Limit                     0x0800b164   Number         0  anon$$obj.o(Region$$Table)
    temp_mutex_id                            0x20000000   Data           4  main.o(.data)
    tid_Thread_ADC                           0x20000008   Data           4  thread_adc.o(.data)
    output                                   0x20000010   Data           8  thread_adc.o(.data)
    tid_Thread_DISP                          0x20000018   Data           4  thread_disp.o(.data)
    interrupt                                0x2000001c   Data           4  interrupt_handling.o(.data)
    interrupt2                               0x20000020   Data           4  interrupt_handling.o(.data)
    count                                    0x20000024   Data           4  interrupt_handling.o(.data)
    LIS3DSHTimeout                           0x20000028   Data           4  lis3dsh.o(.data)
    osThreadId_osTimerThread                 0x2000002c   Data           4  rtx_conf_cm.o(.data)
    osMessageQId_osTimerMessageQ             0x20000030   Data           4  rtx_conf_cm.o(.data)
    os_tmr                                   0x20000034   Data           4  rtx_conf_cm.o(.data)
    m_tmr                                    0x20000038   Data           4  rtx_conf_cm.o(.data)
    os_thread_def_main                       0x2000003c   Data          16  rtx_conf_cm.o(.data)
    SystemCoreClock                          0x20000050   Data           4  system_stm32f4xx.o(.data)
    os_initialized                           0x20000054   Data           1  rt_cmsis.o(.data)
    os_running                               0x20000055   Data           1  rt_cmsis.o(.data)
    os_timer_head                            0x20000058   Data           4  rt_cmsis.o(.data)
    os_time                                  0x2000005c   Data           4  rt_time.o(.data)
    os_tsk                                   0x20000060   Data           8  rt_task.o(.data)
    os_tick_irqn                             0x2000006c   Data           4  rt_system.o(.data)
    dbg_msg                                  0x20000070   Data           1  hal_cm.o(.data)
    os_robin                                 0x20000074   Data           8  rt_robin.o(.data)
    __stdout                                 0x2000007c   Data           4  stdout.o(.data)
    os_mutex_cb_temp_mutex                   0x20000080   Data          16  main.o(.bss)
    kstate                                   0x20000090   Data          40  thread_adc.o(.bss)
    ADC1_Handle                              0x200000b8   Data          68  thread_adc.o(.bss)
    TIM_HandleStruct                         0x200000fc   Data          60  thread_mems.o(.bss)
    SpiHandle                                0x20000138   Data          88  lis3dsh.o(.bss)
    mp_tcb                                   0x20000190   Data         376  rtx_conf_cm.o(.bss)
    mp_stk                                   0x20000308   Data        4816  rtx_conf_cm.o(.bss)
    os_stack_mem                             0x200015d8   Data        1256  rtx_conf_cm.o(.bss)
    os_fifo                                  0x20001ac0   Data         132  rtx_conf_cm.o(.bss)
    os_active_TCB                            0x20001b44   Data          28  rtx_conf_cm.o(.bss)
    os_messageQ_q_osTimerMessageQ            0x20001b60   Data          32  rtx_conf_cm.o(.bss)
    os_idle_TCB                              0x20001b80   Data          52  rt_task.o(.bss)
    os_rdy                                   0x20001bb4   Data          24  rt_list.o(.bss)
    os_dly                                   0x20001bcc   Data          24  rt_list.o(.bss)
    __initial_sp                             0x20001fe8   Data           0  startup_stm32f407xx.o(STACK)



==============================================================================

Memory Map of the image

  Image Entry point : 0x08000189

  Load Region LR_IROM1 (Base: 0x08000000, Size: 0x0000b1e4, Max: 0x00100000, ABSOLUTE)

    Execution Region ER_IROM1 (Base: 0x08000000, Size: 0x0000b164, Max: 0x00100000, ABSOLUTE)

    Base Addr    Size         Type   Attr      Idx    E Section Name        Object

    0x08000000   0x00000188   Data   RO          849    RESET               startup_stm32f407xx.o
    0x08000188   0x00000000   Code   RO         2104  * .ARM.Collect$$$$00000000  mc_w.l(entry.o)
    0x08000188   0x00000004   Code   RO         2388    .ARM.Collect$$$$00000001  mc_w.l(entry2.o)
    0x0800018c   0x00000004   Code   RO         2391    .ARM.Collect$$$$00000004  mc_w.l(entry5.o)
    0x08000190   0x00000000   Code   RO         2393    .ARM.Collect$$$$00000008  mc_w.l(entry7b.o)
    0x08000190   0x00000000   Code   RO         2395    .ARM.Collect$$$$0000000A  mc_w.l(entry8b.o)
    0x08000190   0x00000000   Code   RO         2396    .ARM.Collect$$$$0000000D  mc_w.l(entry10a.o)
    0x08000190   0x00000000   Code   RO         2398    .ARM.Collect$$$$0000000F  mc_w.l(entry11a.o)
    0x08000190   0x00000018   Code   RO          424    .ARM.Collect$$$$000000FF  rtx_conf_cm.o
    0x080001a8   0x00000004   Code   RO         2389    .ARM.Collect$$$$00002712  mc_w.l(entry2.o)
    0x080001ac   0x00000198   Code   RO         2091    .emb_text           RTX_CM4.lib(hal_cm4.o)
    0x08000344   0x00000088   Code   RO            4    .text               main.o
    0x080003cc   0x00000180   Code   RO          196    .text               supporting_functions.o
    0x0800054c   0x00000148   Code   RO          211    .text               thread_adc.o
    0x08000694   0x0000032c   Code   RO          243    .text               system_config.o
    0x080009c0   0x00000190   Code   RO          264    .text               kalman_filter.o
    0x08000b50   0x00000124   Code   RO          279    .text               thread_disp.o
    0x08000c74   0x000005a8   Code   RO          311    .text               7seg_display.o
    0x0800121c   0x00000054   Code   RO          335    .text               interrupt_handling.o
    0x08001270   0x0000053c   Code   RO          396    .text               lis3dsh.o
    0x080017ac   0x00000026   Code   RO          425    .text               rtx_conf_cm.o
    0x080017d2   0x00000002   PAD
    0x080017d4   0x000001b0   Code   RO          456    .text               stm32f4xx_hal.o
    0x08001984   0x0000099c   Code   RO          482    .text               stm32f4xx_hal_adc.o
    0x08002320   0x00000720   Code   RO          506    .text               stm32f4xx_hal_adc_ex.o
    0x08002a40   0x00000324   Code   RO          530    .text               stm32f4xx_hal_cortex.o
    0x08002d64   0x00000618   Code   RO          558    .text               stm32f4xx_hal_dma.o
    0x0800337c   0x000003cc   Code   RO          607    .text               stm32f4xx_hal_gpio.o
    0x08003748   0x00000a4c   Code   RO          679    .text               stm32f4xx_hal_rcc.o
    0x08004194   0x00001598   Code   RO          730    .text               stm32f4xx_hal_spi.o
    0x0800572c   0x00002800   Code   RO          754    .text               stm32f4xx_hal_tim.o
    0x08007f2c   0x00000d88   Code   RO          778    .text               stm32f4xx_hal_tim_ex.o
    0x08008cb4   0x00000024   Code   RO          850    .text               startup_stm32f407xx.o
    0x08008cd8   0x00000120   Code   RO          857    .text               system_stm32f4xx.o
    0x08008df8   0x00000062   Code   RO         2107    .text               mc_w.l(uldiv.o)
    0x08008e5a   0x00000024   Code   RO         2109    .text               mc_w.l(memcpya.o)
    0x08008e7e   0x0000014e   Code   RO         2374    .text               mf_w.l(dadd.o)
    0x08008fcc   0x000000e4   Code   RO         2376    .text               mf_w.l(dmul.o)
    0x080090b0   0x000000de   Code   RO         2378    .text               mf_w.l(ddiv.o)
    0x0800918e   0x0000001a   Code   RO         2380    .text               mf_w.l(dfltui.o)
    0x080091a8   0x0000003e   Code   RO         2382    .text               mf_w.l(dfixi.o)
    0x080091e6   0x00000002   PAD
    0x080091e8   0x00000030   Code   RO         2386    .text               mf_w.l(cdcmple.o)
    0x08009218   0x0000002c   Code   RO         2401    .text               mc_w.l(uidiv.o)
    0x08009244   0x0000001e   Code   RO         2403    .text               mc_w.l(llshl.o)
    0x08009262   0x00000020   Code   RO         2405    .text               mc_w.l(llushr.o)
    0x08009282   0x00000024   Code   RO         2407    .text               mc_w.l(llsshr.o)
    0x080092a6   0x00000000   Code   RO         2409    .text               mc_w.l(iusefp.o)
    0x080092a6   0x000000ba   Code   RO         2410    .text               mf_w.l(depilogue.o)
    0x08009360   0x00000030   Code   RO         2412    .text               mf_w.l(dfixul.o)
    0x08009390   0x00000030   Code   RO         2414    .text               mf_w.l(cdrcmple.o)
    0x080093c0   0x00000024   Code   RO         2416    .text               mc_w.l(init.o)
    0x080093e4   0x00000004   Code   RO         2101    SVC_TABLE           RTX_CM4.lib(svc_table.o)
    0x080093e8   0x00000020   Code   RO         2346    i.__0printf         mc_w.l(printfa.o)
    0x08009408   0x0000000e   Code   RO         2420    i.__scatterload_copy  mc_w.l(handlers.o)
    0x08009416   0x00000002   Code   RO         2421    i.__scatterload_null  mc_w.l(handlers.o)
    0x08009418   0x0000000e   Code   RO         2422    i.__scatterload_zeroinit  mc_w.l(handlers.o)
    0x08009426   0x00000002   PAD
    0x08009428   0x00000164   Code   RO         2353    i._fp_digits        mc_w.l(printfa.o)
    0x0800958c   0x00000046   Code   RO         1964    i._init_box         RTX_CM4.lib(rt_membox.o)
    0x080095d2   0x00000002   PAD
    0x080095d4   0x000006dc   Code   RO         2354    i._printf_core      mc_w.l(printfa.o)
    0x08009cb0   0x00000024   Code   RO         2355    i._printf_post_padding  mc_w.l(printfa.o)
    0x08009cd4   0x0000002e   Code   RO         2356    i._printf_pre_padding  mc_w.l(printfa.o)
    0x08009d02   0x00000002   PAD
    0x08009d04   0x00000030   Code   RO         2017    i.dbg_init          RTX_CM4.lib(hal_cm.o)
    0x08009d34   0x00000020   Code   RO         2018    i.dbg_task_notify   RTX_CM4.lib(hal_cm.o)
    0x08009d54   0x00000010   Code   RO         2019    i.dbg_task_switch   RTX_CM4.lib(hal_cm.o)
    0x08009d64   0x0000002a   Code   RO          888    i.isrMessageGet     RTX_CM4.lib(rt_cmsis.o)
    0x08009d8e   0x0000002c   Code   RO          889    i.isrMessagePut     RTX_CM4.lib(rt_cmsis.o)
    0x08009dba   0x00000002   PAD
    0x08009dbc   0x00000052   Code   RO         1843    i.isr_mbx_receive   RTX_CM4.lib(rt_mailbox.o)
    0x08009e0e   0x0000000e   Code   RO         1844    i.isr_mbx_send      RTX_CM4.lib(rt_mailbox.o)
    0x08009e1c   0x00000018   Code   RO          892    i.osDelay           RTX_CM4.lib(rt_cmsis.o)
    0x08009e34   0x00000024   Code   RO          893    i.osKernelInitialize  RTX_CM4.lib(rt_cmsis.o)
    0x08009e58   0x0000006c   Code   RO          895    i.osKernelStart     RTX_CM4.lib(rt_cmsis.o)
    0x08009ec4   0x00000018   Code   RO          904    i.osMessageGet      RTX_CM4.lib(rt_cmsis.o)
    0x08009edc   0x00000030   Code   RO          906    i.osMutexCreate     RTX_CM4.lib(rt_cmsis.o)
    0x08009f0c   0x00000018   Code   RO          908    i.osMutexRelease    RTX_CM4.lib(rt_cmsis.o)
    0x08009f24   0x00000018   Code   RO          909    i.osMutexWait       RTX_CM4.lib(rt_cmsis.o)
    0x08009f3c   0x00000030   Code   RO          921    i.osThreadCreate    RTX_CM4.lib(rt_cmsis.o)
    0x08009f6c   0x00000018   Code   RO          922    i.osThreadExit      RTX_CM4.lib(rt_cmsis.o)
    0x08009f84   0x0000000c   Code   RO          928    i.osTimerCall       RTX_CM4.lib(rt_cmsis.o)
    0x08009f90   0x0000002c   Code   RO          933    i.osTimerThread     RTX_CM4.lib(rt_cmsis.o)
    0x08009fbc   0x00000028   Code   RO         1631    i.os_tick_init      RTX_CM4.lib(rt_system.o)
    0x08009fe4   0x00000002   Code   RO         1632    i.os_tick_irqack    RTX_CM4.lib(rt_system.o)
    0x08009fe6   0x0000001a   Code   RO         1965    i.rt_alloc_box      RTX_CM4.lib(rt_membox.o)
    0x0800a000   0x0000003e   Code   RO         1993    i.rt_alloc_mem      RTX_CM4.lib(rt_memory.o)
    0x0800a03e   0x00000002   PAD
    0x0800a040   0x00000038   Code   RO         1546    i.rt_block          RTX_CM4.lib(rt_task.o)
    0x0800a078   0x00000048   Code   RO         2070    i.rt_chk_robin      RTX_CM4.lib(rt_robin.o)
    0x0800a0c0   0x00000070   Code   RO         1767    i.rt_dec_dly        RTX_CM4.lib(rt_list.o)
    0x0800a130   0x00000044   Code   RO         1547    i.rt_dispatch       RTX_CM4.lib(rt_task.o)
    0x0800a174   0x00000006   Code   RO         1513    i.rt_dly_wait       RTX_CM4.lib(rt_time.o)
    0x0800a17a   0x00000002   PAD
    0x0800a17c   0x00000050   Code   RO         1724    i.rt_evt_psh        RTX_CM4.lib(rt_event.o)
    0x0800a1cc   0x0000002c   Code   RO         1966    i.rt_free_box       RTX_CM4.lib(rt_membox.o)
    0x0800a1f8   0x00000028   Code   RO         1994    i.rt_free_mem       RTX_CM4.lib(rt_memory.o)
    0x0800a220   0x00000028   Code   RO         1768    i.rt_get_first      RTX_CM4.lib(rt_list.o)
    0x0800a248   0x00000008   Code   RO          938    i.rt_id2obj         RTX_CM4.lib(rt_cmsis.o)
    0x0800a250   0x00000048   Code   RO         1548    i.rt_init_context   RTX_CM4.lib(rt_task.o)
    0x0800a298   0x0000001a   Code   RO         1995    i.rt_init_mem       RTX_CM4.lib(rt_memory.o)
    0x0800a2b2   0x00000002   PAD
    0x0800a2b4   0x00000018   Code   RO         2071    i.rt_init_robin     RTX_CM4.lib(rt_robin.o)
    0x0800a2cc   0x00000080   Code   RO         2020    i.rt_init_stack     RTX_CM4.lib(hal_cm.o)
    0x0800a34c   0x00000008   Code   RO         1845    i.rt_mbx_check      RTX_CM4.lib(rt_mailbox.o)
    0x0800a354   0x0000001a   Code   RO         1846    i.rt_mbx_init       RTX_CM4.lib(rt_mailbox.o)
    0x0800a36e   0x00000002   PAD
    0x0800a370   0x000000f0   Code   RO         1847    i.rt_mbx_psh        RTX_CM4.lib(rt_mailbox.o)
    0x0800a460   0x000000b4   Code   RO         1849    i.rt_mbx_wait       RTX_CM4.lib(rt_mailbox.o)
    0x0800a514   0x00000044   Code   RO          939    i.rt_ms2tick        RTX_CM4.lib(rt_cmsis.o)
    0x0800a558   0x00000010   Code   RO         1934    i.rt_mut_init       RTX_CM4.lib(rt_mutex.o)
    0x0800a568   0x000000d8   Code   RO         1935    i.rt_mut_release    RTX_CM4.lib(rt_mutex.o)
    0x0800a640   0x00000068   Code   RO         1936    i.rt_mut_wait       RTX_CM4.lib(rt_mutex.o)
    0x0800a6a8   0x0000007c   Code   RO         1635    i.rt_pop_req        RTX_CM4.lib(rt_system.o)
    0x0800a724   0x00000020   Code   RO         1636    i.rt_psh_req        RTX_CM4.lib(rt_system.o)
    0x0800a744   0x0000005c   Code   RO         1770    i.rt_psq_enq        RTX_CM4.lib(rt_list.o)
    0x0800a7a0   0x00000048   Code   RO         1771    i.rt_put_dly        RTX_CM4.lib(rt_list.o)
    0x0800a7e8   0x00000036   Code   RO         1772    i.rt_put_prio       RTX_CM4.lib(rt_list.o)
    0x0800a81e   0x00000002   PAD
    0x0800a820   0x00000014   Code   RO         1773    i.rt_put_rdy_first  RTX_CM4.lib(rt_list.o)
    0x0800a834   0x00000034   Code   RO         1774    i.rt_resort_prio    RTX_CM4.lib(rt_list.o)
    0x0800a868   0x00000010   Code   RO         2021    i.rt_ret_regs       RTX_CM4.lib(hal_cm.o)
    0x0800a878   0x0000000c   Code   RO         2022    i.rt_ret_val        RTX_CM4.lib(hal_cm.o)
    0x0800a884   0x00000010   Code   RO         2023    i.rt_ret_val2       RTX_CM4.lib(hal_cm.o)
    0x0800a894   0x00000028   Code   RO         1775    i.rt_rmv_dly        RTX_CM4.lib(rt_list.o)
    0x0800a8bc   0x00000030   Code   RO         1776    i.rt_rmv_list       RTX_CM4.lib(rt_list.o)
    0x0800a8ec   0x00000034   Code   RO         1894    i.rt_sem_psh        RTX_CM4.lib(rt_semaphore.o)
    0x0800a920   0x00000024   Code   RO         1638    i.rt_stk_check      RTX_CM4.lib(rt_system.o)
    0x0800a944   0x00000028   Code   RO         1549    i.rt_switch_req     RTX_CM4.lib(rt_task.o)
    0x0800a96c   0x000000cc   Code   RO         1550    i.rt_sys_init       RTX_CM4.lib(rt_task.o)
    0x0800aa38   0x00000078   Code   RO         1551    i.rt_sys_start      RTX_CM4.lib(rt_task.o)
    0x0800aab0   0x00000040   Code   RO         1640    i.rt_systick        RTX_CM4.lib(rt_system.o)
    0x0800aaf0   0x00000012   Code   RO          940    i.rt_tid2ptcb       RTX_CM4.lib(rt_cmsis.o)
    0x0800ab02   0x00000002   PAD
    0x0800ab04   0x00000034   Code   RO          941    i.rt_timer_insert   RTX_CM4.lib(rt_cmsis.o)
    0x0800ab38   0x00000088   Code   RO         1552    i.rt_tsk_create     RTX_CM4.lib(rt_task.o)
    0x0800abc0   0x0000017c   Code   RO         1553    i.rt_tsk_delete     RTX_CM4.lib(rt_task.o)
    0x0800ad3c   0x0000007c   Code   RO         1555    i.rt_tsk_prio       RTX_CM4.lib(rt_task.o)
    0x0800adb8   0x00000010   Code   RO         1556    i.rt_tsk_self       RTX_CM4.lib(rt_task.o)
    0x0800adc8   0x00000012   Code   RO          943    i.svcDelay          RTX_CM4.lib(rt_cmsis.o)
    0x0800adda   0x00000002   PAD
    0x0800addc   0x00000070   Code   RO          944    i.svcKernelInitialize  RTX_CM4.lib(rt_cmsis.o)
    0x0800ae4c   0x00000048   Code   RO          946    i.svcKernelStart    RTX_CM4.lib(rt_cmsis.o)
    0x0800ae94   0x00000024   Code   RO          949    i.svcMessageCreate  RTX_CM4.lib(rt_cmsis.o)
    0x0800aeb8   0x0000003a   Code   RO          950    i.svcMessageGet     RTX_CM4.lib(rt_cmsis.o)
    0x0800aef2   0x0000001c   Code   RO          952    i.svcMutexCreate    RTX_CM4.lib(rt_cmsis.o)
    0x0800af0e   0x00000022   Code   RO          954    i.svcMutexRelease   RTX_CM4.lib(rt_cmsis.o)
    0x0800af30   0x00000036   Code   RO          955    i.svcMutexWait      RTX_CM4.lib(rt_cmsis.o)
    0x0800af66   0x00000002   PAD
    0x0800af68   0x00000070   Code   RO          964    i.svcThreadCreate   RTX_CM4.lib(rt_cmsis.o)
    0x0800afd8   0x0000001c   Code   RO          965    i.svcThreadGetId    RTX_CM4.lib(rt_cmsis.o)
    0x0800aff4   0x00000038   Code   RO          968    i.svcThreadTerminate  RTX_CM4.lib(rt_cmsis.o)
    0x0800b02c   0x00000018   Code   RO          970    i.svcTimerCall      RTX_CM4.lib(rt_cmsis.o)
    0x0800b044   0x0000005c   Code   RO          979    i.sysTimerTick      RTX_CM4.lib(rt_cmsis.o)
    0x0800b0a0   0x00000004   Data   RO            6    .constdata          main.o
    0x0800b0a4   0x00000010   Data   RO          213    .constdata          thread_adc.o
    0x0800b0b4   0x00000010   Data   RO          280    .constdata          thread_disp.o
    0x0800b0c4   0x00000056   Data   RO          427    .constdata          rtx_conf_cm.o
    0x0800b11a   0x00000008   Data   RO          559    .constdata          stm32f4xx_hal_dma.o
    0x0800b122   0x00000010   Data   RO          680    .constdata          stm32f4xx_hal_rcc.o
    0x0800b132   0x00000010   Data   RO          858    .constdata          system_stm32f4xx.o
    0x0800b142   0x00000002   PAD
    0x0800b144   0x00000020   Data   RO         2418    Region$$Table       anon$$obj.o


    Execution Region RW_IRAM1 (Base: 0x20000000, Size: 0x00001fe8, Max: 0x00020000, ABSOLUTE)

    Base Addr    Size         Type   Attr      Idx    E Section Name        Object

    0x20000000   0x00000004   Data   RW            7    .data               main.o
    0x20000004   0x00000004   PAD
    0x20000008   0x00000010   Data   RW          214    .data               thread_adc.o
    0x20000018   0x00000004   Data   RW          281    .data               thread_disp.o
    0x2000001c   0x0000000c   Data   RW          336    .data               interrupt_handling.o
    0x20000028   0x00000004   Data   RW          398    .data               lis3dsh.o
    0x2000002c   0x00000020   Data   RW          428    .data               rtx_conf_cm.o
    0x2000004c   0x00000004   Data   RW          457    .data               stm32f4xx_hal.o
    0x20000050   0x00000004   Data   RW          859    .data               system_stm32f4xx.o
    0x20000054   0x00000008   Data   RW          982    .data               RTX_CM4.lib(rt_cmsis.o)
    0x2000005c   0x00000004   Data   RW         1517    .data               RTX_CM4.lib(rt_time.o)
    0x20000060   0x00000008   Data   RW         1558    .data               RTX_CM4.lib(rt_task.o)
    0x20000068   0x00000008   Data   RW         1643    .data               RTX_CM4.lib(rt_system.o)
    0x20000070   0x00000001   Data   RW         2024    .data               RTX_CM4.lib(hal_cm.o)
    0x20000071   0x00000003   PAD
    0x20000074   0x00000008   Data   RW         2072    .data               RTX_CM4.lib(rt_robin.o)
    0x2000007c   0x00000004   Data   RW         2400    .data               mc_w.l(stdout.o)
    0x20000080   0x00000010   Zero   RW            5    .bss                main.o
    0x20000090   0x0000006c   Zero   RW          212    .bss                thread_adc.o
    0x200000fc   0x0000003c   Zero   RW          367    .bss                thread_mems.o
    0x20000138   0x00000058   Zero   RW          397    .bss                lis3dsh.o
    0x20000190   0x000019f0   Zero   RW          426    .bss                rtx_conf_cm.o
    0x20001b80   0x00000034   Zero   RW         1557    .bss                RTX_CM4.lib(rt_task.o)
    0x20001bb4   0x00000030   Zero   RW         1777    .bss                RTX_CM4.lib(rt_list.o)
    0x20001be4   0x00000004   PAD
    0x20001be8   0x00000400   Zero   RW          847    STACK               startup_stm32f407xx.o


==============================================================================

Image component sizes


      Code (inc. data)   RO Data    RW Data    ZI Data      Debug   Object Name

      1448         28          0          0          0       1543   7seg_display.o
        84         16          0         12          0       1801   interrupt_handling.o
       400         42          0          0          0       1415   kalman_filter.o
      1340        100          0          4         88      12781   lis3dsh.o
       136         18          4          4         16     431643   main.o
        62          6         86         32       6640       7554   rtx_conf_cm.o
        36          8        392          0       1024        916   startup_stm32f407xx.o
       432         26          0          4          0       4990   stm32f4xx_hal.o
      2460         70          0          0          0       7575   stm32f4xx_hal_adc.o
      1824         40          0          0          0       5694   stm32f4xx_hal_adc_ex.o
       804         20          0          0          0      32311   stm32f4xx_hal_cortex.o
      1560         16          8          0          0       5016   stm32f4xx_hal_dma.o
       972         50          0          0          0       3835   stm32f4xx_hal_gpio.o
      2636         66         16          0          0       5742   stm32f4xx_hal_rcc.o
      5528         54          0          0          0      13284   stm32f4xx_hal_spi.o
     10240        152          0          0          0      31026   stm32f4xx_hal_tim.o
      3464         26          0          0          0      11826   stm32f4xx_hal_tim_ex.o
       384        312          0          0          0        644   supporting_functions.o
       812        114          0          0          0       2459   system_config.o
       288         32         16          4          0       1807   system_stm32f4xx.o
       328        112         16         16        108       2278   thread_adc.o
       292         22         16          4          0       2035   thread_disp.o
         0          0          0          0         60        985   thread_mems.o

    ----------------------------------------------------------------------
     35532       1330        588         84       7936     589160   Object Totals
         0          0         32          0          0          0   (incl. Generated)
         2          0          2          4          0          0   (incl. Padding)

    ----------------------------------------------------------------------

      Code (inc. data)   RO Data    RW Data    ZI Data      Debug   Library Member Name

       268         24          0          1          0       4452   hal_cm.o
       408         34          0          0          0        816   hal_cm4.o
      1372        168          0          8          0      39086   rt_cmsis.o
        80          4          0          0          0        701   rt_event.o
       530         34          0          0         48       8597   rt_list.o
       550         10          0          0          0       4185   rt_mailbox.o
       140          0          0          0          0       2045   rt_membox.o
       128          0          0          0          0       2419   rt_memory.o
       336         12          0          0          0       2201   rt_mutex.o
        96         22          0          8          0       1230   rt_robin.o
        52          4          0          0          0        613   rt_semaphore.o
       298         52          0          8          0       6439   rt_system.o
      1216        174          0          8         52      10025   rt_task.o
         6          0          0          4          0        684   rt_time.o
         4          4          0          0          0        200   svc_table.o
         0          0          0          0          0          0   entry.o
         0          0          0          0          0          0   entry10a.o
         0          0          0          0          0          0   entry11a.o
         8          4          0          0          0          0   entry2.o
         4          0          0          0          0          0   entry5.o
         0          0          0          0          0          0   entry7b.o
         0          0          0          0          0          0   entry8b.o
        30          0          0          0          0          0   handlers.o
        36          8          0          0          0         68   init.o
         0          0          0          0          0          0   iusefp.o
        30          0          0          0          0         68   llshl.o
        36          0          0          0          0         68   llsshr.o
        32          0          0          0          0         68   llushr.o
        36          0          0          0          0         68   memcpya.o
      2226         90          0          0          0        444   printfa.o
         0          0          0          4          0          0   stdout.o
        44          0          0          0          0         80   uidiv.o
        98          0          0          0          0         92   uldiv.o
        48          0          0          0          0         68   cdcmple.o
        48          0          0          0          0         68   cdrcmple.o
       334          0          0          0          0        148   dadd.o
       222          0          0          0          0        100   ddiv.o
       186          0          0          0          0        176   depilogue.o
        62          0          0          0          0         80   dfixi.o
        48          0          0          0          0         68   dfixul.o
        26          0          0          0          0         76   dfltui.o
       228          0          0          0          0         96   dmul.o

    ----------------------------------------------------------------------
      9292        644          0         44        104      85529   Library Totals
        26          0          0          3          4          0   (incl. Padding)

    ----------------------------------------------------------------------

      Code (inc. data)   RO Data    RW Data    ZI Data      Debug   Library Name

      5484        542          0         37        100      83693   RTX_CM4.lib
      2580        102          0          4          0        956   mc_w.l
      1202          0          0          0          0        880   mf_w.l

    ----------------------------------------------------------------------
      9292        644          0         44        104      85529   Library Totals

    ----------------------------------------------------------------------

==============================================================================


      Code (inc. data)   RO Data    RW Data    ZI Data      Debug   

     44824       1974        588        128       8040     661005   Grand Totals
     44824       1974        588        128       8040     661005   ELF Image Totals
     44824       1974        588        128          0          0   ROM Totals

==============================================================================

    Total RO  Size (Code + RO Data)                45412 (  44.35kB)
    Total RW  Size (RW Data + ZI Data)              8168 (   7.98kB)
    Total ROM Size (Code + RO Data + RW Data)      45540 (  44.47kB)

==============================================================================

